--------- beginning of main
03-30 13:25:51.078   421  2045 I BufferQueueProducer: [StatusBar](this:0x71af1b8000,id:15,api:1,p:3026,c:421) queueBuffer: fps=2.89 dur=1038.62 max=507.49 min=217.50
03-30 13:25:51.219   421   622 I SurfaceFlinger: Adjust vsync offset: old[8300000] new[0]
03-30 13:25:51.221  1763  1777 I PerfService: PerfServiceNative_getLastBoostPid err:-129
03-30 13:25:51.814   421   421 I DisplayDevice: [Built-in Screen (type:0)] fps:3.250777,dur:1230.48,max:519.16,min:25.28
--------- beginning of system
03-30 13:25:51.882  2520  2869 W ContextImpl: Calling a method in the system process without a qualified user: android.app.ContextImpl.sendBroadcast:900 com.android.server.BatteryService$1.ExecuteThermalCamera:284 com.android.server.BatteryService$1.run:323 android.os.Handler.handleCallback:836 android.os.Handler.dispatchMessage:103 
03-30 13:25:52.221  1763  1777 I PerfService: PerfServiceNative_getLastBoostPid err:-129
03-30 13:25:52.321   421   760 I BufferQueueProducer: [StatusBar](this:0x71af1b8000,id:15,api:1,p:3026,c:421) queueBuffer: fps=3.22 dur=1243.53 max=521.43 min=16.00
03-30 13:25:52.830   410   410 I wmt_launcher: fw log ctrl flag has been set
03-30 13:25:52.830   410   410 I wmt_launcher: fw dynamic ctrl flag has been set
03-30 13:25:52.852   421   421 I DisplayDevice: [Built-in Screen (type:0)] fps:1.927047,dur:1037.86,max:525.44,min:512.42
03-30 13:25:53.222  1763  1777 I PerfService: PerfServiceNative_getLastBoostPid err:-129
03-30 13:25:53.359   421   760 I BufferQueueProducer: [StatusBar](this:0x71af1b8000,id:15,api:1,p:3026,c:421) queueBuffer: fps=1.93 dur=1037.32 max=519.61 min=517.71
03-30 13:25:53.889   421   421 I DisplayDevice: [Built-in Screen (type:0)] fps:1.927529,dur:1037.60,max:522.36,min:515.23
03-30 13:25:54.222  1763  1777 I PerfService: PerfServiceNative_getLastBoostPid err:-129
03-30 13:25:54.379   421   760 I BufferQueueProducer: [StatusBar](this:0x71af1b8000,id:15,api:1,p:3026,c:421) queueBuffer: fps=1.96 dur=1020.88 max=517.48 min=503.40
03-30 13:25:54.832   410   410 I wmt_launcher: fw log ctrl flag has been set
03-30 13:25:54.832   410   410 I wmt_launcher: fw dynamic ctrl flag has been set
03-30 13:25:54.911   421   421 I DisplayDevice: [Built-in Screen (type:0)] fps:1.958634,dur:1021.12,max:518.65,min:502.47
03-30 13:25:55.223  1763  1777 I PerfService: PerfServiceNative_getLastBoostPid err:-129
03-30 13:25:55.418   421   760 I BufferQueueProducer: [StatusBar](this:0x71af1b8000,id:15,api:1,p:3026,c:421) queueBuffer: fps=1.93 dur=1038.67 max=519.45 min=519.22
03-30 13:25:55.437  3729  3729 I WearableService: Wearable Services stopping
03-30 13:25:55.445 27798 27808 I art     : Enter while loop.
03-30 13:25:55.940   421   421 I DisplayDevice: [Built-in Screen (type:0)] fps:1.942927,dur:1029.37,max:518.25,min:511.12
03-30 13:25:56.223  1763  1777 I PerfService: PerfServiceNative_getLastBoostPid err:-129
03-30 13:25:56.455   421   760 I BufferQueueProducer: [StatusBar](this:0x71af1b8000,id:15,api:1,p:3026,c:421) queueBuffer: fps=1.93 dur=1036.91 max=520.48 min=516.43
03-30 13:25:56.835   410   410 I wmt_launcher: fw log ctrl flag has been set
03-30 13:25:56.835   410   410 I wmt_launcher: fw dynamic ctrl flag has been set
03-30 13:25:56.980   421   421 I DisplayDevice: [Built-in Screen (type:0)] fps:1.923768,dur:1039.63,max:528.36,min:511.27
03-30 13:25:57.224  1763  1777 I PerfService: PerfServiceNative_getLastBoostPid err:-129
03-30 13:25:57.491   421   760 I BufferQueueProducer: [StatusBar](this:0x71af1b8000,id:15,api:1,p:3026,c:421) queueBuffer: fps=1.93 dur=1036.37 max=518.26 min=518.11
03-30 13:25:58.019   421   421 I DisplayDevice: [Built-in Screen (type:0)] fps:1.923793,dur:1039.61,max:525.43,min:514.19
03-30 13:25:58.224  1763  1777 I PerfService: PerfServiceNative_getLastBoostPid err:-129
03-30 13:25:58.530   421   760 I BufferQueueProducer: [StatusBar](this:0x71af1b8000,id:15,api:1,p:3026,c:421) queueBuffer: fps=1.92 dur=1039.02 max=520.16 min=518.86
03-30 13:25:58.837   410   410 I wmt_launcher: fw log ctrl flag has been set
03-30 13:25:58.837   410   410 I wmt_launcher: fw dynamic ctrl flag has been set
03-30 13:25:59.059   421   421 I DisplayDevice: [Built-in Screen (type:0)] fps:1.924187,dur:1039.40,max:523.84,min:515.56
03-30 13:25:59.225  1763  1777 I PerfService: PerfServiceNative_getLastBoostPid err:-129
03-30 13:25:59.567   421   760 I BufferQueueProducer: [StatusBar](this:0x71af1b8000,id:15,api:1,p:3026,c:421) queueBuffer: fps=1.93 dur=1037.06 max=518.76 min=518.29
03-30 13:26:00.098   421   421 I DisplayDevice: [Built-in Screen (type:0)] fps:1.924049,dur:1039.47,max:522.35,min:517.13
03-30 13:26:00.225  1763  1777 I PerfService: PerfServiceNative_getLastBoostPid err:-129
03-30 13:26:00.227  2520  3219 W Watchdog: **Get SF Time **1
03-30 13:26:00.227  2520  3219 W Watchdog: SWT Watchdog before synchronized:323463905
03-30 13:26:00.227  2520  3219 W Watchdog: SWT Watchdog after synchronized:323463905
03-30 13:26:00.605   421   626 I BufferQueueProducer: [StatusBar](this:0x71af1b8000,id:15,api:1,p:3026,c:421) queueBuffer: fps=5.78 dur=1037.32 max=520.43 min=11.92
03-30 13:26:00.839   410   410 I wmt_launcher: fw log ctrl flag has been set
03-30 13:26:00.839   410   410 I wmt_launcher: fw dynamic ctrl flag has been set
03-30 13:26:00.930  2520  2874 I PerfService: PerfServiceNative_boostEnableAsync:6
03-30 13:26:00.936   421  2045 I SurfaceFlinger: Adjust vsync offset: old[0] new[8300000]
03-30 13:26:00.938  2520  2911 I libPerfService: 6: set freq: 1183000, -1, 
03-30 13:26:00.940  2520  2911 I libPerfService: 6: set: 3, -1, 
03-30 13:26:00.950   421   760 I BufferQueueProducer: [com.sonymobile.home/com.sonymobile.home.HomeActivity](this:0x71a2663800,id:6381,api:1,p:4017,c:421) queueBuffer: fps=0.19 dur=10515.43 max=10465.45 min=49.98
03-30 13:26:00.955  2520  2874 I PerfService: PerfServiceNative_boostEnableTimeoutMsAsync:6, 100
03-30 13:26:00.957  4017  4017 I Timeline: Timeline: Activity_launch_request id:com.gene.sandbox time:323464634
03-30 13:26:00.958  2520  4252 I ActivityManager: START u0 {act=android.intent.action.MAIN cat=[android.intent.category.LAUNCHER] flg=0x10200000 cmp=com.gene.sandbox/android.app.NativeActivity bnds=[8,812][184,1000]} from uid 10096 on display 0
03-30 13:26:00.981  2520  2911 I libPerfService: 2: set freq: 1638000, 2340000, 
03-30 13:26:00.981  2520  2911 I libPerfService: 2: set: -1, 4, 
03-30 13:26:00.987   421   421 I BufferQueue: [unnamed-421-6382](this:0x71acfa7000,id:6382,api:0,p:-1,c:-1) BufferQueue core=(421:/system/bin/surfaceflinger)
03-30 13:26:00.987   421   421 I BufferQueueConsumer: [unnamed-421-6382](this:0x71acfa7000,id:6382,api:0,p:-1,c:421) connect(C): consumer=(421:/system/bin/surfaceflinger) controlledByApp=false
03-30 13:26:00.987   421   421 I BufferQueueConsumer: [unnamed-421-5930](this:0x71acfa7000,id:6382,api:0,p:-1,c:421) setConsumerName: unnamed-421-5930
03-30 13:26:00.987   421   421 I BufferQueueConsumer: [FastStarting](this:0x71acfa7000,id:6382,api:0,p:-1,c:421) setConsumerName: FastStarting
03-30 13:26:00.987   421   421 I BufferQueueProducer: [](this:0x71acfa7000,id:6382,api:0,p:-1,c:421) setMaxDequeuedBufferCount: maxDequeuedBuffers = 2
03-30 13:26:00.987   421   421 I BufferQueueConsumer: [FastStarting](this:0x71acfa7000,id:6382,api:0,p:-1,c:421) setDefaultBufferSize: width=720 height=1280
03-30 13:26:00.990  2520 27884 I WindowManager: drawIfNeeded
03-30 13:26:00.990   421   626 I BufferQueueProducer: [FastStarting](this:0x71acfa7000,id:6382,api:2,p:2520,c:421) connect(P): api=2 producer=(2520:system_server) producerControlledByApp=false
03-30 13:26:00.991   421  4403 I BufferQueueProducer: [FastStarting](this:0x71acfa7000,id:6382,api:2,p:2520,c:421) new GraphicBuffer needed
03-30 13:26:00.995  2520 27884 I WindowManager: lockCanvas, mToken =AppWindowToken{7cf0238 token=Token{69512aa ActivityRecord{6441195 u0 com.gene.sandbox/android.app.NativeActivity t690}}}
03-30 13:26:01.006  2520 11549 I ActivityManager: Start proc 27885:com.gene.sandbox/u0a253 for activity com.gene.sandbox/android.app.NativeActivity
03-30 13:26:01.012  2520  2583 I ActivityManager: Killing 27353:com.sonyericsson.updatecenter/u0a89 (adj 906): empty #17
03-30 13:26:01.014  2520 27884 I WindowManager: unlockCanvasAndPost
03-30 13:26:01.019 27885 27885 I art     : Late-enabling -Xcheck:jni
03-30 13:26:01.047  2520  2911 I libPerfService: [perfNotifyAppState] foreground:com.gene.sandbox, pid:27885
03-30 13:26:01.047  2520  2911 I libPerfService: [switchSportsMode] enable:0
03-30 13:26:01.048  2520  2911 E libPerfService: write file (/proc/fliperfs/cg_threshold) fail, count: -1
03-30 13:26:01.065   421   760 I BufferQueueProducer: [com.sonymobile.home/com.sonymobile.home.HomeActivity](this:0x71a2663800,id:6381,api:1,p:-1,c:421) disconnect(P): api 1
03-30 13:26:01.065   421   760 I BufferQueueConsumer: [com.sonymobile.home/com.sonymobile.home.HomeActivity](this:0x71a2663800,id:6381,api:1,p:-1,c:421) getReleasedBuffers: returning mask 0xffffffffffffffff
03-30 13:26:01.068   421   622 I BufferQueueProducer: [com.sonymobile.home/com.sonymobile.home.HomeActivity](this:0x71a2663800,id:6381,api:1,p:-1,c:421) disconnect(P): api 1
03-30 13:26:01.074 27885 27885 W System  : ClassLoader referenced unknown path: 
03-30 13:26:01.089 27885 27885 I art     : Starting a blocking GC HeapTrim
03-30 13:26:01.106 27885 27896 I art     : Enter while loop.
03-30 13:26:01.112   421   421 I DisplayDevice: [Built-in Screen (type:0)] fps:13.804057,dur:1014.19,max:368.02,min:14.76
03-30 13:26:01.135   421   760 I SurfaceFlinger: EventThread Client Pid (27885) created
03-30 13:26:01.136   421   626 I SurfaceFlinger: EventThread Client Pid (27885) created
03-30 13:26:01.141   421   760 I SurfaceFlinger: [SF client] NEW(0x71aceb0e40) for (2520:system_server)
03-30 13:26:01.149   421   421 I BufferQueue: [unnamed-421-6383](this:0x71acfb5000,id:6383,api:0,p:-1,c:-1) BufferQueue core=(421:/system/bin/surfaceflinger)
03-30 13:26:01.149   421   421 I BufferQueueConsumer: [unnamed-421-6383](this:0x71acfb5000,id:6383,api:0,p:-1,c:421) connect(C): consumer=(421:/system/bin/surfaceflinger) controlledByApp=false
03-30 13:26:01.149   421   421 I BufferQueueConsumer: [unnamed-421-5931](this:0x71acfb5000,id:6383,api:0,p:-1,c:421) setConsumerName: unnamed-421-5931
03-30 13:26:01.149   421   421 I BufferQueueConsumer: [com.gene.sandbox/android.app.NativeActivity](this:0x71acfb5000,id:6383,api:0,p:-1,c:421) setConsumerName: com.gene.sandbox/android.app.NativeActivity
03-30 13:26:01.149   421   421 I BufferQueueProducer: [](this:0x71acfb5000,id:6383,api:0,p:-1,c:421) setMaxDequeuedBufferCount: maxDequeuedBuffers = 2
03-30 13:26:01.149   421   421 I BufferQueueConsumer: [com.gene.sandbox/android.app.NativeActivity](this:0x71acfb5000,id:6383,api:0,p:-1,c:421) setDefaultBufferSize: width=720 height=1184
03-30 13:26:01.161 27885 27885 I Timeline: Timeline: Activity_idle id: android.os.BinderProxy@bf31f59 time:323464839
03-30 13:26:01.173  2520  2608 I ActivityManager: Displayed com.gene.sandbox/android.app.NativeActivity: +179ms
03-30 13:26:01.174   421   626 I BufferQueueProducer: [NavigationBar](this:0x71a265f000,id:6349,api:1,p:3026,c:421) queueBuffer: fps=2.62 dur=13720.57 max=13114.38 min=3.90
03-30 13:26:01.204   421   760 I BufferQueueProducer: [com.gene.sandbox/android.app.NativeActivity](this:0x71acfb5000,id:6383,api:1,p:27885,c:421) connect(P): api=1 producer=(27885:com.gene.sandbox) producerControlledByApp=true
03-30 13:26:01.205 27885 27899 W libEGL  : [ANDROID_RECORDABLE] format: 2
03-30 13:26:01.211   421  2045 I BufferQueueProducer: [com.gene.sandbox/android.app.NativeActivity](this:0x71acfb5000,id:6383,api:1,p:27885,c:421) new GraphicBuffer needed
03-30 13:26:01.220 27885 27899 W Gene    : GL Error: 0 Unknown
--------- beginning of crash
03-30 13:26:01.221 27885 27899 F libc    : I:\Dev\Gene\Gene\Engine\Private\Graphics\Renderer2D.cc:292: void Gene::Graphics::Renderer2D::Begin(): assertion "m_Buffer" failed
03-30 13:26:01.221 27885 27899 F libc    : Fatal signal 6 (SIGABRT), code -6 in tid 27899 (om.gene.sandbox)
03-30 13:26:01.224 27915 27915 I AEE_AED : handle_request(13)
03-30 13:26:01.224 27915 27915 I AEE_AED : check process 27885 name:om.gene.sandbox
03-30 13:26:01.224 27915 27915 I AEE_AED : tid 27899 abort msg address:0x000000768a8b5000 si_code:-6 (request from 27885:10253)
03-30 13:26:01.225 27915 27915 W AEE_AED : debuggerd: handling request: pid=27885 uid=10253 gid=10253 tid=27899
03-30 13:26:01.225  1763  1777 I PerfService: PerfServiceNative_getLastBoostPid err:-129
03-30 13:26:01.226 27915 27915 I AEE_AED : [preset_info] pid: 27885, tid: 27899, name: om.gene.sandbox  >>> com.gene.sandbox <<<
03-30 13:26:01.238  2520  2608 I Timeline: Timeline: Activity_windows_visible id: ActivityRecord{6441195 u0 com.gene.sandbox/android.app.NativeActivity t690} time:323464916
03-30 13:26:01.239  2520  2911 I libPerfService: 2: set: 3, -1, 
03-30 13:26:01.239  2520  2911 I libPerfService: 2: set freq: 1183000, -1, 
03-30 13:26:01.248   421   662 I hwcomposer: [OVL] (0) Overlay input(0) was used with queue previously  
03-30 13:26:01.248  2520  3274 I WindowManager: Destroying surface Surface(name=com.sonymobile.home/com.sonymobile.home.HomeActivity) called by com.android.server.wm.WindowStateAnimator.destroySurface:2179 com.android.server.wm.WindowStateAnimator.destroySurfaceLocked:952 com.android.server.wm.WindowState.destroyOrSaveSurface:2115 com.android.server.wm.AppWindowToken.destroySurfaces:363 com.android.server.wm.AppWindowToken.notifyAppStopped:389 com.android.server.wm.WindowManagerService.notifyAppStopped:4717 com.android.server.am.ActivityStack.activityStoppedLocked:1339 com.android.server.am.ActivityManagerService.activityStopped:7483 
03-30 13:26:01.248   421   662 I hwcomposer: [DBQ] (q2:0x71acebab00) Buffer queue is destroyed  
03-30 13:26:01.248   421   662 I hwcomposer: [DBQ] (q2:0x71acebab00) Free Slot(0), handle=0x71a2667640, 3686400 -> 0  
03-30 13:26:01.261   421   421 I BufferQueueConsumer: [com.sonymobile.home/com.sonymobile.home.HomeActivity](this:0x71a2663800,id:6381,api:1,p:-1,c:-1) disconnect(C)
03-30 13:26:01.261   421   421 I BufferQueue: [com.sonymobile.home/com.sonymobile.home.HomeActivity](this:0x71a2663800,id:6381,api:1,p:-1,c:-1) ~BufferQueueCore
03-30 13:26:01.278  2520  2608 I WindowManager: Destroying surface Surface(name=FastStarting) called by com.android.server.wm.WindowStateAnimator.destroySurface:2179 com.android.server.wm.WindowStateAnimator.destroySurfaceLocked:952 com.android.server.wm.WindowState.destroyOrSaveSurface:2115 com.android.server.wm.AppWindowToken.destroySurfaces:363 com.android.server.wm.WindowStateAnimator.finishExit:590 com.android.server.wm.WindowStateAnimator.stepAnimationLocked:516 com.android.server.wm.WindowAnimator.updateWindowsLocked:317 com.android.server.wm.WindowAnimator.animateLocked:718 
03-30 13:26:01.279   421   626 I BufferQueueProducer: [FastStarting](this:0x71acfa7000,id:6382,api:2,p:-1,c:421) disconnect(P): api 2
03-30 13:26:01.279   421   626 I BufferQueueConsumer: [FastStarting](this:0x71acfa7000,id:6382,api:2,p:-1,c:421) getReleasedBuffers: returning mask 0xffffffffffffffff
03-30 13:26:01.294 27915 27915 I AEE_AED : *** *** *** *** *** *** *** *** *** *** *** *** *** *** *** ***
03-30 13:26:01.294   421   421 I BufferQueueConsumer: [FastStarting](this:0x71acfa7000,id:6382,api:2,p:-1,c:-1) disconnect(C)
03-30 13:26:01.294 27915 27915 I AEE_AED : Build fingerprint: 'Sony/G3121/G3121:7.0/40.0.A.6.189/2558346386:user/release-keys'
03-30 13:26:01.294 27915 27915 I AEE_AED : Revision: '0'
03-30 13:26:01.295 27915 27915 I AEE_AED : ABI: 'arm64'
03-30 13:26:01.295   421   421 I BufferQueue: [FastStarting](this:0x71acfa7000,id:6382,api:2,p:-1,c:-1) ~BufferQueueCore
03-30 13:26:01.295 27915 27915 I AEE_AED : pid: 27885, tid: 27899, name: om.gene.sandbox  >>> com.gene.sandbox <<<
03-30 13:26:01.295 27915 27915 I AEE_AED : signal 6 (SIGABRT), code -6 (SI_TKILL), fault addr --------
03-30 13:26:01.297 27915 27915 I AEE_AED : Abort message: 'I:\Dev\Gene\Gene\Engine\Private\Graphics\Renderer2D.cc:292: void Gene::Graphics::Renderer2D::Begin(): assertion "m_Buffer" failed'
03-30 13:26:01.297 27915 27915 I AEE_AED :     x0   0000000000000000  x1   0000000000006cfb  x2   0000000000000006  x3   0000000000000008
03-30 13:26:01.297 27915 27915 I AEE_AED :     x4   0000000000f30000  x5   0000000000000000  x6   0080808000808080  x7   0000000000000010
03-30 13:26:01.297 27915 27915 I AEE_AED :     x8   0000000000000083  x9   ffffffffffffffdf  x10  0000000000000000  x11  0000000000000001
03-30 13:26:01.297 27915 27915 I AEE_AED :     x12  0000000000000008  x13  0000000000000000  x14  0000000000000000  x15  000d30aee48a2392
03-30 13:26:01.297 27915 27915 I AEE_AED :     x16  000000768f0a0ed0  x17  000000768f04971c  x18  0000000000000000  x19  00000076720724f8
03-30 13:26:01.297 27915 27915 I AEE_AED :     x20  0000000000000006  x21  0000007672072450  x22  0000000000000002  x23  dfe5b153d1f17ccf
03-30 13:26:01.297 27915 27915 I AEE_AED :     x24  00000076720724d0  x25  00000000000fd000  x26  dfe5b153d1f17ccf  x27  0000007672109360
03-30 13:26:01.297 27915 27915 I AEE_AED :     x28  000000768b8f33c0  x29  0000007672072040  x30  000000768f046b48
03-30 13:26:01.297 27915 27915 I AEE_AED :     sp   0000007672072020  pc   000000768f049724  pstate 0000000060000000
03-30 13:26:01.304 27915 27915 I AEE_AED : 
03-30 13:26:01.304 27915 27915 I AEE_AED : backtrace:
03-30 13:26:01.304 27915 27915 I AEE_AED :     #00 pc 000000000006d724  /system/lib64/libc.so (tgkill+8)
03-30 13:26:01.304 27915 27915 I AEE_AED :     #01 pc 000000000006ab44  /system/lib64/libc.so (pthread_kill+64)
03-30 13:26:01.304 27915 27915 I AEE_AED :     #02 pc 0000000000024118  /system/lib64/libc.so (raise+24)
03-30 13:26:01.304 27915 27915 I AEE_AED :     #03 pc 000000000001c9bc  /system/lib64/libc.so (abort+52)
03-30 13:26:01.304 27915 27915 I AEE_AED :     #04 pc 00000000000210c8  /system/lib64/libc.so (__libc_fatal+104)
03-30 13:26:01.304 27915 27915 I AEE_AED :     #05 pc 000000000001cdd4  /system/lib64/libc.so (__assert2+48)
03-30 13:26:01.304 27915 27915 I AEE_AED :     #06 pc 000000000005e8bc  /data/app/com.gene.sandbox-2/lib/arm64/libGene.Sandbox.so (_ZN4Gene8Graphics10Renderer2D5BeginEv+300)
03-30 13:26:01.304 27915 27915 I AEE_AED :     #07 pc 0000000000055d34  /data/app/com.gene.sandbox-2/lib/arm64/libGene.Sandbox.so (_Z8GeneMainiPPc+284)
03-30 13:26:01.304 27915 27915 I AEE_AED :     #08 pc 00000000000679c4  /data/app/com.gene.sandbox-2/lib/arm64/libGene.Sandbox.so (android_main+36)
03-30 13:26:01.304 27915 27915 I AEE_AED :     #09 pc 0000000000096468  /data/app/com.gene.sandbox-2/lib/arm64/libGene.Sandbox.so (android_app_entry+264)
03-30 13:26:01.304 27915 27915 I AEE_AED :     #10 pc 000000000006a32c  /system/lib64/libc.so (_ZL15__pthread_startPv+208)
03-30 13:26:01.304 27915 27915 I AEE_AED :     #11 pc 000000000001dc28  /system/lib64/libc.so (__start_thread+16)
03-30 13:26:01.649   421  2045 I BufferQueueProducer: [StatusBar](this:0x71af1b8000,id:15,api:1,p:3026,c:421) queueBuffer: fps=20.10 dur=1044.68 max=511.41 min=9.63
03-30 13:26:01.952  2520  2911 I libPerfService: 7: set: -1, -1, 
03-30 13:26:01.952  2520  2911 I libPerfService: 7: set freq: -1, -1, 
03-30 13:26:02.023 27915 27915 I AEE_AED : request.action: 0
03-30 13:26:02.028  2520 27916 W ActivityManager:   Force finishing activity com.gene.sandbox/android.app.NativeActivity
03-30 13:26:02.042  2520 27918 W AES     : Exception Log handling...
03-30 13:26:02.044  2520 27918 W AES     : native_crash should be processed by aee already
03-30 13:26:02.046  2520  2911 I libPerfService: 2: set freq: 1638000, 2340000, 
03-30 13:26:02.047  2520  2911 I libPerfService: 2: set: -1, 4, 
03-30 13:26:02.051   419   419 E lowmemorykiller: Error writing /proc/27885/oom_score_adj; errno=22
03-30 13:26:02.087   421   421 I BufferQueue: [unnamed-421-6384](this:0x71ace2d800,id:6384,api:0,p:-1,c:-1) BufferQueue core=(421:/system/bin/surfaceflinger)
03-30 13:26:02.087   421   421 I BufferQueueConsumer: [unnamed-421-6384](this:0x71ace2d800,id:6384,api:0,p:-1,c:421) connect(C): consumer=(421:/system/bin/surfaceflinger) controlledByApp=false
03-30 13:26:02.088   421   421 I BufferQueueConsumer: [unnamed-421-5932](this:0x71ace2d800,id:6384,api:0,p:-1,c:421) setConsumerName: unnamed-421-5932
03-30 13:26:02.088   421   421 I BufferQueueConsumer: [Application Error: com.gene.sandbox](this:0x71ace2d800,id:6384,api:0,p:-1,c:421) setConsumerName: Application Error: com.gene.sandbox
03-30 13:26:02.088   421   421 I BufferQueueProducer: [](this:0x71ace2d800,id:6384,api:0,p:-1,c:421) setMaxDequeuedBufferCount: maxDequeuedBuffers = 2
03-30 13:26:02.088   421   421 I BufferQueueConsumer: [Application Error: com.gene.sandbox](this:0x71ace2d800,id:6384,api:0,p:-1,c:421) setDefaultBufferSize: width=129 height=129
03-30 13:26:02.092  2520  2873 W InputDispatcher: channel '793374e com.gene.sandbox/android.app.NativeActivity (server)' ~ Consumer closed input channel or an error occurred.  events=0x9
03-30 13:26:02.092  2520  2873 E InputDispatcher: channel '793374e com.gene.sandbox/android.app.NativeActivity (server)' ~ Channel is unrecoverably broken and will be disposed!
03-30 13:26:02.092  2520 11118 I ActivityManager: Process com.gene.sandbox (pid 27885) has died
03-30 13:26:02.093   421  4403 I BufferQueueProducer: [com.gene.sandbox/android.app.NativeActivity](this:0x71acfb5000,id:6383,api:1,p:-1,c:421) disconnect(P): api 1
03-30 13:26:02.093   421  2045 I SurfaceFlinger: EventThread Client Pid (27885) disconnected by (421)
03-30 13:26:02.093   421  2045 I SurfaceFlinger: EventThread Client Pid (27885) disconnected by (421)
03-30 13:26:02.094   421  4403 I BufferQueueConsumer: [com.gene.sandbox/android.app.NativeActivity](this:0x71acfb5000,id:6383,api:1,p:-1,c:421) getReleasedBuffers: returning mask 0xffffffffffffffff
03-30 13:26:02.097   421   421 I BufferQueueConsumer: [Application Error: com.gene.sandbox](this:0x71ace2d800,id:6384,api:0,p:-1,c:421) setDefaultBufferSize: width=812 height=419
03-30 13:26:02.100  2520  4710 I OpenGLRenderer: Initialized EGL, version 1.4
03-30 13:26:02.098  4710  4710 W RenderThread: type=1400 audit(0.0:9486): avc: denied { read } for name="ged" dev="proc" ino=4026532507 scontext=u:r:system_server:s0 tcontext=u:object_r:proc_ged:s0 tclass=file permissive=0
03-30 13:26:02.102  2520  4710 E GED     : failed to open /proc/ged
03-30 13:26:02.102  2520  4710 E GED     : Failed to open ged device
03-30 13:26:02.103  2520  4710 I OpenGLRenderer: Already had program atlas...
03-30 13:26:02.105   421   626 I BufferQueueProducer: [Application Error: com.gene.sandbox](this:0x71ace2d800,id:6384,api:1,p:2520,c:421) connect(P): api=1 producer=(2520:system_server) producerControlledByApp=false
03-30 13:26:02.105  2520 20339 I WindowManager: WIN DEATH: Window{793374e u0 com.gene.sandbox/android.app.NativeActivity}
03-30 13:26:02.105  2520  4710 W libEGL  : [ANDROID_RECORDABLE] format: 1
03-30 13:26:02.105  2520 20339 W InputDispatcher: Attempted to unregister already unregistered input channel '793374e com.gene.sandbox/android.app.NativeActivity (server)'
03-30 13:26:02.106  2520 20339 I WindowManager: Destroying surface Surface(name=com.gene.sandbox/android.app.NativeActivity) called by com.android.server.wm.WindowStateAnimator.destroySurface:2179 com.android.server.wm.WindowStateAnimator.destroySurfaceLocked:952 com.android.server.wm.WindowState.removeLocked:1464 com.android.server.wm.WindowManagerService.removeWindowInnerLocked:2660 com.android.server.wm.WindowManagerService.removeWindowLocked:2610 com.android.server.wm.WindowState$DeathRecipient.binderDied:1802 android.os.BinderProxy.sendDeathNotice:695 <bottom of call stack> 
03-30 13:26:02.107   421   622 I SurfaceFlinger: [SF client] DEL(0x71aceb0e40) for (2520:system_server)
03-30 13:26:02.110  2520  2911 I libPerfService: [perfNotifyAppState] foreground:com.sonymobile.home, pid:4017
03-30 13:26:02.110  2520  2911 I libPerfService: [switchSportsMode] enable:0
03-30 13:26:02.111  2520  2911 E libPerfService: write file (/proc/fliperfs/cg_threshold) fail, count: -1
03-30 13:26:02.115   421   421 I BufferQueueConsumer: [com.gene.sandbox/android.app.NativeActivity](this:0x71acfb5000,id:6383,api:1,p:-1,c:-1) disconnect(C)
03-30 13:26:02.115   421   421 I BufferQueue: [com.gene.sandbox/android.app.NativeActivity](this:0x71acfb5000,id:6383,api:1,p:-1,c:-1) ~BufferQueueCore
03-30 13:26:02.115   421   421 I DisplayDevice: [Built-in Screen (type:0)] fps:30.903259,dur:1003.13,max:335.78,min:8.35
03-30 13:26:02.123   421   626 I BufferQueueProducer: [Application Error: com.gene.sandbox](this:0x71ace2d800,id:6384,api:1,p:2520,c:421) new GraphicBuffer needed
03-30 13:26:02.132   421  2045 I BufferQueueProducer: [Application Error: com.gene.sandbox](this:0x71ace2d800,id:6384,api:1,p:2520,c:421) new GraphicBuffer needed
03-30 13:26:02.133   421   421 I BufferQueue: [unnamed-421-6385](this:0x71acfa8800,id:6385,api:0,p:-1,c:-1) BufferQueue core=(421:/system/bin/surfaceflinger)
03-30 13:26:02.133   421   421 I BufferQueueConsumer: [unnamed-421-6385](this:0x71acfa8800,id:6385,api:0,p:-1,c:421) connect(C): consumer=(421:/system/bin/surfaceflinger) controlledByApp=false
03-30 13:26:02.133   421   421 I BufferQueueConsumer: [unnamed-421-5933](this:0x71acfa8800,id:6385,api:0,p:-1,c:421) setConsumerName: unnamed-421-5933
03-30 13:26:02.133   421   421 I BufferQueueConsumer: [com.sonymobile.home/com.sonymobile.home.HomeActivity](this:0x71acfa8800,id:6385,api:0,p:-1,c:421) setConsumerName: com.sonymobile.home/com.sonymobile.home.HomeActivity
03-30 13:26:02.133   421   421 I BufferQueueProducer: [](this:0x71acfa8800,id:6385,api:0,p:-1,c:421) setMaxDequeuedBufferCount: maxDequeuedBuffers = 2
03-30 13:26:02.133   421   421 I BufferQueueConsumer: [com.sonymobile.home/com.sonymobile.home.HomeActivity](this:0x71acfa8800,id:6385,api:0,p:-1,c:421) setDefaultBufferSize: width=720 height=1280
03-30 13:26:02.137   421   622 I BufferQueueProducer: [com.sonymobile.home/com.sonymobile.home.HomeActivity](this:0x71acfa8800,id:6385,api:1,p:4017,c:421) connect(P): api=1 producer=(4017:com.sonymobile.home) producerControlledByApp=true
03-30 13:26:02.137  4017  4151 W libEGL  : [ANDROID_RECORDABLE] format: 1
03-30 13:26:02.140   421   622 I BufferQueueProducer: [Application Error: com.gene.sandbox](this:0x71ace2d800,id:6384,api:1,p:2520,c:421) new GraphicBuffer needed
03-30 13:26:02.156   421  2045 I BufferQueueProducer: [com.sonymobile.home/com.sonymobile.home.HomeActivity](this:0x71acfa8800,id:6385,api:1,p:4017,c:421) new GraphicBuffer needed
03-30 13:26:02.162   421   622 I BufferQueueProducer: [com.sonymobile.home/com.sonymobile.home.HomeActivity](this:0x71acfa8800,id:6385,api:1,p:4017,c:421) new GraphicBuffer needed
03-30 13:26:02.182  4017  4017 I Timeline: Timeline: Activity_idle id: android.os.BinderProxy@f5a13ce time:323465859
03-30 13:26:02.220   421   760 I BufferQueueProducer: [NavigationBar](this:0x71a265f000,id:6349,api:1,p:3026,c:421) queueBuffer: fps=15.29 dur=1046.57 max=718.86 min=6.28
03-30 13:26:02.226  1763  1777 I PerfService: PerfServiceNative_getLastBoostPid err:-129
03-30 13:26:02.233   421   662 W hwcomposer: [OVL] (0) No overlay input queue(0)  
03-30 13:26:02.233   421   662 I hwcomposer: [DBQ] (q2:0x71acebab00) Buffer queue is created with size(3)  
03-30 13:26:02.234   421   662 I hwcomposer: [DBQ] (q2:0x71acebab00) setConsumerListener  
03-30 13:26:02.234   421   662 I hwcomposer: [DBQ] (q2:0x71acebab00) Reallocate Slot(0), pool(0 -> 0) size(0 -> 3686400)  
03-30 13:26:02.235   421   662 W GraphicBufferExtra_hal: query(0x66) failed -5
03-30 13:26:02.235   421   662 W hwcomposer: [NOD] Not support color range(0), use default BT601  
03-30 13:26:02.367  2520  2608 I Timeline: Timeline: Activity_windows_visible id: ActivityRecord{2c93ca8 u0 com.sonymobile.home/.HomeActivity t526} time:323466044
03-30 13:26:02.367  2520  2911 I libPerfService: 2: set: -1, -1, 
03-30 13:26:02.367  2520  2911 I libPerfService: 2: set freq: -1, -1, 
03-30 13:26:02.657   421   626 I BufferQueueProducer: [StatusBar](this:0x71af1b8000,id:15,api:1,p:3026,c:421) queueBuffer: fps=21.84 dur=1007.22 max=449.38 min=3.01
03-30 13:26:02.771  2520  2874 I PerfService: PerfServiceNative_boostEnableAsync:6
03-30 13:26:02.772  2520  2911 I libPerfService: 6: set freq: 1183000, -1, 
03-30 13:26:02.774  2520  2911 I libPerfService: 6: set: 3, -1, 
03-30 13:26:02.840   410   410 I wmt_launcher: fw log ctrl flag has been set
03-30 13:26:02.840   410   410 I wmt_launcher: fw dynamic ctrl flag has been set
03-30 13:26:02.856  2520  2874 I PerfService: PerfServiceNative_boostEnableTimeoutMsAsync:6, 100
03-30 13:26:02.859  2520 27916 W ActivityManager: Ignoring remove of inactive process: ProcessRecord{e9d360c 0:com.gene.sandbox/u0a253}
03-30 13:26:02.862   421  4403 I BufferQueueProducer: [Application Error: com.gene.sandbox](this:0x71ace2d800,id:6384,api:1,p:-1,c:421) disconnect(P): api 1
03-30 13:26:02.862   421  4403 I BufferQueueConsumer: [Application Error: com.gene.sandbox](this:0x71ace2d800,id:6384,api:1,p:-1,c:421) getReleasedBuffers: returning mask 0xfffffffffffffffe
03-30 13:26:02.864   421   626 I BufferQueueProducer: [Application Error: com.gene.sandbox](this:0x71ace2d800,id:6384,api:1,p:-1,c:421) disconnect(P): api 1
03-30 13:26:02.894  2950  2950 E FullInputEventModel: onStartInput event aborted: com.touchtype.keyboard.h.q: could not obtain extracted text (class com.touchtype.keyboard.h.q)
03-30 13:26:03.071  2520  2608 I WindowManager: Destroying surface Surface(name=Application Error: com.gene.sandbox) called by com.android.server.wm.WindowStateAnimator.destroySurface:2179 com.android.server.wm.WindowStateAnimator.destroySurfaceLocked:952 com.android.server.wm.WindowState.destroyOrSaveSurface:2115 com.android.server.wm.WindowSurfacePlacer.performSurfacePlacementInner:464 com.android.server.wm.WindowSurfacePlacer.performSurfacePlacementLoop:243 com.android.server.wm.WindowSurfacePlacer.performSurfacePlacement:191 com.android.server.wm.WindowManagerService$H.handleMessage:8549 android.os.Handler.dispatchMessage:110 
03-30 13:26:03.072  2520  2608 W AppOps  : Finishing op nesting under-run: uid 1000 pkg android code 24 time=0 duration=0 nesting=0
03-30 13:26:03.085   421   421 I BufferQueueConsumer: [Application Error: com.gene.sandbox](this:0x71ace2d800,id:6384,api:1,p:-1,c:-1) disconnect(C)
03-30 13:26:03.086   421   421 I BufferQueue: [Application Error: com.gene.sandbox](this:0x71ace2d800,id:6384,api:1,p:-1,c:-1) ~BufferQueueCore
03-30 13:26:03.106  2520  2911 I libPerfService: 7: set: -1, -1, 
03-30 13:26:03.106  2520  2911 I libPerfService: 7: set freq: -1, -1, 
03-30 13:26:03.120   421   421 I DisplayDevice: [Built-in Screen (type:0)] fps:44.788280,dur:1004.73,max:150.20,min:12.89
03-30 13:26:03.226  1763  1777 I PerfService: PerfServiceNative_getLastBoostPid err:-129
03-30 13:26:03.457  2520  2874 I PerfService: PerfServiceNative_boostEnableAsync:6
03-30 13:26:03.460  2520  2911 I libPerfService: 6: set freq: 1183000, -1, 
03-30 13:26:03.462  2520  2911 I libPerfService: 6: set: 3, -1, 
03-30 13:26:03.489   421   626 I BufferQueueProducer: [NavigationBar](this:0x71a265f000,id:6349,api:1,p:3026,c:421) queueBuffer: fps=9.46 dur=1268.93 max=1056.58 min=10.96
03-30 13:26:03.531  2520  2874 I PerfService: PerfServiceNative_boostEnableTimeoutMsAsync:6, 100
03-30 13:26:03.544  2520  3362 I ActivityManager: START u0 {flg=0x10804000 cmp=com.android.systemui/.recents.RecentsActivity} from uid 10085 on display 0
03-30 13:26:03.551  2520  2911 I libPerfService: 2: set freq: 1638000, 2340000, 
03-30 13:26:03.552  2520  2911 I libPerfService: 2: set: -1, 4, 
03-30 13:26:03.552  2520  2911 I libPerfService: [perfNotifyAppState] foreground:com.android.systemui, pid:3026
03-30 13:26:03.552  2520  2911 I libPerfService: [switchSportsMode] enable:0
03-30 13:26:03.557  2520  2911 E libPerfService: write file (/proc/fliperfs/cg_threshold) fail, count: -1
03-30 13:26:03.560   421   626 I BufferQueueProducer: [com.sonymobile.home/com.sonymobile.home.HomeActivity](this:0x71acfa8800,id:6385,api:1,p:4017,c:421) queueBuffer: fps=0.72 dur=1398.02 max=1398.02 min=1398.02
03-30 13:26:03.561   421  4403 I BufferQueueProducer: [com.sonymobile.home/com.sonymobile.home.HomeActivity](this:0x71acfa8800,id:6385,api:1,p:4017,c:421) new GraphicBuffer needed
03-30 13:26:03.575   421   626 I BufferQueueProducer: [com.sonymobile.home/com.sonymobile.home.HomeActivity](this:0x71acfa8800,id:6385,api:1,p:-1,c:421) disconnect(P): api 1
03-30 13:26:03.575   421   626 I BufferQueueConsumer: [com.sonymobile.home/com.sonymobile.home.HomeActivity](this:0x71acfa8800,id:6385,api:1,p:-1,c:421) getReleasedBuffers: returning mask 0xffffffffffffffff
03-30 13:26:03.581   421  2045 I BufferQueueProducer: [com.sonymobile.home/com.sonymobile.home.HomeActivity](this:0x71acfa8800,id:6385,api:1,p:-1,c:421) disconnect(P): api 1
03-30 13:26:03.590   421   421 I BufferQueue: [unnamed-421-6386](this:0x71a2645800,id:6386,api:0,p:-1,c:-1) BufferQueue core=(421:/system/bin/surfaceflinger)
03-30 13:26:03.590   421   421 I BufferQueueConsumer: [unnamed-421-6386](this:0x71a2645800,id:6386,api:0,p:-1,c:421) connect(C): consumer=(421:/system/bin/surfaceflinger) controlledByApp=false
03-30 13:26:03.590   421   421 I BufferQueueConsumer: [unnamed-421-5934](this:0x71a2645800,id:6386,api:0,p:-1,c:421) setConsumerName: unnamed-421-5934
03-30 13:26:03.590   421   421 I BufferQueueConsumer: [com.android.systemui/com.android.systemui.recents.RecentsActivity](this:0x71a2645800,id:6386,api:0,p:-1,c:421) setConsumerName: com.android.systemui/com.android.systemui.recents.RecentsActivity
03-30 13:26:03.590   421   421 I BufferQueueProducer: [](this:0x71a2645800,id:6386,api:0,p:-1,c:421) setMaxDequeuedBufferCount: maxDequeuedBuffers = 2
03-30 13:26:03.590   421   421 I BufferQueueConsumer: [com.android.systemui/com.android.systemui.recents.RecentsActivity](this:0x71a2645800,id:6386,api:0,p:-1,c:421) setDefaultBufferSize: width=720 height=1280
03-30 13:26:03.596   421   626 I BufferQueueProducer: [com.android.systemui/com.android.systemui.recents.RecentsActivity](this:0x71a2645800,id:6386,api:1,p:3026,c:421) connect(P): api=1 producer=(3026:com.android.systemui) producerControlledByApp=true
03-30 13:26:03.596  3026  3140 W libEGL  : [ANDROID_RECORDABLE] format: 1
03-30 13:26:03.606   421   760 I BufferQueueProducer: [com.android.systemui/com.android.systemui.recents.RecentsActivity](this:0x71a2645800,id:6386,api:1,p:3026,c:421) new GraphicBuffer needed
03-30 13:26:03.613   421   760 I BufferQueueProducer: [com.android.systemui/com.android.systemui.recents.RecentsActivity](this:0x71a2645800,id:6386,api:1,p:3026,c:421) new GraphicBuffer needed
03-30 13:26:03.620  3026  3026 I Timeline: Timeline: Activity_idle id: android.os.BinderProxy@42a1e2c time:323467298
03-30 13:26:03.676   421  2045 I BufferQueueProducer: [StatusBar](this:0x71af1b8000,id:15,api:1,p:3026,c:421) queueBuffer: fps=2.94 dur=1019.04 max=519.01 min=176.25
03-30 13:26:03.705  2520  2608 I WindowManager: Destroying surface Surface(name=com.sonymobile.home/com.sonymobile.home.HomeActivity) called by com.android.server.wm.WindowStateAnimator.destroySurface:2179 com.android.server.wm.WindowStateAnimator.destroySurfaceLocked:952 com.android.server.wm.WindowState.destroyOrSaveSurface:2115 com.android.server.wm.AppWindowToken.destroySurfaces:363 com.android.server.wm.WindowStateAnimator.finishExit:590 com.android.server.wm.AppWindowAnimator.stepAnimationLocked:441 com.android.server.wm.WindowAnimator.updateAppWindowsLocked:190 com.android.server.wm.WindowAnimator.animateLocked:692 
03-30 13:26:03.721   421   421 I BufferQueueConsumer: [com.sonymobile.home/com.sonymobile.home.HomeActivity](this:0x71acfa8800,id:6385,api:1,p:-1,c:-1) disconnect(C)
03-30 13:26:03.722   421   421 I BufferQueue: [com.sonymobile.home/com.sonymobile.home.HomeActivity](this:0x71acfa8800,id:6385,api:1,p:-1,c:-1) ~BufferQueueCore
03-30 13:26:03.728  2520  2608 I Timeline: Timeline: Activity_windows_visible id: ActivityRecord{32371a6 u0 com.android.systemui/.recents.RecentsActivity t530} time:323467405
03-30 13:26:03.728  2520  2911 I libPerfService: 2: set: 3, -1, 
03-30 13:26:03.729  2520  2911 I libPerfService: 2: set freq: 1183000, -1, 
03-30 13:26:03.743   421   622 I BufferQueueProducer: [com.android.systemui/com.android.systemui.recents.RecentsActivity](this:0x71a2645800,id:6386,api:1,p:3026,c:421) new GraphicBuffer needed
03-30 13:26:03.876  2520  2874 I PerfService: PerfServiceNative_boostEnableAsync:6
03-30 13:26:04.016  2520  2874 I PerfService: PerfServiceNative_boostEnableTimeoutMsAsync:6, 100
03-30 13:26:04.124   421   421 I DisplayDevice: [Built-in Screen (type:0)] fps:40.842182,dur:1003.86,max:183.91,min:14.47
03-30 13:26:04.226  1763  1777 I PerfService: PerfServiceNative_getLastBoostPid err:-129
03-30 13:26:04.519  2520  2573 I ActivityManager: START u0 {act=android.intent.action.MAIN cat=[android.intent.category.HOME] flg=0x10200000 cmp=com.sonymobile.home/.HomeActivity} from uid 10085 on display 0
03-30 13:26:04.525  2520  2911 I libPerfService: 2: set freq: 1638000, 2340000, 
03-30 13:26:04.525  2520  2911 I libPerfService: 2: set: -1, 4, 
03-30 13:26:04.534  2520  2911 I libPerfService: [perfNotifyAppState] foreground:com.sonymobile.home, pid:4017
03-30 13:26:04.534  2520  2911 I libPerfService: [switchSportsMode] enable:0
03-30 13:26:04.535  2520  2911 E libPerfService: write file (/proc/fliperfs/cg_threshold) fail, count: -1
03-30 13:26:04.560   421   421 I BufferQueue: [unnamed-421-6387](this:0x71acfbc800,id:6387,api:0,p:-1,c:-1) BufferQueue core=(421:/system/bin/surfaceflinger)
03-30 13:26:04.560   421   421 I BufferQueueConsumer: [unnamed-421-6387](this:0x71acfbc800,id:6387,api:0,p:-1,c:421) connect(C): consumer=(421:/system/bin/surfaceflinger) controlledByApp=false
03-30 13:26:04.560   421   421 I BufferQueueConsumer: [unnamed-421-5935](this:0x71acfbc800,id:6387,api:0,p:-1,c:421) setConsumerName: unnamed-421-5935
03-30 13:26:04.560   421   421 I BufferQueueConsumer: [com.sonymobile.home/com.sonymobile.home.HomeActivity](this:0x71acfbc800,id:6387,api:0,p:-1,c:421) setConsumerName: com.sonymobile.home/com.sonymobile.home.HomeActivity
03-30 13:26:04.560   421   421 I BufferQueueProducer: [](this:0x71acfbc800,id:6387,api:0,p:-1,c:421) setMaxDequeuedBufferCount: maxDequeuedBuffers = 2
03-30 13:26:04.560   421   421 I BufferQueueConsumer: [com.sonymobile.home/com.sonymobile.home.HomeActivity](this:0x71acfbc800,id:6387,api:0,p:-1,c:421) setDefaultBufferSize: width=720 height=1280
03-30 13:26:04.565   421  4403 I BufferQueueProducer: [com.sonymobile.home/com.sonymobile.home.HomeActivity](this:0x71acfbc800,id:6387,api:1,p:4017,c:421) connect(P): api=1 producer=(4017:com.sonymobile.home) producerControlledByApp=true
03-30 13:26:04.565  4017  4151 W libEGL  : [ANDROID_RECORDABLE] format: 1
03-30 13:26:04.583   421  2045 I BufferQueueProducer: [com.sonymobile.home/com.sonymobile.home.HomeActivity](this:0x71acfbc800,id:6387,api:1,p:4017,c:421) new GraphicBuffer needed
03-30 13:26:04.591   421   626 I BufferQueueProducer: [com.sonymobile.home/com.sonymobile.home.HomeActivity](this:0x71acfbc800,id:6387,api:1,p:4017,c:421) new GraphicBuffer needed
03-30 13:26:04.596  4017  4017 I Timeline: Timeline: Activity_idle id: android.os.BinderProxy@f5a13ce time:323468274
03-30 13:26:04.614   421  2045 I BufferQueueProducer: [com.android.systemui/com.android.systemui.recents.RecentsActivity](this:0x71a2645800,id:6386,api:1,p:-1,c:421) disconnect(P): api 1
03-30 13:26:04.615   421  2045 I BufferQueueConsumer: [com.android.systemui/com.android.systemui.recents.RecentsActivity](this:0x71a2645800,id:6386,api:1,p:-1,c:421) getReleasedBuffers: returning mask 0xffffffffffffffff
03-30 13:26:04.616   421   760 I BufferQueueProducer: [com.android.systemui/com.android.systemui.recents.RecentsActivity](this:0x71a2645800,id:6386,api:1,p:-1,c:421) disconnect(P): api 1
03-30 13:26:04.680   421   622 I BufferQueueProducer: [StatusBar](this:0x71af1b8000,id:15,api:1,p:3026,c:421) queueBuffer: fps=1.99 dur=1003.89 max=503.59 min=500.30
03-30 13:26:04.697  2520  2608 I Timeline: Timeline: Activity_windows_visible id: ActivityRecord{2c93ca8 u0 com.sonymobile.home/.HomeActivity t526} time:323468374
03-30 13:26:04.697  2520  2911 I libPerfService: 2: set: 3, -1, 
03-30 13:26:04.697  2520  2911 I libPerfService: 2: set freq: 1183000, -1, 
03-30 13:26:04.711  2520 22034 I WindowManager: Destroying surface Surface(name=com.android.systemui/com.android.systemui.recents.RecentsActivity) called by com.android.server.wm.WindowStateAnimator.destroySurface:2179 com.android.server.wm.WindowStateAnimator.destroySurfaceLocked:952 com.android.server.wm.WindowState.destroyOrSaveSurface:2115 com.android.server.wm.WindowManagerService.tryStartExitingAnimation:3215 com.android.server.wm.WindowManagerService.relayoutWindow:3095 com.android.server.wm.Session.relayout:227 android.view.IWindowSession$Stub.onTransact:286 com.android.server.wm.Session.onTransact:148 
03-30 13:26:04.726   421   421 I BufferQueueConsumer: [com.android.systemui/com.android.systemui.recents.RecentsActivity](this:0x71a2645800,id:6386,api:1,p:-1,c:-1) disconnect(C)
03-30 13:26:04.726   421   421 I BufferQueue: [com.android.systemui/com.android.systemui.recents.RecentsActivity](this:0x71a2645800,id:6386,api:1,p:-1,c:-1) ~BufferQueueCore
03-30 13:26:04.741  2520  2531 I art     : Enter while loop.
03-30 13:26:04.842   410   410 I wmt_launcher: fw log ctrl flag has been set
03-30 13:26:04.843   410   410 I wmt_launcher: fw dynamic ctrl flag has been set
03-30 13:26:04.896  2520  2911 I libPerfService: 7: set: -1, -1, 
03-30 13:26:04.896  2520  2911 I libPerfService: 7: set freq: -1, -1, 
