06-12 23:34:12.164   432  1097 E BufferQueueProducer: [com.gene.sandbox/android.app.NativeActivity#0](this:0x6fcdfb5800,id:1938,api:1,p:15879,c:-1) dequeueBuffer: BufferQueue has been abandoned
06-12 23:34:12.165   432   806 E BufferQueueProducer: [com.gene.sandbox/android.app.NativeActivity#0](this:0x6fcdfb5800,id:1938,api:1,p:15879,c:-1) dequeueBuffer: BufferQueue has been abandoned
06-12 23:34:12.166   432   806 I chatty  : uid=1000(system) Binder:432_3 identical 2 lines
06-12 23:34:12.167   432   806 E BufferQueueProducer: [com.gene.sandbox/android.app.NativeActivity#0](this:0x6fcdfb5800,id:1938,api:1,p:15879,c:-1) dequeueBuffer: BufferQueue has been abandoned
06-12 23:34:12.168   432  1097 E BufferQueueProducer: [com.gene.sandbox/android.app.NativeActivity#0](this:0x6fcdfb5800,id:1938,api:1,p:15879,c:-1) dequeueBuffer: BufferQueue has been abandoned
06-12 23:34:12.180   432  1097 I chatty  : uid=1000(system) Binder:432_4 identical 30 lines
06-12 23:34:12.180   432  1097 E BufferQueueProducer: [com.gene.sandbox/android.app.NativeActivity#0](this:0x6fcdfb5800,id:1938,api:1,p:15879,c:-1) dequeueBuffer: BufferQueue has been abandoned
06-12 23:34:12.181   432   806 E BufferQueueProducer: [com.gene.sandbox/android.app.NativeActivity#0](this:0x6fcdfb5800,id:1938,api:1,p:15879,c:-1) dequeueBuffer: BufferQueue has been abandoned
06-12 23:34:12.182   432  1097 E BufferQueueProducer: [com.gene.sandbox/android.app.NativeActivity#0](this:0x6fcdfb5800,id:1938,api:1,p:15879,c:-1) dequeueBuffer: BufferQueue has been abandoned
06-12 23:34:12.184   432  1097 I chatty  : uid=1000(system) Binder:432_4 identical 2 lines
06-12 23:34:12.184   432  1097 E BufferQueueProducer: [com.gene.sandbox/android.app.NativeActivity#0](this:0x6fcdfb5800,id:1938,api:1,p:15879,c:-1) dequeueBuffer: BufferQueue has been abandoned
06-12 23:34:12.185   432   806 E BufferQueueProducer: [com.gene.sandbox/android.app.NativeActivity#0](this:0x6fcdfb5800,id:1938,api:1,p:15879,c:-1) dequeueBuffer: BufferQueue has been abandoned
06-12 23:34:12.197   432   806 I chatty  : uid=1000(system) Binder:432_3 identical 25 lines
06-12 23:34:12.197   432   806 E BufferQueueProducer: [com.gene.sandbox/android.app.NativeActivity#0](this:0x6fcdfb5800,id:1938,api:1,p:15879,c:-1) dequeueBuffer: BufferQueue has been abandoned
06-12 23:34:12.198   432  1097 E BufferQueueProducer: [com.gene.sandbox/android.app.NativeActivity#0](this:0x6fcdfb5800,id:1938,api:1,p:15879,c:-1) dequeueBuffer: BufferQueue has been abandoned
06-12 23:34:12.200   432  1097 I chatty  : uid=1000(system) Binder:432_4 identical 2 lines
06-12 23:34:12.201   432  1097 E BufferQueueProducer: [com.gene.sandbox/android.app.NativeActivity#0](this:0x6fcdfb5800,id:1938,api:1,p:15879,c:-1) dequeueBuffer: BufferQueue has been abandoned
06-12 23:34:12.201   432   806 E BufferQueueProducer: [com.gene.sandbox/android.app.NativeActivity#0](this:0x6fcdfb5800,id:1938,api:1,p:15879,c:-1) dequeueBuffer: BufferQueue has been abandoned
06-12 23:34:12.213   432   806 I chatty  : uid=1000(system) Binder:432_3 identical 25 lines
06-12 23:34:12.213   432   806 E BufferQueueProducer: [com.gene.sandbox/android.app.NativeActivity#0](this:0x6fcdfb5800,id:1938,api:1,p:15879,c:-1) dequeueBuffer: BufferQueue has been abandoned
06-12 23:34:12.214   432  1097 E BufferQueueProducer: [com.gene.sandbox/android.app.NativeActivity#0](this:0x6fcdfb5800,id:1938,api:1,p:15879,c:-1) dequeueBuffer: BufferQueue has been abandoned
06-12 23:34:12.215   432   806 E BufferQueueProducer: [com.gene.sandbox/android.app.NativeActivity#0](this:0x6fcdfb5800,id:1938,api:1,p:15879,c:-1) dequeueBuffer: BufferQueue has been abandoned
06-12 23:34:12.226   432   806 I chatty  : uid=1000(system) Binder:432_3 identical 21 lines
06-12 23:34:12.226   432   806 E BufferQueueProducer: [com.gene.sandbox/android.app.NativeActivity#0](this:0x6fcdfb5800,id:1938,api:1,p:15879,c:-1) dequeueBuffer: BufferQueue has been abandoned
06-12 23:34:12.222  1909  1909 W AudioOut_D: type=1400 audit(0.0:327052): avc: denied { read } for name="audio_param" dev="dm-1" ino=802827 scontext=u:r:audioserver:s0 tcontext=u:object_r:mtk_audiohal_data_file:s0 tclass=dir permissive=0
06-12 23:34:12.227   432   806 E BufferQueueProducer: [com.gene.sandbox/android.app.NativeActivity#0](this:0x6fcdfb5800,id:1938,api:1,p:15879,c:-1) dequeueBuffer: BufferQueue has been abandoned
06-12 23:34:12.290   432   806 I chatty  : uid=1000(system) Binder:432_3 identical 165 lines
06-12 23:34:12.290   432   806 E BufferQueueProducer: [com.gene.sandbox/android.app.NativeActivity#0](this:0x6fcdfb5800,id:1938,api:1,p:15879,c:-1) dequeueBuffer: BufferQueue has been abandoned
06-12 23:34:12.290  2211  2220 I zygote64: NativeAllocBackground concurrent copying GC freed 50614(3MB) AllocSpace objects, 7(140KB) LOS objects, 16% free, 29MB/35MB, paused 485us total 249.191ms
06-12 23:34:12.291   432   806 E BufferQueueProducer: [com.gene.sandbox/android.app.NativeActivity#0](this:0x6fcdfb5800,id:1938,api:1,p:15879,c:-1) dequeueBuffer: BufferQueue has been abandoned
06-12 23:34:12.397   432   806 I chatty  : uid=1000(system) Binder:432_3 identical 326 lines
06-12 23:34:12.397   432   806 E BufferQueueProducer: [com.gene.sandbox/android.app.NativeActivity#0](this:0x6fcdfb5800,id:1938,api:1,p:15879,c:-1) dequeueBuffer: BufferQueue has been abandoned
06-12 23:34:12.398 15073 15121 E memtrack_graphic: graphic_memtrack_get_memory error to open /sys/kernel/debug/ion/clients/clients_summary
06-12 23:34:12.394 15073 15073 W secondary_proce: type=1400 audit(0.0:327053): avc: denied { read } for name="gpu_memory" dev="debugfs" ino=6706 scontext=u:r:untrusted_app_25:s0:c512,c768 tcontext=u:object_r:debugfs_gpu_mali_midgard:s0 tclass=file permissive=0
06-12 23:34:12.398   432   806 E BufferQueueProducer: [com.gene.sandbox/android.app.NativeActivity#0](this:0x6fcdfb5800,id:1938,api:1,p:15879,c:-1) dequeueBuffer: BufferQueue has been abandoned
06-12 23:34:12.394 15073 15073 W secondary_proce: type=1400 audit(0.0:327054): avc: denied { read } for name="clients_summary" dev="debugfs" ino=6640 scontext=u:r:untrusted_app_25:s0:c512,c768 tcontext=u:object_r:debugfs_ion:s0 tclass=file permissive=0
06-12 23:34:12.399   432   806 E BufferQueueProducer: [com.gene.sandbox/android.app.NativeActivity#0](this:0x6fcdfb5800,id:1938,api:1,p:15879,c:-1) dequeueBuffer: BufferQueue has been abandoned
06-12 23:34:12.417  2211  2634 W Watchdog: **Get SF Time **0
06-12 23:34:12.418  2211  2634 W Watchdog: SWT Watchdog before synchronized:63627233
06-12 23:34:12.418  2211  2634 W Watchdog: SWT Watchdog after synchronized:63627233
06-12 23:34:12.444   432   806 I chatty  : uid=1000(system) Binder:432_3 identical 136 lines
06-12 23:34:12.444   432   806 E BufferQueueProducer: [com.gene.sandbox/android.app.NativeActivity#0](this:0x6fcdfb5800,id:1938,api:1,p:15879,c:-1) dequeueBuffer: BufferQueue has been abandoned
06-12 23:34:12.444   417   417 I WifiHAL : Get link stats
06-12 23:34:12.445   417   417 E android.hardware.wifi@1.0-service: Invalid radio stats in link layer stats
06-12 23:34:12.445   432   806 E BufferQueueProducer: [com.gene.sandbox/android.app.NativeActivity#0](this:0x6fcdfb5800,id:1938,api:1,p:15879,c:-1) dequeueBuffer: BufferQueue has been abandoned
06-12 23:34:12.580   432   806 I chatty  : uid=1000(system) Binder:432_3 identical 390 lines
06-12 23:34:12.581   432   806 E BufferQueueProducer: [com.gene.sandbox/android.app.NativeActivity#0](this:0x6fcdfb5800,id:1938,api:1,p:15879,c:-1) dequeueBuffer: BufferQueue has been abandoned
06-12 23:34:12.581  1745  1745 W /vendor/bin/startup-prober: Waited for hwservicemanager.ready for a second, waiting another...
06-12 23:34:12.578  1745  1745 W startup-prober: type=1400 audit(0.0:327055): avc: denied { read } for name="u:object_r:hwservicemanager_prop:s0" dev="tmpfs" ino=2357 scontext=u:r:startupprober:s0 tcontext=u:object_r:hwservicemanager_prop:s0 tclass=file permissive=0
06-12 23:34:12.581   432   806 E BufferQueueProducer: [com.gene.sandbox/android.app.NativeActivity#0](this:0x6fcdfb5800,id:1938,api:1,p:15879,c:-1) dequeueBuffer: BufferQueue has been abandoned
06-12 23:34:12.582  1745  1745 E libc    : Access denied finding property "hwservicemanager.ready"
06-12 23:34:12.582  1745  1745 E libc    : Access denied finding property "hwservicemanager.ready"
06-12 23:34:12.578  1745  1745 W startup-prober: type=1400 audit(0.0:327056): avc: denied { read } for name="u:object_r:hwservicemanager_prop:s0" dev="tmpfs" ino=2357 scontext=u:r:startupprober:s0 tcontext=u:object_r:hwservicemanager_prop:s0 tclass=file permissive=0
06-12 23:34:12.582   432   806 E BufferQueueProducer: [com.gene.sandbox/android.app.NativeActivity#0](this:0x6fcdfb5800,id:1938,api:1,p:15879,c:-1) dequeueBuffer: BufferQueue has been abandoned
06-12 23:34:12.600   432   806 I chatty  : uid=1000(system) Binder:432_3 identical 50 lines
06-12 23:34:12.601   432   806 E BufferQueueProducer: [com.gene.sandbox/android.app.NativeActivity#0](this:0x6fcdfb5800,id:1938,api:1,p:15879,c:-1) dequeueBuffer: BufferQueue has been abandoned
06-12 23:34:12.601   423   423 I MFI-RDS :  (     epdgs_rds_conn_init, 1167) [RDS][IF][epdgs_rds_conn_init] eims_info initial
06-12 23:34:12.601   423   423 I MFI-Conn:  (          mal_mfia_start,   48) mal_mfia_start(): Enter (-1)!!
06-12 23:34:12.601   432   806 E BufferQueueProducer: [com.gene.sandbox/android.app.NativeActivity#0](this:0x6fcdfb5800,id:1938,api:1,p:15879,c:-1) dequeueBuffer: BufferQueue has been abandoned
06-12 23:34:12.602   423   423 E MFI-Conn:  (          mdfx_conn_conn,   76) mdfx_conn_conn(): the MFI connection fails!!
06-12 23:34:12.602   423   423 E MFI-Conn:  (   mdfx_conn_init_legacy,  363) mdfx_conn_init_legacy(): mdfx_conn_conn() error!!
06-12 23:34:12.602   423   423 I MFI-RDS :  (     epdgs_rds_conn_init, 1199) [RDS][epdgs_rds_conn_init] rds_wifi_disable_status init
06-12 23:34:12.602   432   806 E BufferQueueProducer: [com.gene.sandbox/android.app.NativeActivity#0](this:0x6fcdfb5800,id:1938,api:1,p:15879,c:-1) dequeueBuffer: BufferQueue has been abandoned
06-12 23:34:13.016   432   806 I chatty  : uid=1000(system) Binder:432_3 identical 1218 lines
06-12 23:34:13.017   432   806 E BufferQueueProducer: [com.gene.sandbox/android.app.NativeActivity#0](this:0x6fcdfb5800,id:1938,api:1,p:15879,c:-1) dequeueBuffer: BufferQueue has been abandoned
06-12 23:34:13.017   432  1097 E BufferQueueProducer: [com.gene.sandbox/android.app.NativeActivity#0](this:0x6fcdfb5800,id:1938,api:1,p:15879,c:-1) dequeueBuffer: BufferQueue has been abandoned
06-12 23:34:13.037   432  1097 I chatty  : uid=1000(system) Binder:432_4 identical 55 lines
06-12 23:34:13.038   432  1097 E BufferQueueProducer: [com.gene.sandbox/android.app.NativeActivity#0](this:0x6fcdfb5800,id:1938,api:1,p:15879,c:-1) dequeueBuffer: BufferQueue has been abandoned
06-12 23:34:13.039   432   806 E BufferQueueProducer: [com.gene.sandbox/android.app.NativeActivity#0](this:0x6fcdfb5800,id:1938,api:1,p:15879,c:-1) dequeueBuffer: BufferQueue has been abandoned
06-12 23:34:13.042   432   806 I chatty  : uid=1000(system) Binder:432_3 identical 4 lines
06-12 23:34:13.042   432   806 E BufferQueueProducer: [com.gene.sandbox/android.app.NativeActivity#0](this:0x6fcdfb5800,id:1938,api:1,p:15879,c:-1) dequeueBuffer: BufferQueue has been abandoned
06-12 23:34:13.043   432  1097 I BufferQueueProducer: [com.android.systemui/com.android.systemui.recents.RecentsActivity#0](this:0x6fd87f4000,id:1939,api:1,p:2489,c:432) queueBuffer: fps=18.50 dur=1459.11 max=824.77 min=9.09
06-12 23:34:13.043   432   806 E BufferQueueProducer: [com.gene.sandbox/android.app.NativeActivity#0](this:0x6fcdfb5800,id:1938,api:1,p:15879,c:-1) dequeueBuffer: BufferQueue has been abandoned
06-12 23:34:13.044   432  1097 E BufferQueueProducer: [com.gene.sandbox/android.app.NativeActivity#0](this:0x6fcdfb5800,id:1938,api:1,p:15879,c:-1) dequeueBuffer: BufferQueue has been abandoned
06-12 23:34:13.053   432  1097 I chatty  : uid=1000(system) Binder:432_4 identical 23 lines
06-12 23:34:13.054   432  1097 E BufferQueueProducer: [com.gene.sandbox/android.app.NativeActivity#0](this:0x6fcdfb5800,id:1938,api:1,p:15879,c:-1) dequeueBuffer: BufferQueue has been abandoned
06-12 23:34:13.054   432   806 E BufferQueueProducer: [com.gene.sandbox/android.app.NativeActivity#0](this:0x6fcdfb5800,id:1938,api:1,p:15879,c:-1) dequeueBuffer: BufferQueue has been abandoned
06-12 23:34:13.055   432  1097 E BufferQueueProducer: [com.gene.sandbox/android.app.NativeActivity#0](this:0x6fcdfb5800,id:1938,api:1,p:15879,c:-1) dequeueBuffer: BufferQueue has been abandoned
06-12 23:34:13.055   432   432 I DisplayDevice: [Built-in Screen (type:0)] fps:33.639683,dur:1813.33,max:824.60,min:5.99
06-12 23:34:13.056   432   806 E BufferQueueProducer: [com.gene.sandbox/android.app.NativeActivity#0](this:0x6fcdfb5800,id:1938,api:1,p:15879,c:-1) dequeueBuffer: BufferQueue has been abandoned
06-12 23:34:13.071   432   806 I chatty  : uid=1000(system) Binder:432_3 identical 30 lines
06-12 23:34:13.072   432   806 E BufferQueueProducer: [com.gene.sandbox/android.app.NativeActivity#0](this:0x6fcdfb5800,id:1938,api:1,p:15879,c:-1) dequeueBuffer: BufferQueue has been abandoned
06-12 23:34:13.073   432   490 E BufferQueueProducer: [com.gene.sandbox/android.app.NativeActivity#0](this:0x6fcdfb5800,id:1938,api:1,p:15879,c:-1) dequeueBuffer: BufferQueue has been abandoned
06-12 23:34:13.074   432   490 E BufferQueueProducer: [com.gene.sandbox/android.app.NativeActivity#0](this:0x6fcdfb5800,id:1938,api:1,p:15879,c:-1) dequeueBuffer: BufferQueue has been abandoned
06-12 23:34:13.075   432  1097 E BufferQueueProducer: [com.gene.sandbox/android.app.NativeActivity#0](this:0x6fcdfb5800,id:1938,api:1,p:15879,c:-1) dequeueBuffer: BufferQueue has been abandoned
06-12 23:34:13.075   432  1097 E BufferQueueProducer: [com.gene.sandbox/android.app.NativeActivity#0](this:0x6fcdfb5800,id:1938,api:1,p:15879,c:-1) dequeueBuffer: BufferQueue has been abandoned
06-12 23:34:13.076   432   490 E BufferQueueProducer: [com.gene.sandbox/android.app.NativeActivity#0](this:0x6fcdfb5800,id:1938,api:1,p:15879,c:-1) dequeueBuffer: BufferQueue has been abandoned
06-12 23:34:13.086   432   490 I chatty  : uid=1000(system) Binder:432_2 identical 26 lines
06-12 23:34:13.087   432   490 E BufferQueueProducer: [com.gene.sandbox/android.app.NativeActivity#0](this:0x6fcdfb5800,id:1938,api:1,p:15879,c:-1) dequeueBuffer: BufferQueue has been abandoned
06-12 23:34:13.087   432  1097 E BufferQueueProducer: [com.gene.sandbox/android.app.NativeActivity#0](this:0x6fcdfb5800,id:1938,api:1,p:15879,c:-1) dequeueBuffer: BufferQueue has been abandoned
06-12 23:34:13.103   432  1097 I chatty  : uid=1000(system) Binder:432_4 identical 33 lines
06-12 23:34:13.103   432  1097 E BufferQueueProducer: [com.gene.sandbox/android.app.NativeActivity#0](this:0x6fcdfb5800,id:1938,api:1,p:15879,c:-1) dequeueBuffer: BufferQueue has been abandoned
06-12 23:34:13.104   432   490 E BufferQueueProducer: [com.gene.sandbox/android.app.NativeActivity#0](this:0x6fcdfb5800,id:1938,api:1,p:15879,c:-1) dequeueBuffer: BufferQueue has been abandoned
06-12 23:34:13.105   432  1097 E BufferQueueProducer: [com.gene.sandbox/android.app.NativeActivity#0](this:0x6fcdfb5800,id:1938,api:1,p:15879,c:-1) dequeueBuffer: BufferQueue has been abandoned
06-12 23:34:13.106   432   490 E BufferQueueProducer: [com.gene.sandbox/android.app.NativeActivity#0](this:0x6fcdfb5800,id:1938,api:1,p:15879,c:-1) dequeueBuffer: BufferQueue has been abandoned
06-12 23:34:13.107   432   806 E BufferQueueProducer: [com.gene.sandbox/android.app.NativeActivity#0](this:0x6fcdfb5800,id:1938,api:1,p:15879,c:-1) dequeueBuffer: BufferQueue has been abandoned
06-12 23:34:13.119   432   806 I chatty  : uid=1000(system) Binder:432_3 identical 29 lines
06-12 23:34:13.120   432   806 E BufferQueueProducer: [com.gene.sandbox/android.app.NativeActivity#0](this:0x6fcdfb5800,id:1938,api:1,p:15879,c:-1) dequeueBuffer: BufferQueue has been abandoned
06-12 23:34:13.121   432  1097 E BufferQueueProducer: [com.gene.sandbox/android.app.NativeActivity#0](this:0x6fcdfb5800,id:1938,api:1,p:15879,c:-1) dequeueBuffer: BufferQueue has been abandoned
06-12 23:34:13.135   432  1097 I chatty  : uid=1000(system) Binder:432_4 identical 29 lines
06-12 23:34:13.136   432  1097 E BufferQueueProducer: [com.gene.sandbox/android.app.NativeActivity#0](this:0x6fcdfb5800,id:1938,api:1,p:15879,c:-1) dequeueBuffer: BufferQueue has been abandoned
06-12 23:34:13.137   432   806 E BufferQueueProducer: [com.gene.sandbox/android.app.NativeActivity#0](this:0x6fcdfb5800,id:1938,api:1,p:15879,c:-1) dequeueBuffer: BufferQueue has been abandoned
06-12 23:34:13.138   432  1097 E BufferQueueProducer: [com.gene.sandbox/android.app.NativeActivity#0](this:0x6fcdfb5800,id:1938,api:1,p:15879,c:-1) dequeueBuffer: BufferQueue has been abandoned
06-12 23:34:13.140   432  1097 I chatty  : uid=1000(system) Binder:432_4 identical 2 lines
06-12 23:34:13.141   432  1097 E BufferQueueProducer: [com.gene.sandbox/android.app.NativeActivity#0](this:0x6fcdfb5800,id:1938,api:1,p:15879,c:-1) dequeueBuffer: BufferQueue has been abandoned
06-12 23:34:13.142   432   806 E BufferQueueProducer: [com.gene.sandbox/android.app.NativeActivity#0](this:0x6fcdfb5800,id:1938,api:1,p:15879,c:-1) dequeueBuffer: BufferQueue has been abandoned
06-12 23:34:13.152   432   806 I chatty  : uid=1000(system) Binder:432_3 identical 28 lines
06-12 23:34:13.153   432   806 E BufferQueueProducer: [com.gene.sandbox/android.app.NativeActivity#0](this:0x6fcdfb5800,id:1938,api:1,p:15879,c:-1) dequeueBuffer: BufferQueue has been abandoned
06-12 23:34:13.154   432  1097 E BufferQueueProducer: [com.gene.sandbox/android.app.NativeActivity#0](this:0x6fcdfb5800,id:1938,api:1,p:15879,c:-1) dequeueBuffer: BufferQueue has been abandoned
06-12 23:34:13.157   432  1097 I chatty  : uid=1000(system) Binder:432_4 identical 3 lines
06-12 23:34:13.158   432  1097 E BufferQueueProducer: [com.gene.sandbox/android.app.NativeActivity#0](this:0x6fcdfb5800,id:1938,api:1,p:15879,c:-1) dequeueBuffer: BufferQueue has been abandoned
06-12 23:34:13.158   432   806 E BufferQueueProducer: [com.gene.sandbox/android.app.NativeActivity#0](this:0x6fcdfb5800,id:1938,api:1,p:15879,c:-1) dequeueBuffer: BufferQueue has been abandoned
06-12 23:34:13.169   432   806 I chatty  : uid=1000(system) Binder:432_3 identical 28 lines
06-12 23:34:13.170   432   806 E BufferQueueProducer: [com.gene.sandbox/android.app.NativeActivity#0](this:0x6fcdfb5800,id:1938,api:1,p:15879,c:-1) dequeueBuffer: BufferQueue has been abandoned
06-12 23:34:13.171   432  1097 E BufferQueueProducer: [com.gene.sandbox/android.app.NativeActivity#0](this:0x6fcdfb5800,id:1938,api:1,p:15879,c:-1) dequeueBuffer: BufferQueue has been abandoned
06-12 23:34:13.173   432  1097 E BufferQueueProducer: [com.gene.sandbox/android.app.NativeActivity#0](this:0x6fcdfb5800,id:1938,api:1,p:15879,c:-1) dequeueBuffer: BufferQueue has been abandoned
06-12 23:34:13.173   432   806 E BufferQueueProducer: [com.gene.sandbox/android.app.NativeActivity#0](this:0x6fcdfb5800,id:1938,api:1,p:15879,c:-1) dequeueBuffer: BufferQueue has been abandoned
06-12 23:34:13.185   432   806 I chatty  : uid=1000(system) Binder:432_3 identical 31 lines
06-12 23:34:13.186   432   806 E BufferQueueProducer: [com.gene.sandbox/android.app.NativeActivity#0](this:0x6fcdfb5800,id:1938,api:1,p:15879,c:-1) dequeueBuffer: BufferQueue has been abandoned
06-12 23:34:13.187   432  1097 E BufferQueueProducer: [com.gene.sandbox/android.app.NativeActivity#0](this:0x6fcdfb5800,id:1938,api:1,p:15879,c:-1) dequeueBuffer: BufferQueue has been abandoned
06-12 23:34:13.187   432  1097 I chatty  : uid=1000(system) Binder:432_4 identical 1 line
06-12 23:34:13.188   432  1097 E BufferQueueProducer: [com.gene.sandbox/android.app.NativeActivity#0](this:0x6fcdfb5800,id:1938,api:1,p:15879,c:-1) dequeueBuffer: BufferQueue has been abandoned
06-12 23:34:13.190   432   806 E BufferQueueProducer: [com.gene.sandbox/android.app.NativeActivity#0](this:0x6fcdfb5800,id:1938,api:1,p:15879,c:-1) dequeueBuffer: BufferQueue has been abandoned
06-12 23:34:13.204   432   806 I chatty  : uid=1000(system) Binder:432_3 identical 33 lines
06-12 23:34:13.205   432   806 E BufferQueueProducer: [com.gene.sandbox/android.app.NativeActivity#0](this:0x6fcdfb5800,id:1938,api:1,p:15879,c:-1) dequeueBuffer: BufferQueue has been abandoned
06-12 23:34:13.206   432  1097 E BufferQueueProducer: [com.gene.sandbox/android.app.NativeActivity#0](this:0x6fcdfb5800,id:1938,api:1,p:15879,c:-1) dequeueBuffer: BufferQueue has been abandoned
06-12 23:34:13.218   432  1097 I chatty  : uid=1000(system) Binder:432_4 identical 28 lines
06-12 23:34:13.219   432  1097 E BufferQueueProducer: [com.gene.sandbox/android.app.NativeActivity#0](this:0x6fcdfb5800,id:1938,api:1,p:15879,c:-1) dequeueBuffer: BufferQueue has been abandoned
06-12 23:34:13.220   432   490 E BufferQueueProducer: [com.gene.sandbox/android.app.NativeActivity#0](this:0x6fcdfb5800,id:1938,api:1,p:15879,c:-1) dequeueBuffer: BufferQueue has been abandoned
06-12 23:34:13.220   432  1097 E BufferQueueProducer: [com.gene.sandbox/android.app.NativeActivity#0](this:0x6fcdfb5800,id:1938,api:1,p:15879,c:-1) dequeueBuffer: BufferQueue has been abandoned
06-12 23:34:13.226   432  1097 I chatty  : uid=1000(system) Binder:432_4 identical 6 lines
06-12 23:34:13.226   432  1097 E BufferQueueProducer: [com.gene.sandbox/android.app.NativeActivity#0](this:0x6fcdfb5800,id:1938,api:1,p:15879,c:-1) dequeueBuffer: BufferQueue has been abandoned
06-12 23:34:13.222  1909  1909 W AudioOut_D: type=1400 audit(0.0:327057): avc: denied { read } for name="audio_param" dev="dm-1" ino=802827 scontext=u:r:audioserver:s0 tcontext=u:object_r:mtk_audiohal_data_file:s0 tclass=dir permissive=0
06-12 23:34:13.227   432  1097 E BufferQueueProducer: [com.gene.sandbox/android.app.NativeActivity#0](this:0x6fcdfb5800,id:1938,api:1,p:15879,c:-1) dequeueBuffer: BufferQueue has been abandoned
06-12 23:34:13.235   432  1097 I chatty  : uid=1000(system) Binder:432_4 identical 23 lines
06-12 23:34:13.236   432  1097 E BufferQueueProducer: [com.gene.sandbox/android.app.NativeActivity#0](this:0x6fcdfb5800,id:1938,api:1,p:15879,c:-1) dequeueBuffer: BufferQueue has been abandoned
06-12 23:34:13.238   432   490 E BufferQueueProducer: [com.gene.sandbox/android.app.NativeActivity#0](this:0x6fcdfb5800,id:1938,api:1,p:15879,c:-1) dequeueBuffer: BufferQueue has been abandoned
06-12 23:34:13.239   432   490 I chatty  : uid=1000(system) Binder:432_2 identical 1 line
06-12 23:34:13.240   432   490 E BufferQueueProducer: [com.gene.sandbox/android.app.NativeActivity#0](this:0x6fcdfb5800,id:1938,api:1,p:15879,c:-1) dequeueBuffer: BufferQueue has been abandoned
06-12 23:34:13.241   432  1097 E BufferQueueProducer: [com.gene.sandbox/android.app.NativeActivity#0](this:0x6fcdfb5800,id:1938,api:1,p:15879,c:-1) dequeueBuffer: BufferQueue has been abandoned
06-12 23:34:13.256   432  1097 I chatty  : uid=1000(system) Binder:432_4 identical 33 lines
06-12 23:34:13.256   432  1097 E BufferQueueProducer: [com.gene.sandbox/android.app.NativeActivity#0](this:0x6fcdfb5800,id:1938,api:1,p:15879,c:-1) dequeueBuffer: BufferQueue has been abandoned
06-12 23:34:13.257   432   490 E BufferQueueProducer: [com.gene.sandbox/android.app.NativeActivity#0](this:0x6fcdfb5800,id:1938,api:1,p:15879,c:-1) dequeueBuffer: BufferQueue has been abandoned
06-12 23:34:13.355   432   490 I chatty  : uid=1000(system) Binder:432_2 identical 271 lines
06-12 23:34:13.356   432   490 E BufferQueueProducer: [com.gene.sandbox/android.app.NativeActivity#0](this:0x6fcdfb5800,id:1938,api:1,p:15879,c:-1) dequeueBuffer: BufferQueue has been abandoned
06-12 23:34:13.356   422   472 I vendor.mediatek.hardware.power@1.1-impl: mtkPowerHint hint:15, data:10000
06-12 23:34:13.356   432   490 E BufferQueueProducer: [com.gene.sandbox/android.app.NativeActivity#0](this:0x6fcdfb5800,id:1938,api:1,p:15879,c:-1) dequeueBuffer: BufferQueue has been abandoned
06-12 23:34:13.357   432  1097 E BufferQueueProducer: [com.gene.sandbox/android.app.NativeActivity#0](this:0x6fcdfb5800,id:1938,api:1,p:15879,c:-1) dequeueBuffer: BufferQueue has been abandoned
06-12 23:34:13.358   432  1097 E BufferQueueProducer: [com.gene.sandbox/android.app.NativeActivity#0](this:0x6fcdfb5800,id:1938,api:1,p:15879,c:-1) dequeueBuffer: BufferQueue has been abandoned
06-12 23:34:13.361   432   490 E BufferQueueProducer: [com.gene.sandbox/android.app.NativeActivity#0](this:0x6fcdfb5800,id:1938,api:1,p:15879,c:-1) dequeueBuffer: BufferQueue has been abandoned
06-12 23:34:13.361   432   490 E BufferQueueProducer: [com.gene.sandbox/android.app.NativeActivity#0](this:0x6fcdfb5800,id:1938,api:1,p:15879,c:-1) dequeueBuffer: BufferQueue has been abandoned
06-12 23:34:13.363   432  1097 E BufferQueueProducer: [com.gene.sandbox/android.app.NativeActivity#0](this:0x6fcdfb5800,id:1938,api:1,p:15879,c:-1) dequeueBuffer: BufferQueue has been abandoned
06-12 23:34:13.396   432  1097 I chatty  : uid=1000(system) Binder:432_4 identical 88 lines
06-12 23:34:13.397   432  1097 E BufferQueueProducer: [com.gene.sandbox/android.app.NativeActivity#0](this:0x6fcdfb5800,id:1938,api:1,p:15879,c:-1) dequeueBuffer: BufferQueue has been abandoned
06-12 23:34:13.397   422   472 I vendor.mediatek.hardware.power@1.1-impl: mtkPowerHint hint:15, data:0
06-12 23:34:13.398   432  1097 E BufferQueueProducer: [com.gene.sandbox/android.app.NativeActivity#0](this:0x6fcdfb5800,id:1938,api:1,p:15879,c:-1) dequeueBuffer: BufferQueue has been abandoned
06-12 23:34:13.403   432  1097 I chatty  : uid=1000(system) Binder:432_4 identical 6 lines
06-12 23:34:13.403   432  1097 E BufferQueueProducer: [com.gene.sandbox/android.app.NativeActivity#0](this:0x6fcdfb5800,id:1938,api:1,p:15879,c:-1) dequeueBuffer: BufferQueue has been abandoned
06-12 23:34:13.403  2489  2489 I BufferQueue: [unnamed-2489-134](this:0x741ce9d000,id:134,api:0,p:-1,c:-1) BufferQueue core=(2489:com.android.systemui)
06-12 23:34:13.404  2489  2489 I BufferQueueConsumer: [unnamed-2489-134](this:0x741ce9d000,id:134,api:0,p:-1,c:2489) connect(C): consumer=(2489:com.android.systemui) controlledByApp=false
06-12 23:34:13.404  2489  2489 I BufferQueueConsumer: [unnamed-2489-134](this:0x741ce9d000,id:134,api:0,p:-1,c:2489) setConsumerName: unnamed-2489-134
06-12 23:34:13.404  2489  2489 I BufferQueueConsumer: [unnamed-2489-134](this:0x741ce9d000,id:134,api:0,p:-1,c:2489) setDefaultBufferSize: width=656 height=112
06-12 23:34:13.404   432  1097 E BufferQueueProducer: [com.gene.sandbox/android.app.NativeActivity#0](this:0x6fcdfb5800,id:1938,api:1,p:15879,c:-1) dequeueBuffer: BufferQueue has been abandoned
06-12 23:34:13.405   432  1097 I chatty  : uid=1000(system) Binder:432_4 identical 1 line
06-12 23:34:13.406   432  1097 E BufferQueueProducer: [com.gene.sandbox/android.app.NativeActivity#0](this:0x6fcdfb5800,id:1938,api:1,p:15879,c:-1) dequeueBuffer: BufferQueue has been abandoned
06-12 23:34:13.406   422   472 I vendor.mediatek.hardware.power@1.1-impl: mtkPowerHint hint:11, data:0
06-12 23:34:13.406   432   490 E BufferQueueProducer: [com.gene.sandbox/android.app.NativeActivity#0](this:0x6fcdfb5800,id:1938,api:1,p:15879,c:-1) dequeueBuffer: BufferQueue has been abandoned
06-12 23:34:13.407   432  1097 E BufferQueueProducer: [com.gene.sandbox/android.app.NativeActivity#0](this:0x6fcdfb5800,id:1938,api:1,p:15879,c:-1) dequeueBuffer: BufferQueue has been abandoned
06-12 23:34:13.408   422   444 I libPerfService: 11: legacy set: -1 -1 -1 -1
06-12 23:34:13.408   432  1097 E BufferQueueProducer: [com.gene.sandbox/android.app.NativeActivity#0](this:0x6fcdfb5800,id:1938,api:1,p:15879,c:-1) dequeueBuffer: BufferQueue has been abandoned
06-12 23:34:13.409  2489  2719 I BufferQueueProducer: [unnamed-2489-134](this:0x741ce9d000,id:134,api:1,p:2489,c:2489) connect(P): api=1 producer=(2489:com.android.systemui) producerControlledByApp=false
06-12 23:34:13.409   432  1097 E BufferQueueProducer: [com.gene.sandbox/android.app.NativeActivity#0](this:0x6fcdfb5800,id:1938,api:1,p:15879,c:-1) dequeueBuffer: BufferQueue has been abandoned
06-12 23:34:13.414   432  1097 E BufferQueueProducer: [com.gene.sandbox/android.app.NativeActivity#0](this:0x6fcdfb5800,id:1938,api:1,p:15879,c:-1) dequeueBuffer: BufferQueue has been abandoned
06-12 23:34:13.414   422   444 I libPerfService: 11: legacy set freq: -1 -1 -1 -1
06-12 23:34:13.415   422   472 I vendor.mediatek.hardware.power@1.1-impl: mtkPowerHint hint:12, data:0
06-12 23:34:13.415   432  1097 E BufferQueueProducer: [com.gene.sandbox/android.app.NativeActivity#0](this:0x6fcdfb5800,id:1938,api:1,p:15879,c:-1) dequeueBuffer: BufferQueue has been abandoned
06-12 23:34:13.415   422   472 I vendor.mediatek.hardware.power@1.1-impl: mtkPowerHint hint:10, data:0
06-12 23:34:13.416   432   806 E BufferQueueProducer: [com.gene.sandbox/android.app.NativeActivity#0](this:0x6fcdfb5800,id:1938,api:1,p:15879,c:-1) dequeueBuffer: BufferQueue has been abandoned
06-12 23:34:13.416   432   432 I BufferQueue: [unnamed-432-1941](this:0x6fd87f5800,id:1941,api:0,p:-1,c:-1) BufferQueue core=(432:/system/bin/surfaceflinger)
06-12 23:34:13.417   432   432 I BufferQueueConsumer: [unnamed-432-1941](this:0x6fd87f5800,id:1941,api:0,p:-1,c:432) connect(C): consumer=(432:/system/bin/surfaceflinger) controlledByApp=false
06-12 23:34:13.417   432   432 I BufferQueueConsumer: [unnamed-432-1941](this:0x6fd87f5800,id:1941,api:0,p:-1,c:432) setConsumerName: unnamed-432-1941
06-12 23:34:13.417   432   432 I BufferQueueConsumer: [SnapshotStartingWindow for taskId=136#0](this:0x6fd87f5800,id:1941,api:0,p:-1,c:432) setConsumerName: SnapshotStartingWindow for taskId=136#0
06-12 23:34:13.417   432   432 I BufferQueueProducer: [](this:0x6fd87f5800,id:1941,api:0,p:-1,c:432) setMaxDequeuedBufferCount: maxDequeuedBuffers = 2
06-12 23:34:13.417   432   432 I BufferQueueConsumer: [SnapshotStartingWindow for taskId=136#0](this:0x6fd87f5800,id:1941,api:0,p:-1,c:432) setDefaultBufferSize: width=720 height=1280
06-12 23:34:13.417  2489  2719 I BufferQueueProducer: [unnamed-2489-134](this:0x741ce9d000,id:134,api:1,p:2489,c:2489) disconnect(P): api 1
06-12 23:34:13.417  2489  2719 I BufferQueueConsumer: [unnamed-2489-134](this:0x741ce9d000,id:134,api:1,p:-1,c:2489) getReleasedBuffers: returning mask 0xffffffffffffffff
06-12 23:34:13.417  2489  2489 E BufferItemConsumer: [unnamed-2489-134] Failed to release buffer: Unknown error -1 (1)
06-12 23:34:13.417   432  1097 E BufferQueueProducer: [com.gene.sandbox/android.app.NativeActivity#0](this:0x6fcdfb5800,id:1938,api:1,p:15879,c:-1) dequeueBuffer: BufferQueue has been abandoned
06-12 23:34:13.417  2489  2489 I BufferQueueConsumer: [unnamed-2489-134](this:0x741ce9d000,id:134,api:1,p:-1,c:-1) disconnect(C)
06-12 23:34:13.418  2489  2489 I BufferQueue: [unnamed-2489-134](this:0x741ce9d000,id:134,api:1,p:-1,c:-1) ~BufferQueueCore
06-12 23:34:13.420   432  1097 E BufferQueueProducer: [com.gene.sandbox/android.app.NativeActivity#0](this:0x6fcdfb5800,id:1938,api:1,p:15879,c:-1) dequeueBuffer: BufferQueue has been abandoned
06-12 23:34:13.421   432   490 E BufferQueueProducer: [com.gene.sandbox/android.app.NativeActivity#0](this:0x6fcdfb5800,id:1938,api:1,p:15879,c:-1) dequeueBuffer: BufferQueue has been abandoned
06-12 23:34:13.422   432  1097 E BufferQueueProducer: [com.gene.sandbox/android.app.NativeActivity#0](this:0x6fcdfb5800,id:1938,api:1,p:15879,c:-1) dequeueBuffer: BufferQueue has been abandoned
06-12 23:34:13.423   432  1097 E BufferQueueProducer: [com.gene.sandbox/android.app.NativeActivity#0](this:0x6fcdfb5800,id:1938,api:1,p:15879,c:-1) dequeueBuffer: BufferQueue has been abandoned
06-12 23:34:13.423   432   806 I BufferQueueProducer: [SnapshotStartingWindow for taskId=136#0](this:0x6fd87f5800,id:1941,api:2,p:2211,c:432) connect(P): api=2 producer=(2211:system_server) producerControlledByApp=false
06-12 23:34:13.424   432   490 E BufferQueueProducer: [com.gene.sandbox/android.app.NativeActivity#0](this:0x6fcdfb5800,id:1938,api:1,p:15879,c:-1) dequeueBuffer: BufferQueue has been abandoned
06-12 23:34:13.425   432   490 E BufferQueueProducer: [com.gene.sandbox/android.app.NativeActivity#0](this:0x6fcdfb5800,id:1938,api:1,p:15879,c:-1) dequeueBuffer: BufferQueue has been abandoned
06-12 23:34:13.425   432  1097 I BufferQueueProducer: [SnapshotStartingWindow for taskId=136#0](this:0x6fd87f5800,id:1941,api:2,p:2211,c:432) disconnect(P): api 2
06-12 23:34:13.425   432  1097 I BufferQueueConsumer: [SnapshotStartingWindow for taskId=136#0](this:0x6fd87f5800,id:1941,api:2,p:-1,c:432) getReleasedBuffers: returning mask 0xffffffffffffffff
06-12 23:34:13.425   432  1097 E BufferQueueProducer: [com.gene.sandbox/android.app.NativeActivity#0](this:0x6fcdfb5800,id:1938,api:1,p:15879,c:-1) dequeueBuffer: BufferQueue has been abandoned
06-12 23:34:13.426   432   490 E BufferQueueProducer: [com.gene.sandbox/android.app.NativeActivity#0](this:0x6fcdfb5800,id:1938,api:1,p:15879,c:-1) dequeueBuffer: BufferQueue has been abandoned
06-12 23:34:13.427   432   490 I chatty  : uid=1000(system) Binder:432_2 identical 1 line
06-12 23:34:13.429   432   490 E BufferQueueProducer: [com.gene.sandbox/android.app.NativeActivity#0](this:0x6fcdfb5800,id:1938,api:1,p:15879,c:-1) dequeueBuffer: BufferQueue has been abandoned
06-12 23:34:13.430   432  1097 E BufferQueueProducer: [com.gene.sandbox/android.app.NativeActivity#0](this:0x6fcdfb5800,id:1938,api:1,p:15879,c:-1) dequeueBuffer: BufferQueue has been abandoned
06-12 23:34:13.434   432  1097 I chatty  : uid=1000(system) Binder:432_4 identical 5 lines
06-12 23:34:13.435   432  1097 E BufferQueueProducer: [com.gene.sandbox/android.app.NativeActivity#0](this:0x6fcdfb5800,id:1938,api:1,p:15879,c:-1) dequeueBuffer: BufferQueue has been abandoned
06-12 23:34:13.436   422   472 I vendor.mediatek.hardware.power@1.1-impl: notifyAppState pack:com.gene.sandbox, act:android.app.NativeActivity, pid:15879, state:1
06-12 23:34:13.437   422   444 I powerd  : [powerd_req] POWER_MSG_NOTIFY_STATE
06-12 23:34:13.437   422   444 I libPerfService: [perfNotifyAppState] foreground:com.gene.sandbox, pid:15879
06-12 23:34:13.438   432  1097 E BufferQueueProducer: [com.gene.sandbox/android.app.NativeActivity#0](this:0x6fcdfb5800,id:1938,api:1,p:15879,c:-1) dequeueBuffer: BufferQueue has been abandoned
06-12 23:34:13.438   422   444 I libPerfService: perfUserGetCapability - cmd:7, id:0
06-12 23:34:13.438   422   444 I libPerfService: perfUserGetCapability - value:-1
06-12 23:34:13.438   432  1097 E BufferQueueProducer: [com.gene.sandbox/android.app.NativeActivity#0](this:0x6fcdfb5800,id:1938,api:1,p:15879,c:-1) dequeueBuffer: BufferQueue has been abandoned
06-12 23:34:13.439   432   490 E BufferQueueProducer: [com.gene.sandbox/android.app.NativeActivity#0](this:0x6fcdfb5800,id:1938,api:1,p:15879,c:-1) dequeueBuffer: BufferQueue has been abandoned
06-12 23:34:13.447   432   490 I chatty  : uid=1000(system) Binder:432_2 identical 8 lines
06-12 23:34:13.448   432   490 E BufferQueueProducer: [com.gene.sandbox/android.app.NativeActivity#0](this:0x6fcdfb5800,id:1938,api:1,p:15879,c:-1) dequeueBuffer: BufferQueue has been abandoned
06-12 23:34:13.448   432   432 I BufferQueue: [unnamed-432-1942](this:0x6fcdf91800,id:1942,api:0,p:-1,c:-1) BufferQueue core=(432:/system/bin/surfaceflinger)
06-12 23:34:13.448   432   432 I BufferQueueConsumer: [unnamed-432-1942](this:0x6fcdf91800,id:1942,api:0,p:-1,c:432) connect(C): consumer=(432:/system/bin/surfaceflinger) controlledByApp=false
06-12 23:34:13.448   432   432 I BufferQueueConsumer: [unnamed-432-1942](this:0x6fcdf91800,id:1942,api:0,p:-1,c:432) setConsumerName: unnamed-432-1942
06-12 23:34:13.448   432   432 I BufferQueueConsumer: [thumbnail anim#0](this:0x6fcdf91800,id:1942,api:0,p:-1,c:432) setConsumerName: thumbnail anim#0
06-12 23:34:13.448   432   432 I BufferQueueProducer: [](this:0x6fcdf91800,id:1942,api:0,p:-1,c:432) setMaxDequeuedBufferCount: maxDequeuedBuffers = 2
06-12 23:34:13.448   432   432 I BufferQueueConsumer: [thumbnail anim#0](this:0x6fcdf91800,id:1942,api:0,p:-1,c:432) setDefaultBufferSize: width=656 height=112
06-12 23:34:13.448   432   490 E BufferQueueProducer: [com.gene.sandbox/android.app.NativeActivity#0](this:0x6fcdfb5800,id:1938,api:1,p:15879,c:-1) dequeueBuffer: BufferQueue has been abandoned
06-12 23:34:13.449   432   806 E BufferQueueProducer: [com.gene.sandbox/android.app.NativeActivity#0](this:0x6fcdfb5800,id:1938,api:1,p:15879,c:-1) dequeueBuffer: BufferQueue has been abandoned
06-12 23:34:13.449   432  1097 I BufferQueueProducer: [thumbnail anim#0](this:0x6fcdf91800,id:1942,api:2,p:2211,c:432) connect(P): api=2 producer=(2211:system_server) producerControlledByApp=false
06-12 23:34:13.450   432  1097 E BufferQueueProducer: [com.gene.sandbox/android.app.NativeActivity#0](this:0x6fcdfb5800,id:1938,api:1,p:15879,c:-1) dequeueBuffer: BufferQueue has been abandoned
06-12 23:34:13.451   432   490 I BufferQueueProducer: [thumbnail anim#0](this:0x6fcdf91800,id:1942,api:2,p:2211,c:432) disconnect(P): api 2
06-12 23:34:13.451   432   490 I BufferQueueConsumer: [thumbnail anim#0](this:0x6fcdf91800,id:1942,api:2,p:-1,c:432) getReleasedBuffers: returning mask 0xffffffffffffffff
06-12 23:34:13.453  2489  2489 I BufferQueue: [unnamed-2489-135](this:0x741ce9d000,id:135,api:0,p:-1,c:-1) BufferQueue core=(2489:com.android.systemui)
06-12 23:34:13.453  2489  2489 I BufferQueueConsumer: [unnamed-2489-135](this:0x741ce9d000,id:135,api:0,p:-1,c:2489) connect(C): consumer=(2489:com.android.systemui) controlledByApp=false
06-12 23:34:13.453  2489  2489 I BufferQueueConsumer: [unnamed-2489-135](this:0x741ce9d000,id:135,api:0,p:-1,c:2489) setConsumerName: unnamed-2489-135
06-12 23:34:13.453  2489  2489 I BufferQueueConsumer: [unnamed-2489-135](this:0x741ce9d000,id:135,api:0,p:-1,c:2489) setDefaultBufferSize: width=656 height=112
06-12 23:34:13.453   432  1097 E BufferQueueProducer: [com.gene.sandbox/android.app.NativeActivity#0](this:0x6fcdfb5800,id:1938,api:1,p:15879,c:-1) dequeueBuffer: BufferQueue has been abandoned
06-12 23:34:13.455   432   490 E BufferQueueProducer: [com.gene.sandbox/android.app.NativeActivity#0](this:0x6fcdfb5800,id:1938,api:1,p:15879,c:-1) dequeueBuffer: BufferQueue has been abandoned
06-12 23:34:13.455   432   490 I chatty  : uid=1000(system) Binder:432_2 identical 1 line
06-12 23:34:13.456   432   490 E BufferQueueProducer: [com.gene.sandbox/android.app.NativeActivity#0](this:0x6fcdfb5800,id:1938,api:1,p:15879,c:-1) dequeueBuffer: BufferQueue has been abandoned
06-12 23:34:13.457  2489  2719 I BufferQueueProducer: [unnamed-2489-135](this:0x741ce9d000,id:135,api:1,p:2489,c:2489) connect(P): api=1 producer=(2489:com.android.systemui) producerControlledByApp=false
06-12 23:34:13.457   432  1097 E BufferQueueProducer: [com.gene.sandbox/android.app.NativeActivity#0](this:0x6fcdfb5800,id:1938,api:1,p:15879,c:-1) dequeueBuffer: BufferQueue has been abandoned
06-12 23:34:13.458   432  1470 E BufferQueueProducer: [com.gene.sandbox/android.app.NativeActivity#0](this:0x6fcdfb5800,id:1938,api:1,p:15879,c:-1) dequeueBuffer: BufferQueue has been abandoned
06-12 23:34:13.462   432  1470 I chatty  : uid=1000(system) Binder:432_5 identical 2 lines
06-12 23:34:13.463   432  1470 E BufferQueueProducer: [com.gene.sandbox/android.app.NativeActivity#0](this:0x6fcdfb5800,id:1938,api:1,p:15879,c:-1) dequeueBuffer: BufferQueue has been abandoned
06-12 23:34:13.464   432   806 E BufferQueueProducer: [com.gene.sandbox/android.app.NativeActivity#0](this:0x6fcdfb5800,id:1938,api:1,p:15879,c:-1) dequeueBuffer: BufferQueue has been abandoned
06-12 23:34:13.464  2489  2719 I BufferQueueProducer: [unnamed-2489-135](this:0x741ce9d000,id:135,api:1,p:2489,c:2489) disconnect(P): api 1
06-12 23:34:13.464  2489  2719 I BufferQueueConsumer: [unnamed-2489-135](this:0x741ce9d000,id:135,api:1,p:-1,c:2489) getReleasedBuffers: returning mask 0xffffffffffffffff
06-12 23:34:13.465   432   806 E BufferQueueProducer: [com.gene.sandbox/android.app.NativeActivity#0](this:0x6fcdfb5800,id:1938,api:1,p:15879,c:-1) dequeueBuffer: BufferQueue has been abandoned
06-12 23:34:13.465   432   806 E BufferQueueProducer: [com.gene.sandbox/android.app.NativeActivity#0](this:0x6fcdfb5800,id:1938,api:1,p:15879,c:-1) dequeueBuffer: BufferQueue has been abandoned
06-12 23:34:13.466  2489  2489 E BufferItemConsumer: [unnamed-2489-135] Failed to release buffer: Unknown error -1 (1)
06-12 23:34:13.466   432   806 E BufferQueueProducer: [com.gene.sandbox/android.app.NativeActivity#0](this:0x6fcdfb5800,id:1938,api:1,p:15879,c:-1) dequeueBuffer: BufferQueue has been abandoned
06-12 23:34:13.466  2489  2489 I BufferQueueConsumer: [unnamed-2489-135](this:0x741ce9d000,id:135,api:1,p:-1,c:-1) disconnect(C)
06-12 23:34:13.466  2489  2489 I BufferQueue: [unnamed-2489-135](this:0x741ce9d000,id:135,api:1,p:-1,c:-1) ~BufferQueueCore
06-12 23:34:13.468   432  1470 E BufferQueueProducer: [com.gene.sandbox/android.app.NativeActivity#0](this:0x6fcdfb5800,id:1938,api:1,p:15879,c:-1) dequeueBuffer: BufferQueue has been abandoned
06-12 23:34:13.470   432   806 E BufferQueueProducer: [com.gene.sandbox/android.app.NativeActivity#0](this:0x6fcdfb5800,id:1938,api:1,p:15879,c:-1) dequeueBuffer: BufferQueue has been abandoned
06-12 23:34:13.471   432   806 E BufferQueueProducer: [com.gene.sandbox/android.app.NativeActivity#0](this:0x6fcdfb5800,id:1938,api:1,p:15879,c:-1) dequeueBuffer: BufferQueue has been abandoned
06-12 23:34:13.472   432  1470 E BufferQueueProducer: [com.gene.sandbox/android.app.NativeActivity#0](this:0x6fcdfb5800,id:1938,api:1,p:15879,c:-1) dequeueBuffer: BufferQueue has been abandoned
06-12 23:34:13.472   432   432 I BufferQueueProducer: [FrameBufferSurface_0](this:0x6fdabde000,id:0,api:1,p:432,c:432) queueBuffer: fps=5.46 dur=1830.63 max=1682.64 min=14.42
06-12 23:34:13.474   432  1470 E BufferQueueProducer: [com.gene.sandbox/android.app.NativeActivity#0](this:0x6fcdfb5800,id:1938,api:1,p:15879,c:-1) dequeueBuffer: BufferQueue has been abandoned
06-12 23:34:13.475   432   806 E BufferQueueProducer: [com.gene.sandbox/android.app.NativeActivity#0](this:0x6fcdfb5800,id:1938,api:1,p:15879,c:-1) dequeueBuffer: BufferQueue has been abandoned
06-12 23:34:13.481  2211  2501 I WindowManager: Relayout Window{8f606c8 u0 com.gene.sandbox/android.app.NativeActivity}: oldVis=4 newVis=0 focusMayChange = true
06-12 23:34:13.482   432   806 E BufferQueueProducer: [com.gene.sandbox/android.app.NativeActivity#0](this:0x6fcdfb5800,id:1938,api:1,p:15879,c:-1) dequeueBuffer: BufferQueue has been abandoned
06-12 23:34:13.482   432   432 I BufferQueue: [unnamed-432-1943](this:0x6fd87dd000,id:1943,api:0,p:-1,c:-1) BufferQueue core=(432:/system/bin/surfaceflinger)
06-12 23:34:13.483   432   806 E BufferQueueProducer: [com.gene.sandbox/android.app.NativeActivity#0](this:0x6fcdfb5800,id:1938,api:1,p:15879,c:-1) dequeueBuffer: BufferQueue has been abandoned
06-12 23:34:13.483   432   432 I BufferQueueConsumer: [unnamed-432-1943](this:0x6fd87dd000,id:1943,api:0,p:-1,c:432) connect(C): consumer=(432:/system/bin/surfaceflinger) controlledByApp=false
06-12 23:34:13.483   432   432 I BufferQueueConsumer: [unnamed-432-1943](this:0x6fd87dd000,id:1943,api:0,p:-1,c:432) setConsumerName: unnamed-432-1943
06-12 23:34:13.483   432   432 I BufferQueueConsumer: [com.gene.sandbox/android.app.NativeActivity#0](this:0x6fd87dd000,id:1943,api:0,p:-1,c:432) setConsumerName: com.gene.sandbox/android.app.NativeActivity#0
06-12 23:34:13.483   432   432 I BufferQueueProducer: [](this:0x6fd87dd000,id:1943,api:0,p:-1,c:432) setMaxDequeuedBufferCount: maxDequeuedBuffers = 2
06-12 23:34:13.483   432   432 I BufferQueueConsumer: [com.gene.sandbox/android.app.NativeActivity#0](this:0x6fd87dd000,id:1943,api:0,p:-1,c:432) setDefaultBufferSize: width=720 height=1280
06-12 23:34:13.483   432   490 E BufferQueueProducer: [com.gene.sandbox/android.app.NativeActivity#0](this:0x6fcdfb5800,id:1938,api:1,p:15879,c:-1) dequeueBuffer: BufferQueue has been abandoned
06-12 23:34:13.484   432  1097 E BufferQueueProducer: [com.gene.sandbox/android.app.NativeActivity#0](this:0x6fcdfb5800,id:1938,api:1,p:15879,c:-1) dequeueBuffer: BufferQueue has been abandoned
06-12 23:34:13.485   432  1470 E BufferQueueProducer: [com.gene.sandbox/android.app.NativeActivity#0](this:0x6fcdfb5800,id:1938,api:1,p:15879,c:-1) dequeueBuffer: BufferQueue has been abandoned
06-12 23:34:13.486   432  1097 E BufferQueueProducer: [com.gene.sandbox/android.app.NativeActivity#0](this:0x6fcdfb5800,id:1938,api:1,p:15879,c:-1) dequeueBuffer: BufferQueue has been abandoned
06-12 23:34:13.487   432  1097 I chatty  : uid=1000(system) Binder:432_4 identical 1 line
06-12 23:34:13.488   432  1097 E BufferQueueProducer: [com.gene.sandbox/android.app.NativeActivity#0](this:0x6fcdfb5800,id:1938,api:1,p:15879,c:-1) dequeueBuffer: BufferQueue has been abandoned
06-12 23:34:13.489   432  1470 E BufferQueueProducer: [com.gene.sandbox/android.app.NativeActivity#0](this:0x6fcdfb5800,id:1938,api:1,p:15879,c:-1) dequeueBuffer: BufferQueue has been abandoned
06-12 23:34:13.491   432  1097 E BufferQueueProducer: [com.gene.sandbox/android.app.NativeActivity#0](this:0x6fcdfb5800,id:1938,api:1,p:15879,c:-1) dequeueBuffer: BufferQueue has been abandoned
06-12 23:34:13.494   432  1097 I chatty  : uid=1000(system) Binder:432_4 identical 3 lines
06-12 23:34:13.495   432  1097 E BufferQueueProducer: [com.gene.sandbox/android.app.NativeActivity#0](this:0x6fcdfb5800,id:1938,api:1,p:15879,c:-1) dequeueBuffer: BufferQueue has been abandoned
06-12 23:34:13.496 15879 15895 W Gene    : [GLog] [Debug]: Creating Android OpenGL Context
06-12 23:34:13.496   432  1470 I BufferQueueProducer: [com.gene.sandbox/android.app.NativeActivity#0](this:0x6fd87dd000,id:1943,api:1,p:15879,c:432) connect(P): api=1 producer=(15879:com.gene.sandbox) producerControlledByApp=true
06-12 23:34:13.501 15879 15895 W Gene    : [GLog] [Debug]: Screen Size: 720x1280
06-12 23:34:13.504 15879 15895 W Gene    : [GLog] [Infomation]: Buffer::GetPointer<T>() is returning a null pointer (Buffer ID: 1)
--------- beginning of crash
06-12 23:34:13.505 15879 15895 F libc    : I:\Dev\Gene\Gene\Engine\Private\Graphics\Renderer2D.cc:422: void gene::graphics::Renderer2D::Begin(): assertion "m_Buffer" failed
06-12 23:34:13.505 15879 15895 F libc    : Fatal signal 6 (SIGABRT), code -6 in tid 15895 (Thread-2)
06-12 23:34:13.513   432  1470 I BufferQueueProducer: [StatusBar#0](this:0x6fdabe1000,id:28,api:1,p:2489,c:432) queueBuffer: fps=6.25 dur=1921.33 max=1715.58 min=10.73
06-12 23:34:13.523   432  1470 I BufferQueueProducer: [NavigationBar#0](this:0x6fdabe2800,id:1287,api:1,p:2489,c:432) queueBuffer: fps=1.91 dur=1566.76 max=1537.99 min=12.33
06-12 23:34:13.578  1745  1745 W startup-prober: type=1400 audit(0.0:327058): avc: denied { read } for name="u:object_r:hwservicemanager_prop:s0" dev="tmpfs" ino=2357 scontext=u:r:startupprober:s0 tcontext=u:object_r:hwservicemanager_prop:s0 tclass=file permissive=0
06-12 23:34:13.581  1745  1745 W /vendor/bin/startup-prober: Waited for hwservicemanager.ready for a second, waiting another...
06-12 23:34:13.583  1745  1745 E libc    : Access denied finding property "hwservicemanager.ready"
06-12 23:34:13.578  1745  1745 W startup-prober: type=1400 audit(0.0:327059): avc: denied { read } for name="u:object_r:hwservicemanager_prop:s0" dev="tmpfs" ino=2357 scontext=u:r:startupprober:s0 tcontext=u:object_r:hwservicemanager_prop:s0 tclass=file permissive=0
06-12 23:34:13.584  1745  1745 E libc    : Access denied finding property "hwservicemanager.ready"
06-12 23:34:13.586 15926 15926 I crash_dump64: obtaining output fd from tombstoned
06-12 23:34:13.587  1952  1952 I /system/bin/tombstoned: received crash request for pid 15879
06-12 23:34:13.591 15926 15926 I crash_dump64: performing dump of process 15879 (target tid = 15895)
06-12 23:34:13.591 15879 15895 I libc    : orig_dumpable: 1
06-12 23:34:13.592 15926 15926 F DEBUG   : *** *** *** *** *** *** *** *** *** *** *** *** *** *** *** ***
06-12 23:34:13.592 15926 15926 F DEBUG   : Build fingerprint: 'Sony/G3121/G3121:8.0.0/48.1.A.2.21/3047602646:user/release-keys'
06-12 23:34:13.592 15926 15926 F DEBUG   : Revision: '0'
06-12 23:34:13.592 15926 15926 F DEBUG   : ABI: 'arm64'
06-12 23:34:13.592 15926 15926 F DEBUG   : pid: 15879, tid: 15895, name: Thread-2  >>> com.gene.sandbox <<<
06-12 23:34:13.592 15926 15926 F DEBUG   : signal 6 (SIGABRT), code -6 (SI_TKILL), fault addr --------
06-12 23:34:13.597 15926 15926 F DEBUG   : Abort message: 'I:\Dev\Gene\Gene\Engine\Private\Graphics\Renderer2D.cc:422: void gene::graphics::Renderer2D::Begin(): assertion "m_Buffer" failed'
06-12 23:34:13.597 15926 15926 F DEBUG   :     x0   0000000000000000  x1   0000000000003e17  x2   0000000000000006  x3   0000000000000008
06-12 23:34:13.598 15926 15926 F DEBUG   :     x4   0080808080808080  x5   0080808080808080  x6   0080808080808080  x7   0000000000000010
06-12 23:34:13.599 15926 15926 F DEBUG   :     x8   0000000000000083  x9   e75b568fb9ff66db  x10  0000000000000000  x11  0000000000000001
06-12 23:34:13.599 15926 15926 F DEBUG   :     x12  0000000000000008  x13  000000005b204a65  x14  001debe9832ec220  x15  0000314a16c4f8ed
06-12 23:34:13.599 15926 15926 F DEBUG   :     x16  000000743fc63308  x17  000000743fc047a4  x18  000000000000000a  x19  0000000000003e07
06-12 23:34:13.599 15926 15926 F DEBUG   :     x20  0000000000003e17  x21  00000074233914f0  x22  0000000000003e07  x23  0000007422e9f6ec
06-12 23:34:13.599 15926 15926 F DEBUG   :     x24  0000007423391570  x25  0000007423295000  x26  0000000000000054  x27  0000007fe9e6348c
06-12 23:34:13.599 15926 15926 F DEBUG   :     x28  0000007fe9e63490  x29  0000007423391120  x30  000000743fbb7840
06-12 23:34:13.604 15926 15926 F DEBUG   : 
06-12 23:34:13.604 15926 15926 F DEBUG   : backtrace:
