06-12 23:34:13.604 15926 15926 F DEBUG   :     #00 pc 000000000006a7ac  /system/lib64/libc.so (tgkill+8)
06-12 23:34:13.604 15926 15926 F DEBUG   :     #01 pc 000000000001d83c  /system/lib64/libc.so (abort+88)
06-12 23:34:13.604 15926 15926 F DEBUG   :     #02 pc 0000000000025208  /system/lib64/libc.so (__libc_fatal+116)
06-12 23:34:13.604 15926 15926 F DEBUG   :     #03 pc 000000000001dbd4  /system/lib64/libc.so (__assert2+48)
06-12 23:34:13.604 15926 15926 F DEBUG   :     #04 pc 00000000000654a8  /data/app/com.gene.sandbox-FO9pSILknAHjfuyRvUDlIQ==/lib/arm64/libGene.Sandbox.so (_ZN4gene8graphics10Renderer2D5BeginEv+116)
06-12 23:34:13.604 15926 15926 F DEBUG   :     #05 pc 000000000005ae30  /data/app/com.gene.sandbox-FO9pSILknAHjfuyRvUDlIQ==/lib/arm64/libGene.Sandbox.so (_Z8GeneMainiPPc+600)
06-12 23:34:13.604 15926 15926 F DEBUG   :     #06 pc 0000000000070174  /data/app/com.gene.sandbox-FO9pSILknAHjfuyRvUDlIQ==/lib/arm64/libGene.Sandbox.so (android_main+40)
06-12 23:34:13.604 15926 15926 F DEBUG   :     #07 pc 000000000009f7f4  /data/app/com.gene.sandbox-FO9pSILknAHjfuyRvUDlIQ==/lib/arm64/libGene.Sandbox.so (android_app_entry+264)
06-12 23:34:13.604 15926 15926 F DEBUG   :     #08 pc 000000000006701c  /system/lib64/libc.so (_ZL15__pthread_startPv+36)
06-12 23:34:13.604 15926 15926 F DEBUG   :     #09 pc 000000000001ec54  /system/lib64/libc.so (__start_thread+68)
06-12 23:34:13.614   432   432 I BufferQueueConsumer: [thumbnail anim#0](this:0x6fcdf91800,id:1942,api:2,p:-1,c:-1) disconnect(C)
06-12 23:34:13.615   432   432 I BufferQueue: [thumbnail anim#0](this:0x6fcdf91800,id:1942,api:2,p:-1,c:-1) ~BufferQueueCore
06-12 23:34:13.659   432   490 I BufferQueueProducer: [com.android.systemui/com.android.systemui.recents.RecentsActivity#0](this:0x6fd87f4000,id:1939,api:1,p:2489,c:432) disconnect(P): api 1
06-12 23:34:13.659   432   490 I BufferQueueConsumer: [com.android.systemui/com.android.systemui.recents.RecentsActivity#0](this:0x6fd87f4000,id:1939,api:1,p:-1,c:432) getReleasedBuffers: returning mask 0xffffffffffffffff
06-12 23:34:13.664   432   432 I BufferQueueConsumer: [SnapshotStartingWindow for taskId=136#0](this:0x6fd87f5800,id:1941,api:2,p:-1,c:-1) disconnect(C)
06-12 23:34:13.664   432   432 I BufferQueue: [SnapshotStartingWindow for taskId=136#0](this:0x6fd87f5800,id:1941,api:2,p:-1,c:-1) ~BufferQueueCore
06-12 23:34:13.681   432   432 I BufferQueueConsumer: [com.android.systemui/com.android.systemui.recents.RecentsActivity#0](this:0x6fd87f4000,id:1939,api:1,p:-1,c:-1) disconnect(C)
06-12 23:34:13.681   432   432 I BufferQueue: [com.android.systemui/com.android.systemui.recents.RecentsActivity#0](this:0x6fd87f4000,id:1939,api:1,p:-1,c:-1) ~BufferQueueCore
06-12 23:34:13.753  2489  2961 I zygote64: Explicit concurrent copying GC freed 4953(266KB) AllocSpace objects, 0(0B) LOS objects, 44% free, 7MB/13MB, paused 361us total 110.642ms
06-12 23:34:14.028   422   445 I vendor.mediatek.hardware.power@1.1-impl: querySysInfo cmd:6, param:0
06-12 23:34:14.029   422   444 I powerd  : [powerd_req] POWER_MSG_QUERY_INFO
06-12 23:34:14.029   422   444 I powerd  : [powerd_req] POWER_MSG_QUERY_INFO: cmd:6, param:0
06-12 23:34:14.029   422   444 I libPerfService: perfUserGetCapability - cmd:6, id:0
06-12 23:34:14.029   422   444 I libPerfService: perfUserGetCapability - value:15879
06-12 23:34:14.042  1618  1628 I GasService: GAS loop :com.gene.sandbox, pid:15879.
06-12 23:34:14.222  1909  1909 W AudioOut_D: type=1400 audit(0.0:327060): avc: denied { read } for name="audio_param" dev="dm-1" ino=802827 scontext=u:r:audioserver:s0 tcontext=u:object_r:mtk_audiohal_data_file:s0 tclass=dir permissive=0
06-12 23:34:14.474   432   432 I DisplayDevice: [Built-in Screen (type:0)] fps:29.613756,dur:1418.26,max:611.01,min:14.06
06-12 23:34:14.506  1745  1745 E libc    : Access denied finding property "hwservicemanager.ready"
06-12 23:34:14.502  1745  1745 W startup-prober: type=1400 audit(0.0:327061): avc: denied { read } for name="u:object_r:hwservicemanager_prop:s0" dev="tmpfs" ino=2357 scontext=u:r:startupprober:s0 tcontext=u:object_r:hwservicemanager_prop:s0 tclass=file permissive=0
06-12 23:34:14.509  1745  1745 E libc    : Access denied finding property "hwservicemanager.ready"
06-12 23:34:14.509 15928 15928 I AEE_AED : aed_crash_dump_session: aed_report_filter asked to skip
06-12 23:34:14.510 15926 15926 I crash_dump: crash_dump_notify exit
06-12 23:34:14.506  1745  1745 W startup-prober: type=1400 audit(0.0:327062): avc: denied { read } for name="u:object_r:hwservicemanager_prop:s0" dev="tmpfs" ino=2357 scontext=u:r:startupprober:s0 tcontext=u:object_r:hwservicemanager_prop:s0 tclass=file permissive=0
06-12 23:34:14.510  1745  1745 W startup-prober: type=1400 audit(0.0:327063): avc: denied { read } for name="u:object_r:hwservicemanager_prop:s0" dev="tmpfs" ino=2357 scontext=u:r:startupprober:s0 tcontext=u:object_r:hwservicemanager_prop:s0 tclass=file permissive=0
06-12 23:34:14.514  1745  1745 E libc    : Access denied finding property "hwservicemanager.ready"
06-12 23:34:14.516  1952  1952 E /system/bin/tombstoned: Tombstone written to: /data/tombstones//tombstone_06
06-12 23:34:14.520  2211 15929 W ActivityManager:   Force finishing activity com.gene.sandbox/android.app.NativeActivity
06-12 23:34:14.524   422   472 I vendor.mediatek.hardware.power@1.1-impl: mtkPowerHint hint:11, data:2000
06-12 23:34:14.525   422   444 I libPerfService: 11: legacy set freq: 1638000 -1 2340000 -1
06-12 23:34:14.525   422   444 I libPerfService: 11: legacy set: -1 -1 4 -1
06-12 23:34:14.531  2211 15930 W AES     : Exception Log handling...
06-12 23:34:14.531  2211  2226 I ActivityManager: Showing crash dialog for package com.gene.sandbox u0
06-12 23:34:14.532  2211 15930 W AES     : native_crash should be processed by aee already
06-12 23:34:14.534   431   431 E lowmemorykiller: Error writing /proc/15879/oom_score_adj; errno=22
06-12 23:34:14.572  2211  2395 W InputDispatcher: channel '8f606c8 com.gene.sandbox/android.app.NativeActivity (server)' ~ Consumer closed input channel or an error occurred.  events=0x9
06-12 23:34:14.572  2211  2395 E InputDispatcher: channel '8f606c8 com.gene.sandbox/android.app.NativeActivity (server)' ~ Channel is unrecoverably broken and will be disposed!
06-12 23:34:14.573   432   490 I SurfaceFlinger: EventThread Client Pid (15879) disconnected by (432)
06-12 23:34:14.573   432   486 I BufferQueueProducer: [com.gene.sandbox/android.app.NativeActivity#0](this:0x6fcdfb5800,id:1938,api:1,p:15879,c:-1) disconnect(P): api 1
06-12 23:34:14.573   432   486 I BufferQueueProducer: [com.gene.sandbox/android.app.NativeActivity#0](this:0x6fd87dd000,id:1943,api:1,p:15879,c:432) disconnect(P): api 1
06-12 23:34:14.573   432   490 I SurfaceFlinger: EventThread Client Pid (15879) disconnected by (432)
06-12 23:34:14.573   432   490 I BufferQueue: [com.gene.sandbox/android.app.NativeActivity#0](this:0x6fcdfb5800,id:1938,api:1,p:-1,c:-1) ~BufferQueueCore
06-12 23:34:14.573   432   486 I BufferQueueConsumer: [com.gene.sandbox/android.app.NativeActivity#0](this:0x6fd87dd000,id:1943,api:1,p:-1,c:432) getReleasedBuffers: returning mask 0xffffffffffffffff
06-12 23:34:14.573  2211  2616 I WindowManager: WIN DEATH: Window{8f606c8 u0 com.gene.sandbox/android.app.NativeActivity}
06-12 23:34:14.573  2211  2616 W InputDispatcher: Attempted to unregister already unregistered input channel '8f606c8 com.gene.sandbox/android.app.NativeActivity (server)'
06-12 23:34:14.574  2211  2501 I ActivityManager: Process com.gene.sandbox (pid 15879) has died: vis  +99TOP 
06-12 23:34:14.574  1906  1906 I Zygote  : Process 15879 exited due to signal (6)
06-12 23:34:14.579   432   486 I SurfaceFlinger: [SF client] DEL(0x6fcde6dcc0) for (2211:system_server)
06-12 23:34:14.581   432   432 I BufferQueue: [unnamed-432-1944](this:0x6fd87f4000,id:1944,api:0,p:-1,c:-1) BufferQueue core=(432:/system/bin/surfaceflinger)
06-12 23:34:14.581   432   432 I BufferQueueConsumer: [unnamed-432-1944](this:0x6fd87f4000,id:1944,api:0,p:-1,c:432) connect(C): consumer=(432:/system/bin/surfaceflinger) controlledByApp=false
06-12 23:34:14.581   432   432 I BufferQueueConsumer: [unnamed-432-1944](this:0x6fd87f4000,id:1944,api:0,p:-1,c:432) setConsumerName: unnamed-432-1944
06-12 23:34:14.581  1745  1745 W /vendor/bin/startup-prober: Waited for hwservicemanager.ready for a second, waiting another...
06-12 23:34:14.581   432   432 I BufferQueueConsumer: [Application Error: com.gene.sandbox#0](this:0x6fd87f4000,id:1944,api:0,p:-1,c:432) setConsumerName: Application Error: com.gene.sandbox#0
06-12 23:34:14.581   432   432 I BufferQueueProducer: [](this:0x6fd87f4000,id:1944,api:0,p:-1,c:432) setMaxDequeuedBufferCount: maxDequeuedBuffers = 2
06-12 23:34:14.581   432   432 I BufferQueueConsumer: [Application Error: com.gene.sandbox#0](this:0x6fd87f4000,id:1944,api:0,p:-1,c:432) setDefaultBufferSize: width=129 height=129
06-12 23:34:14.578  1745  1745 W startup-prober: type=1400 audit(0.0:327064): avc: denied { read } for name="u:object_r:hwservicemanager_prop:s0" dev="tmpfs" ino=2357 scontext=u:r:startupprober:s0 tcontext=u:object_r:hwservicemanager_prop:s0 tclass=file permissive=0
06-12 23:34:14.582  1745  1745 E libc    : Access denied finding property "hwservicemanager.ready"
06-12 23:34:14.582  1745  1745 E libc    : Access denied finding property "hwservicemanager.ready"
06-12 23:34:14.578  1745  1745 W startup-prober: type=1400 audit(0.0:327065): avc: denied { read } for name="u:object_r:hwservicemanager_prop:s0" dev="tmpfs" ino=2357 scontext=u:r:startupprober:s0 tcontext=u:object_r:hwservicemanager_prop:s0 tclass=file permissive=0
06-12 23:34:14.587   432   432 I BufferQueueConsumer: [Application Error: com.gene.sandbox#0](this:0x6fd87f4000,id:1944,api:0,p:-1,c:432) setDefaultBufferSize: width=812 height=419
06-12 23:34:14.587   432   432 I BufferQueueConsumer: [com.gene.sandbox/android.app.NativeActivity#0](this:0x6fd87dd000,id:1943,api:1,p:-1,c:-1) disconnect(C)
06-12 23:34:14.587   432   432 I BufferQueue: [com.gene.sandbox/android.app.NativeActivity#0](this:0x6fd87dd000,id:1943,api:1,p:-1,c:-1) ~BufferQueueCore
06-12 23:34:14.595   432   486 I BufferQueueProducer: [Application Error: com.gene.sandbox#0](this:0x6fd87f4000,id:1944,api:1,p:2211,c:432) connect(P): api=1 producer=(2211:system_server) producerControlledByApp=false
06-12 23:34:14.597   422   472 I vendor.mediatek.hardware.power@1.1-impl: mtkPowerHint hint:11, data:0
06-12 23:34:14.598   422   444 I libPerfService: 11: legacy set: -1 -1 -1 -1
06-12 23:34:14.598   422   444 I libPerfService: 11: legacy set freq: -1 -1 -1 -1
06-12 23:34:14.600   422   472 I vendor.mediatek.hardware.power@1.1-impl: mtkPowerHint hint:12, data:0
06-12 23:34:14.600   422   472 I vendor.mediatek.hardware.power@1.1-impl: mtkPowerHint hint:10, data:0
06-12 23:34:14.601   422   472 I vendor.mediatek.hardware.power@1.1-impl: mtkPowerHint hint:11, data:2000
06-12 23:34:14.601   422   444 I libPerfService: 11: legacy set freq: 1638000 -1 2340000 -1
06-12 23:34:14.601   422   444 I libPerfService: 11: legacy set: -1 -1 4 -1
06-12 23:34:14.602   422   472 I vendor.mediatek.hardware.power@1.1-impl: notifyAppState pack:com.sonymobile.home, act:com.sonymobile.home.HomeActivity, pid:3459, state:1
06-12 23:34:14.602   422   444 I powerd  : [powerd_req] POWER_MSG_NOTIFY_STATE
06-12 23:34:14.602   422   444 I libPerfService: [perfNotifyAppState] foreground:com.sonymobile.home, pid:3459
06-12 23:34:14.602   422   444 I libPerfService: perfUserGetCapability - cmd:7, id:0
06-12 23:34:14.602   422   444 I libPerfService: perfUserGetCapability - value:-1
06-12 23:34:14.603   423   423 I MFI-RDS :  (     epdgs_rds_conn_init, 1167) [RDS][IF][epdgs_rds_conn_init] eims_info initial
06-12 23:34:14.603   423   423 I MFI-Conn:  (          mal_mfia_start,   48) mal_mfia_start(): Enter (-1)!!
06-12 23:34:14.607   423   423 E MFI-Conn:  (          mdfx_conn_conn,   76) mdfx_conn_conn(): the MFI connection fails!!
06-12 23:34:14.607   423   423 E MFI-Conn:  (   mdfx_conn_init_legacy,  363) mdfx_conn_init_legacy(): mdfx_conn_conn() error!!
06-12 23:34:14.607   423   423 I MFI-RDS :  (     epdgs_rds_conn_init, 1199) [RDS][epdgs_rds_conn_init] rds_wifi_disable_status init
06-12 23:34:14.609   432   806 I BufferQueueProducer: [NavigationBar#0](this:0x6fdabe2800,id:1287,api:1,p:2489,c:432) queueBuffer: fps=11.06 dur=1085.30 max=902.62 min=10.06
06-12 23:34:14.613  2211  2232 W ActivityManager: setHasOverlayUi called on unknown pid: 15879
06-12 23:34:14.622  2211  2232 I WindowManager: Losing delayed focus: Window{8f606c8 u0 com.gene.sandbox/android.app.NativeActivity}
06-12 23:34:14.629  2211  9971 I WindowManager: Relayout Window{ccf2ea2 u0 com.sonymobile.home/com.sonymobile.home.HomeActivity}: oldVis=4 newVis=0 focusMayChange = true
06-12 23:34:14.630   432   432 I BufferQueue: [unnamed-432-1945](this:0x6fd87dd000,id:1945,api:0,p:-1,c:-1) BufferQueue core=(432:/system/bin/surfaceflinger)
06-12 23:34:14.630   432   432 I BufferQueueConsumer: [unnamed-432-1945](this:0x6fd87dd000,id:1945,api:0,p:-1,c:432) connect(C): consumer=(432:/system/bin/surfaceflinger) controlledByApp=false
06-12 23:34:14.630   432   432 I BufferQueueConsumer: [unnamed-432-1945](this:0x6fd87dd000,id:1945,api:0,p:-1,c:432) setConsumerName: unnamed-432-1945
06-12 23:34:14.630   432   432 I BufferQueueConsumer: [com.sonymobile.home/com.sonymobile.home.HomeActivity#0](this:0x6fd87dd000,id:1945,api:0,p:-1,c:432) setConsumerName: com.sonymobile.home/com.sonymobile.home.HomeActivity#0
06-12 23:34:14.630   432   432 I BufferQueueProducer: [](this:0x6fd87dd000,id:1945,api:0,p:-1,c:432) setMaxDequeuedBufferCount: maxDequeuedBuffers = 2
06-12 23:34:14.630   432   432 I BufferQueueConsumer: [com.sonymobile.home/com.sonymobile.home.HomeActivity#0](this:0x6fd87dd000,id:1945,api:0,p:-1,c:432) setDefaultBufferSize: width=720 height=1280
06-12 23:34:14.636   432   486 I BufferQueueProducer: [com.sonymobile.home/com.sonymobile.home.HomeActivity#0](this:0x6fd87dd000,id:1945,api:1,p:3459,c:432) connect(P): api=1 producer=(3459:com.sonymobile.home) producerControlledByApp=true
06-12 23:34:14.642   432  1470 I BufferQueueProducer: [StatusBar#0](this:0x6fdabe1000,id:28,api:1,p:2489,c:432) queueBuffer: fps=16.83 dur=1128.74 max=660.20 min=9.96
06-12 23:34:14.740   432   432 I BufferQueueProducer: [FrameBufferSurface_0](this:0x6fdabde000,id:0,api:1,p:432,c:432) queueBuffer: fps=7.10 dur=1267.78 max=1135.63 min=14.29
06-12 23:34:14.756  3459  3459 W StaticLayout: maxLineHeight should not be -1.  maxLines:1 lineCount:1
06-12 23:34:14.804  2211  2232 I Timeline: Timeline: Activity_windows_visible id: ActivityRecord{4c8a080 u0 com.sonymobile.home/.HomeActivity t2} time:63629617 diff:205 start:warm|top-activity batt:46|2 mw:off|0 mem:1094940|0|60|7|15 cpu:[1638000, 1638000, 1638000, 1638000, 2340000, 2340000, 2340000, 2340000]
06-12 23:34:15.090  2211  2390 I AlarmManager: [openLteGateByDataShaping] isDataShapingWhitelist: false,openLteGateSuccess = false
06-12 23:34:15.211   422   472 I vendor.mediatek.hardware.power@1.1-impl: mtkPowerHint hint:15, data:10000
06-12 23:34:15.212  2211 15929 W ActivityManager: Ignoring remove of inactive process: ProcessRecord{7366c4 0:com.gene.sandbox/u0a253}
06-12 23:34:15.215   432   486 I BufferQueueProducer: [Application Error: com.gene.sandbox#0](this:0x6fd87f4000,id:1944,api:1,p:2211,c:432) disconnect(P): api 1
06-12 23:34:15.216   432   486 I BufferQueueConsumer: [Application Error: com.gene.sandbox#0](this:0x6fd87f4000,id:1944,api:1,p:-1,c:432) getReleasedBuffers: returning mask 0xffffffffffffffff
06-12 23:34:15.222  1909  1909 W AudioOut_D: type=1400 audit(0.0:327066): avc: denied { read } for name="audio_param" dev="dm-1" ino=802827 scontext=u:r:audioserver:s0 tcontext=u:object_r:mtk_audiohal_data_file:s0 tclass=dir permissive=0
06-12 23:34:15.231  2211  2226 W InputEventReceiver: Attempted to finish an input event but the input event receiver has already been disposed.
06-12 23:34:15.235  2471  2471 E FullInputEventModel: onStartInput event aborted: com.touchtype.keyboard.h.r: could not obtain extracted text (class com.touchtype.keyboard.h.r)
06-12 23:34:15.309   422   472 I vendor.mediatek.hardware.power@1.1-impl: mtkPowerHint hint:15, data:0
06-12 23:34:15.432  2211  2318 W AppOps  : Finishing op nesting under-run: uid 1000 pkg android code 24 time=0 duration=0 nesting=0
06-12 23:34:15.444   432   432 I BufferQueueConsumer: [Application Error: com.gene.sandbox#0](this:0x6fd87f4000,id:1944,api:1,p:-1,c:-1) disconnect(C)
06-12 23:34:15.445   432   432 I BufferQueue: [Application Error: com.gene.sandbox#0](this:0x6fd87f4000,id:1944,api:1,p:-1,c:-1) ~BufferQueueCore
06-12 23:34:15.448   417   417 I WifiHAL : Get link stats
06-12 23:34:15.449   417   417 E android.hardware.wifi@1.0-service: Invalid radio stats in link layer stats
06-12 23:34:15.466 10748 10771 E CarrierServices: [4606] cga.a: Failed to get com.google.android.apps.messaging client info.
06-12 23:34:15.472 10748 10771 I CarrierServices: [4606] bhj.a: FiST: Wifi connectivity status true
06-12 23:34:15.474 10748 10771 I CarrierServices: [4606] bho.d: Connected state: [1], networkType: [WIFI]
06-12 23:34:15.478 10748 15934 I CarrierServices: [4697] cjv.a: CarrierServices.apk is not sim call manager. Not enabling MMTel.
06-12 23:34:15.479   432   432 I DisplayDevice: [Built-in Screen (type:0)] fps:45.776791,dur:1004.88,max:149.55,min:12.75
06-12 23:34:15.480 10748 15934 I CarrierServices: [4697] asu.e: Should not enable MMTel, not starting CallEngine.
06-12 23:34:15.486 10748 15934 I CarrierServices: [4697] cjv.a: CarrierServices.apk is not sim call manager. Not enabling MMTel.
06-12 23:34:15.486 10748 15934 I CarrierServices: [4697] apx.run: (MMTel): Ignoring Network Change based on IMS preferences
06-12 23:34:15.549   422   472 I vendor.mediatek.hardware.power@1.1-impl: mtkPowerHint hint:15, data:10000
06-12 23:34:15.582  1745  1745 W /vendor/bin/startup-prober: Waited for hwservicemanager.ready for a second, waiting another...
06-12 23:34:15.578  1745  1745 W startup-prober: type=1400 audit(0.0:327067): avc: denied { read } for name="u:object_r:hwservicemanager_prop:s0" dev="tmpfs" ino=2357 scontext=u:r:startupprober:s0 tcontext=u:object_r:hwservicemanager_prop:s0 tclass=file permissive=0
06-12 23:34:15.582  1745  1745 E libc    : Access denied finding property "hwservicemanager.ready"
06-12 23:34:15.583  1745  1745 E libc    : Access denied finding property "hwservicemanager.ready"
06-12 23:34:15.578  1745  1745 W startup-prober: type=1400 audit(0.0:327068): avc: denied { read } for name="u:object_r:hwservicemanager_prop:s0" dev="tmpfs" ino=2357 scontext=u:r:startupprober:s0 tcontext=u:object_r:hwservicemanager_prop:s0 tclass=file permissive=0
06-12 23:34:15.639   422   472 I vendor.mediatek.hardware.power@1.1-impl: mtkPowerHint hint:15, data:0
06-12 23:34:15.740  1933  1933 I thermal_repeater: select timeout
06-12 23:34:15.944   422   472 I vendor.mediatek.hardware.power@1.1-impl: mtkPowerHint hint:15, data:10000
06-12 23:34:16.004   432   486 I BufferQueueProducer: [com.sonymobile.home/com.sonymobile.home.HomeActivity#0](this:0x6fd87dd000,id:1945,api:1,p:3459,c:432) queueBuffer: fps=1.48 dur=1350.86 max=1220.55 min=130.31
06-12 23:34:16.043   422   445 I vendor.mediatek.hardware.power@1.1-impl: querySysInfo cmd:6, param:0
06-12 23:34:16.043   422   444 I powerd  : [powerd_req] POWER_MSG_QUERY_INFO
06-12 23:34:16.044   422   444 I powerd  : [powerd_req] POWER_MSG_QUERY_INFO: cmd:6, param:0
06-12 23:34:16.044   422   444 I libPerfService: perfUserGetCapability - cmd:6, id:0
06-12 23:34:16.044   422   444 I libPerfService: perfUserGetCapability - value:3459
06-12 23:34:16.052  1618  1628 I GasService: GAS loop :com.sonymobile.home, pid:3459.
06-12 23:34:16.068   422   472 I vendor.mediatek.hardware.power@1.1-impl: mtkPowerHint hint:15, data:0
06-12 23:34:16.222  1909  1909 W AudioOut_D: type=1400 audit(0.0:327069): avc: denied { read } for name="audio_param" dev="dm-1" ino=802827 scontext=u:r:audioserver:s0 tcontext=u:object_r:mtk_audiohal_data_file:s0 tclass=dir permissive=0
06-12 23:34:16.268  2211  2220 I zygote64: Background concurrent copying GC freed 102148(5MB) AllocSpace objects, 6(120KB) LOS objects, 16% free, 29MB/35MB, paused 706us total 218.097ms
06-12 23:34:16.484   432   432 I DisplayDevice: [Built-in Screen (type:0)] fps:29.841389,dur:1005.32,max:529.01,min:14.70
06-12 23:34:16.521   422   472 I vendor.mediatek.hardware.power@1.1-impl: mtkPowerHint hint:15, data:10000
06-12 23:34:16.537   432  1097 I BufferQueueProducer: [NavigationBar#0](this:0x6fdabe2800,id:1287,api:1,p:2489,c:432) queueBuffer: fps=6.74 dur=1928.40 max=1600.11 min=11.34
06-12 23:34:16.582  1745  1745 W /vendor/bin/startup-prober: Waited for hwservicemanager.ready for a second, waiting another...
06-12 23:34:16.578  1745  1745 W startup-prober: type=1400 audit(0.0:327070): avc: denied { read } for name="u:object_r:hwservicemanager_prop:s0" dev="tmpfs" ino=2357 scontext=u:r:startupprober:s0 tcontext=u:object_r:hwservicemanager_prop:s0 tclass=file permissive=0
06-12 23:34:16.583  1745  1745 E libc    : Access denied finding property "hwservicemanager.ready"
06-12 23:34:16.583  1745  1745 E libc    : Access denied finding property "hwservicemanager.ready"
06-12 23:34:16.578  1745  1745 W startup-prober: type=1400 audit(0.0:327071): avc: denied { read } for name="u:object_r:hwservicemanager_prop:s0" dev="tmpfs" ino=2357 scontext=u:r:startupprober:s0 tcontext=u:object_r:hwservicemanager_prop:s0 tclass=file permissive=0
06-12 23:34:16.601   422   444 I libPerfService: 11: legacy set: -1 -1 -1 -1
06-12 23:34:16.602   422   444 I libPerfService: 11: legacy set freq: -1 -1 -1 -1
06-12 23:34:16.608   423   423 I MFI-RDS :  (     epdgs_rds_conn_init, 1167) [RDS][IF][epdgs_rds_conn_init] eims_info initial
06-12 23:34:16.608   423   423 I MFI-Conn:  (          mal_mfia_start,   48) mal_mfia_start(): Enter (-1)!!
06-12 23:34:16.608   423   423 E MFI-Conn:  (          mdfx_conn_conn,   76) mdfx_conn_conn(): the MFI connection fails!!
06-12 23:34:16.608   423   423 E MFI-Conn:  (   mdfx_conn_init_legacy,  363) mdfx_conn_init_legacy(): mdfx_conn_conn() error!!
06-12 23:34:16.608   423   423 I MFI-RDS :  (     epdgs_rds_conn_init, 1199) [RDS][epdgs_rds_conn_init] rds_wifi_disable_status init
06-12 23:34:16.612   422   472 I vendor.mediatek.hardware.power@1.1-impl: mtkPowerHint hint:15, data:0
06-12 23:34:16.625  2211  3332 I ActivityManager: START u0 {flg=0x10804000 cmp=com.android.systemui/.recents.RecentsActivity} from uid 10085
06-12 23:34:16.628   422   472 I vendor.mediatek.hardware.power@1.1-impl: mtkPowerHint hint:11, data:0
06-12 23:34:16.630   422   472 I vendor.mediatek.hardware.power@1.1-impl: mtkPowerHint hint:12, data:0
06-12 23:34:16.630   422   472 I vendor.mediatek.hardware.power@1.1-impl: mtkPowerHint hint:10, data:0
06-12 23:34:16.631   422   472 I vendor.mediatek.hardware.power@1.1-impl: mtkPowerHint hint:11, data:2000
06-12 23:34:16.632   422   444 I libPerfService: 11: legacy set freq: 1638000 -1 2340000 -1
06-12 23:34:16.632   422   444 I libPerfService: 11: legacy set: -1 -1 4 -1
06-12 23:34:16.637   422   472 I vendor.mediatek.hardware.power@1.1-impl: notifyAppState pack:com.android.systemui, act:com.android.systemui.recents.RecentsActivity, pid:2489, state:1
06-12 23:34:16.637   422   444 I powerd  : [powerd_req] POWER_MSG_NOTIFY_STATE
06-12 23:34:16.637   422   444 I libPerfService: [perfNotifyAppState] foreground:com.android.systemui, pid:2489
06-12 23:34:16.638   422   444 I libPerfService: perfUserGetCapability - cmd:7, id:0
06-12 23:34:16.638   422   444 I libPerfService: perfUserGetCapability - value:-1
06-12 23:34:16.672  2211  7083 I WindowManager: Relayout Window{d2beae u0 com.android.systemui/com.android.systemui.recents.RecentsActivity}: oldVis=4 newVis=0 focusMayChange = true
06-12 23:34:16.673   432   432 I BufferQueue: [unnamed-432-1946](this:0x6fd87de800,id:1946,api:0,p:-1,c:-1) BufferQueue core=(432:/system/bin/surfaceflinger)
06-12 23:34:16.674   432   432 I BufferQueueConsumer: [unnamed-432-1946](this:0x6fd87de800,id:1946,api:0,p:-1,c:432) connect(C): consumer=(432:/system/bin/surfaceflinger) controlledByApp=false
06-12 23:34:16.674   432   432 I BufferQueueConsumer: [unnamed-432-1946](this:0x6fd87de800,id:1946,api:0,p:-1,c:432) setConsumerName: unnamed-432-1946
06-12 23:34:16.674   432   432 I BufferQueueConsumer: [com.android.systemui/com.android.systemui.recents.RecentsActivity#0](this:0x6fd87de800,id:1946,api:0,p:-1,c:432) setConsumerName: com.android.systemui/com.android.systemui.recents.RecentsActivity#0
06-12 23:34:16.674   432   432 I BufferQueueProducer: [](this:0x6fd87de800,id:1946,api:0,p:-1,c:432) setMaxDequeuedBufferCount: maxDequeuedBuffers = 2
06-12 23:34:16.674   432   432 I BufferQueueConsumer: [com.android.systemui/com.android.systemui.recents.RecentsActivity#0](this:0x6fd87de800,id:1946,api:0,p:-1,c:432) setDefaultBufferSize: width=720 height=1280
06-12 23:34:16.679   432  1097 I BufferQueueProducer: [com.android.systemui/com.android.systemui.recents.RecentsActivity#0](this:0x6fd87de800,id:1946,api:1,p:2489,c:432) connect(P): api=1 producer=(2489:com.android.systemui) producerControlledByApp=true
06-12 23:34:16.683   432  1097 I BufferQueueProducer: [com.sonymobile.home/com.sonymobile.home.HomeActivity#0](this:0x6fd87dd000,id:1945,api:1,p:3459,c:432) disconnect(P): api 1
06-12 23:34:16.683   432  1097 I BufferQueueConsumer: [com.sonymobile.home/com.sonymobile.home.HomeActivity#0](this:0x6fd87dd000,id:1945,api:1,p:-1,c:432) getReleasedBuffers: returning mask 0xffffffffffffffff
06-12 23:34:16.751   432   432 I BufferQueueProducer: [FrameBufferSurface_0](this:0x6fdabde000,id:0,api:1,p:432,c:432) queueBuffer: fps=17.40 dur=2010.94 max=1286.09 min=12.70
06-12 23:34:16.798  2211  2232 I Timeline: Timeline: Activity_windows_visible id: ActivityRecord{9d19a50 u0 com.android.systemui/.recents.RecentsActivity t5} time:63631612 diff:169 start:warm|fixed batt:46|2 mw:off|5 mem:1101412|0|60|7|15 cpu:[1638000, 1638000, 1638000, 1638000, 2340000, 2340000, 2340000, 2340000]
06-12 23:34:16.813   432   432 I BufferQueueConsumer: [com.sonymobile.home/com.sonymobile.home.HomeActivity#0](this:0x6fd87dd000,id:1945,api:1,p:-1,c:-1) disconnect(C)
06-12 23:34:16.814   432   432 I BufferQueue: [com.sonymobile.home/com.sonymobile.home.HomeActivity#0](this:0x6fd87dd000,id:1945,api:1,p:-1,c:-1) ~BufferQueueCore
06-12 23:34:16.850   422   472 I vendor.mediatek.hardware.power@1.1-impl: mtkPowerHint hint:15, data:10000
06-12 23:34:16.958   422   472 I vendor.mediatek.hardware.power@1.1-impl: mtkPowerHint hint:15, data:0
06-12 23:34:17.222  1909  1909 W AudioOut_D: type=1400 audit(0.0:327072): avc: denied { read } for name="audio_param" dev="dm-1" ino=802827 scontext=u:r:audioserver:s0 tcontext=u:object_r:mtk_audiohal_data_file:s0 tclass=dir permissive=0
06-12 23:34:17.444   422   472 I vendor.mediatek.hardware.power@1.1-impl: mtkPowerHint hint:15, data:10000
06-12 23:34:17.490   432   432 I DisplayDevice: [Built-in Screen (type:0)] fps:47.722176,dur:1005.82,max:231.73,min:13.97
06-12 23:34:17.526   422   472 I vendor.mediatek.hardware.power@1.1-impl: mtkPowerHint hint:15, data:0
06-12 23:34:17.582  1745  1745 W /vendor/bin/startup-prober: Waited for hwservicemanager.ready for a second, waiting another...
06-12 23:34:17.578  1745  1745 W startup-prober: type=1400 audit(0.0:327073): avc: denied { read } for name="u:object_r:hwservicemanager_prop:s0" dev="tmpfs" ino=2357 scontext=u:r:startupprober:s0 tcontext=u:object_r:hwservicemanager_prop:s0 tclass=file permissive=0
06-12 23:34:17.583  1745  1745 E libc    : Access denied finding property "hwservicemanager.ready"
06-12 23:34:17.583  1745  1745 E libc    : Access denied finding property "hwservicemanager.ready"
06-12 23:34:17.578  1745  1745 W startup-prober: type=1400 audit(0.0:327074): avc: denied { read } for name="u:object_r:hwservicemanager_prop:s0" dev="tmpfs" ino=2357 scontext=u:r:startupprober:s0 tcontext=u:object_r:hwservicemanager_prop:s0 tclass=file permissive=0
06-12 23:34:17.707   432   486 I BufferQueueProducer: [com.android.systemui/com.android.systemui.recents.RecentsActivity#0](this:0x6fd87de800,id:1946,api:1,p:2489,c:432) queueBuffer: fps=41.87 dur=1003.15 max=231.31 min=13.20
06-12 23:34:17.825  2211  7083 I ActivityManager: START u0 {act=android.intent.action.MAIN cat=[android.intent.category.HOME] flg=0x10200000 cmp=com.sonymobile.home/.HomeActivity} from uid 10085
06-12 23:34:17.828   422   472 I vendor.mediatek.hardware.power@1.1-impl: mtkPowerHint hint:11, data:0
06-12 23:34:17.829   422   444 I libPerfService: 11: legacy set: -1 -1 -1 -1
06-12 23:34:17.829   422   444 I libPerfService: 11: legacy set freq: -1 -1 -1 -1
06-12 23:34:17.830   422   472 I vendor.mediatek.hardware.power@1.1-impl: mtkPowerHint hint:12, data:0
06-12 23:34:17.830   422   472 I vendor.mediatek.hardware.power@1.1-impl: mtkPowerHint hint:10, data:0
06-12 23:34:17.853   422   472 I vendor.mediatek.hardware.power@1.1-impl: notifyAppState pack:com.sonymobile.home, act:com.sonymobile.home.HomeActivity, pid:3459, state:1
06-12 23:34:17.854   422   444 I powerd  : [powerd_req] POWER_MSG_NOTIFY_STATE
06-12 23:34:17.854   422   444 I libPerfService: [perfNotifyAppState] foreground:com.sonymobile.home, pid:3459
06-12 23:34:17.855   422   444 I libPerfService: perfUserGetCapability - cmd:7, id:0
06-12 23:34:17.855   422   444 I libPerfService: perfUserGetCapability - value:-1
06-12 23:34:17.876  2211  7083 I WindowManager: Relayout Window{ccf2ea2 u0 com.sonymobile.home/com.sonymobile.home.HomeActivity}: oldVis=4 newVis=0 focusMayChange = true
06-12 23:34:17.877   432   432 I BufferQueue: [unnamed-432-1947](this:0x6fd87dd000,id:1947,api:0,p:-1,c:-1) BufferQueue core=(432:/system/bin/surfaceflinger)
06-12 23:34:17.878   432   432 I BufferQueueConsumer: [unnamed-432-1947](this:0x6fd87dd000,id:1947,api:0,p:-1,c:432) connect(C): consumer=(432:/system/bin/surfaceflinger) controlledByApp=false
06-12 23:34:17.878   432   432 I BufferQueueConsumer: [unnamed-432-1947](this:0x6fd87dd000,id:1947,api:0,p:-1,c:432) setConsumerName: unnamed-432-1947
06-12 23:34:17.878   432   432 I BufferQueueConsumer: [com.sonymobile.home/com.sonymobile.home.HomeActivity#0](this:0x6fd87dd000,id:1947,api:0,p:-1,c:432) setConsumerName: com.sonymobile.home/com.sonymobile.home.HomeActivity#0
06-12 23:34:17.878   432   432 I BufferQueueProducer: [](this:0x6fd87dd000,id:1947,api:0,p:-1,c:432) setMaxDequeuedBufferCount: maxDequeuedBuffers = 2
06-12 23:34:17.878   432   432 I BufferQueueConsumer: [com.sonymobile.home/com.sonymobile.home.HomeActivity#0](this:0x6fd87dd000,id:1947,api:0,p:-1,c:432) setDefaultBufferSize: width=720 height=1280
06-12 23:34:17.883   432  1097 I BufferQueueProducer: [com.sonymobile.home/com.sonymobile.home.HomeActivity#0](this:0x6fd87dd000,id:1947,api:1,p:3459,c:432) connect(P): api=1 producer=(3459:com.sonymobile.home) producerControlledByApp=true
06-12 23:34:18.001  2211  2232 I Timeline: Timeline: Activity_windows_visible id: ActivityRecord{4c8a080 u0 com.sonymobile.home/.HomeActivity t2} time:63632815 diff:172 start:warm|service batt:46|2 mw:off|0 mem:1101388|0|60|7|15 cpu:[1638000, 1638000, 1638000, 1638000, 2340000, 2340000, 2340000, 2340000]
06-12 23:34:18.021   432  1470 I BufferQueueProducer: [com.android.systemui/com.android.systemui.recents.RecentsActivity#0](this:0x6fd87de800,id:1946,api:1,p:2489,c:432) disconnect(P): api 1
06-12 23:34:18.021   432  1470 I BufferQueueConsumer: [com.android.systemui/com.android.systemui.recents.RecentsActivity#0](this:0x6fd87de800,id:1946,api:1,p:-1,c:432) getReleasedBuffers: returning mask 0xffffffffffffffff
06-12 23:34:18.032   432   432 I BufferQueueConsumer: [com.android.systemui/com.android.systemui.recents.RecentsActivity#0](this:0x6fd87de800,id:1946,api:1,p:-1,c:-1) disconnect(C)
06-12 23:34:18.033   432   432 I BufferQueue: [com.android.systemui/com.android.systemui.recents.RecentsActivity#0](this:0x6fd87de800,id:1946,api:1,p:-1,c:-1) ~BufferQueueCore
06-12 23:34:18.052   422   445 I vendor.mediatek.hardware.power@1.1-impl: querySysInfo cmd:6, param:0
06-12 23:34:18.053   422   444 I powerd  : [powerd_req] POWER_MSG_QUERY_INFO
06-12 23:34:18.053   422   444 I powerd  : [powerd_req] POWER_MSG_QUERY_INFO: cmd:6, param:0
06-12 23:34:18.053   422   444 I libPerfService: perfUserGetCapability - cmd:6, id:0
06-12 23:34:18.053   422   444 I libPerfService: perfUserGetCapability - value:3459
06-12 23:34:18.054  1618  1628 I GasService: GAS loop :com.sonymobile.home, pid:3459.
06-12 23:34:18.140  2489  2961 I zygote64: Explicit concurrent copying GC freed 4971(369KB) AllocSpace objects, 0(0B) LOS objects, 44% free, 7MB/13MB, paused 275us total 125.962ms
06-12 23:34:18.226  1909  1909 W AudioOut_D: type=1400 audit(0.0:327075): avc: denied { read } for name="audio_param" dev="dm-1" ino=802827 scontext=u:r:audioserver:s0 tcontext=u:object_r:mtk_audiohal_data_file:s0 tclass=dir permissive=0
06-12 23:34:18.456   417   417 I WifiHAL : Get link stats
06-12 23:34:18.456   417   417 E android.hardware.wifi@1.0-service: Invalid radio stats in link layer stats
06-12 23:34:18.582  1745  1745 W /vendor/bin/startup-prober: Waited for hwservicemanager.ready for a second, waiting another...
06-12 23:34:18.583  1745  1745 E libc    : Access denied finding property "hwservicemanager.ready"
06-12 23:34:18.583  1745  1745 E libc    : Access denied finding property "hwservicemanager.ready"
06-12 23:34:18.582  1745  1745 W startup-prober: type=1400 audit(0.0:327076): avc: denied { read } for name="u:object_r:hwservicemanager_prop:s0" dev="tmpfs" ino=2357 scontext=u:r:startupprober:s0 tcontext=u:object_r:hwservicemanager_prop:s0 tclass=file permissive=0
06-12 23:34:18.582  1745  1745 W startup-prober: type=1400 audit(0.0:327077): avc: denied { read } for name="u:object_r:hwservicemanager_prop:s0" dev="tmpfs" ino=2357 scontext=u:r:startupprober:s0 tcontext=u:object_r:hwservicemanager_prop:s0 tclass=file permissive=0
06-12 23:34:18.609   423   423 I MFI-RDS :  (     epdgs_rds_conn_init, 1167) [RDS][IF][epdgs_rds_conn_init] eims_info initial
06-12 23:34:18.609   423   423 I MFI-Conn:  (          mal_mfia_start,   48) mal_mfia_start(): Enter (-1)!!
06-12 23:34:18.611   423   423 E MFI-Conn:  (          mdfx_conn_conn,   76) mdfx_conn_conn(): the MFI connection fails!!
06-12 23:34:18.611   423   423 E MFI-Conn:  (   mdfx_conn_init_legacy,  363) mdfx_conn_init_legacy(): mdfx_conn_conn() error!!
06-12 23:34:18.612   423   423 I MFI-RDS :  (     epdgs_rds_conn_init, 1199) [RDS][epdgs_rds_conn_init] rds_wifi_disable_status init
