--------- beginning of main
06-12 23:33:51.570  1745  1745 W startup-prober: type=1400 audit(0.0:326985): avc: denied { read } for name="u:object_r:hwservicemanager_prop:s0" dev="tmpfs" ino=2357 scontext=u:r:startupprober:s0 tcontext=u:object_r:hwservicemanager_prop:s0 tclass=file permissive=0
06-12 23:33:51.603  7154 15870 I ADB_SERVICES: post waitpid (pid=15869) status=0000
06-12 23:33:51.980   422   445 I vendor.mediatek.hardware.power@1.1-impl: querySysInfo cmd:6, param:0
06-12 23:33:51.981   422   444 I powerd  : [powerd_req] POWER_MSG_QUERY_INFO
06-12 23:33:51.981   422   444 I powerd  : [powerd_req] POWER_MSG_QUERY_INFO: cmd:6, param:0
06-12 23:33:51.981   422   444 I libPerfService: perfUserGetCapability - cmd:6, id:0
06-12 23:33:51.981   422   444 I libPerfService: perfUserGetCapability - value:3459
06-12 23:33:51.982  1618  1628 I GasService: GAS loop :com.sonymobile.home, pid:3459.
06-12 23:33:52.214  1909  1909 W AudioOut_D: type=1400 audit(0.0:326986): avc: denied { read } for name="audio_param" dev="dm-1" ino=802827 scontext=u:r:audioserver:s0 tcontext=u:object_r:mtk_audiohal_data_file:s0 tclass=dir permissive=0
06-12 23:33:52.433   432   490 I BufferQueueProducer: [StatusBar#0](this:0x6fdabe1000,id:28,api:1,p:2489,c:432) queueBuffer: fps=0.37 dur=10771.69 max=10693.43 min=11.71
06-12 23:33:52.451   432   432 I DisplayDevice: [Built-in Screen (type:0)] fps:0.370961,dur:10782.80,max:10699.37,min:16.44
06-12 23:33:52.572   423   423 I MFI-RDS :  (     epdgs_rds_conn_init, 1167) [RDS][IF][epdgs_rds_conn_init] eims_info initial
06-12 23:33:52.572   423   423 I MFI-Conn:  (          mal_mfia_start,   48) mal_mfia_start(): Enter (-1)!!
06-12 23:33:52.573   423   423 E MFI-Conn:  (          mdfx_conn_conn,   76) mdfx_conn_conn(): the MFI connection fails!!
06-12 23:33:52.573   423   423 E MFI-Conn:  (   mdfx_conn_init_legacy,  363) mdfx_conn_init_legacy(): mdfx_conn_conn() error!!
06-12 23:33:52.574   423   423 I MFI-RDS :  (     epdgs_rds_conn_init, 1199) [RDS][epdgs_rds_conn_init] rds_wifi_disable_status init
06-12 23:33:52.570  1745  1745 W startup-prober: type=1400 audit(0.0:326987): avc: denied { read } for name="u:object_r:hwservicemanager_prop:s0" dev="tmpfs" ino=2357 scontext=u:r:startupprober:s0 tcontext=u:object_r:hwservicemanager_prop:s0 tclass=file permissive=0
06-12 23:33:52.570  1745  1745 W startup-prober: type=1400 audit(0.0:326988): avc: denied { read } for name="u:object_r:hwservicemanager_prop:s0" dev="tmpfs" ino=2357 scontext=u:r:startupprober:s0 tcontext=u:object_r:hwservicemanager_prop:s0 tclass=file permissive=0
06-12 23:33:52.574  1745  1745 W /vendor/bin/startup-prober: Waited for hwservicemanager.ready for a second, waiting another...
06-12 23:33:52.575  1745  1745 E libc    : Access denied finding property "hwservicemanager.ready"
06-12 23:33:52.575  1745  1745 E libc    : Access denied finding property "hwservicemanager.ready"
06-12 23:33:53.218  1909  1909 W AudioOut_D: type=1400 audit(0.0:326989): avc: denied { read } for name="audio_param" dev="dm-1" ino=802827 scontext=u:r:audioserver:s0 tcontext=u:object_r:mtk_audiohal_data_file:s0 tclass=dir permissive=0
06-12 23:33:53.574  1745  1745 W /vendor/bin/startup-prober: Waited for hwservicemanager.ready for a second, waiting another...
06-12 23:33:53.575  1745  1745 E libc    : Access denied finding property "hwservicemanager.ready"
06-12 23:33:53.575  1745  1745 E libc    : Access denied finding property "hwservicemanager.ready"
06-12 23:33:53.574  1745  1745 W startup-prober: type=1400 audit(0.0:326990): avc: denied { read } for name="u:object_r:hwservicemanager_prop:s0" dev="tmpfs" ino=2357 scontext=u:r:startupprober:s0 tcontext=u:object_r:hwservicemanager_prop:s0 tclass=file permissive=0
06-12 23:33:53.574  1745  1745 W startup-prober: type=1400 audit(0.0:326991): avc: denied { read } for name="u:object_r:hwservicemanager_prop:s0" dev="tmpfs" ino=2357 scontext=u:r:startupprober:s0 tcontext=u:object_r:hwservicemanager_prop:s0 tclass=file permissive=0
06-12 23:33:53.983   422   445 I vendor.mediatek.hardware.power@1.1-impl: querySysInfo cmd:6, param:0
06-12 23:33:53.984   422   444 I powerd  : [powerd_req] POWER_MSG_QUERY_INFO
06-12 23:33:53.984   422   444 I powerd  : [powerd_req] POWER_MSG_QUERY_INFO: cmd:6, param:0
06-12 23:33:53.984   422   444 I libPerfService: perfUserGetCapability - cmd:6, id:0
06-12 23:33:53.984   422   444 I libPerfService: perfUserGetCapability - value:3459
06-12 23:33:53.985  1618  1628 I GasService: GAS loop :com.sonymobile.home, pid:3459.
06-12 23:33:54.218  1909  1909 W AudioOut_D: type=1400 audit(0.0:326992): avc: denied { read } for name="audio_param" dev="dm-1" ino=802827 scontext=u:r:audioserver:s0 tcontext=u:object_r:mtk_audiohal_data_file:s0 tclass=dir permissive=0
06-12 23:33:54.363   417   417 I WifiHAL : Get link stats
06-12 23:33:54.575  1745  1745 W /vendor/bin/startup-prober: Waited for hwservicemanager.ready for a second, waiting another...
06-12 23:33:54.576  1745  1745 E libc    : Access denied finding property "hwservicemanager.ready"
06-12 23:33:54.576  1745  1745 E libc    : Access denied finding property "hwservicemanager.ready"
06-12 23:33:54.574  1745  1745 W startup-prober: type=1400 audit(0.0:326993): avc: denied { read } for name="u:object_r:hwservicemanager_prop:s0" dev="tmpfs" ino=2357 scontext=u:r:startupprober:s0 tcontext=u:object_r:hwservicemanager_prop:s0 tclass=file permissive=0
06-12 23:33:54.574  1745  1745 W startup-prober: type=1400 audit(0.0:326994): avc: denied { read } for name="u:object_r:hwservicemanager_prop:s0" dev="tmpfs" ino=2357 scontext=u:r:startupprober:s0 tcontext=u:object_r:hwservicemanager_prop:s0 tclass=file permissive=0
06-12 23:33:54.577   423   423 I MFI-RDS :  (     epdgs_rds_conn_init, 1167) [RDS][IF][epdgs_rds_conn_init] eims_info initial
06-12 23:33:54.577   423   423 I MFI-Conn:  (          mal_mfia_start,   48) mal_mfia_start(): Enter (-1)!!
06-12 23:33:54.578   423   423 E MFI-Conn:  (          mdfx_conn_conn,   76) mdfx_conn_conn(): the MFI connection fails!!
06-12 23:33:54.578   423   423 E MFI-Conn:  (   mdfx_conn_init_legacy,  363) mdfx_conn_init_legacy(): mdfx_conn_conn() error!!
06-12 23:33:54.579   423   423 I MFI-RDS :  (     epdgs_rds_conn_init, 1199) [RDS][epdgs_rds_conn_init] rds_wifi_disable_status init
06-12 23:33:55.218  1909  1909 W AudioOut_D: type=1400 audit(0.0:326995): avc: denied { read } for name="audio_param" dev="dm-1" ino=802827 scontext=u:r:audioserver:s0 tcontext=u:object_r:mtk_audiohal_data_file:s0 tclass=dir permissive=0
06-12 23:33:55.575  1745  1745 W /vendor/bin/startup-prober: Waited for hwservicemanager.ready for a second, waiting another...
06-12 23:33:55.576  1745  1745 E libc    : Access denied finding property "hwservicemanager.ready"
06-12 23:33:55.576  1745  1745 E libc    : Access denied finding property "hwservicemanager.ready"
06-12 23:33:55.570  1745  1745 W startup-prober: type=1400 audit(0.0:326996): avc: denied { read } for name="u:object_r:hwservicemanager_prop:s0" dev="tmpfs" ino=2357 scontext=u:r:startupprober:s0 tcontext=u:object_r:hwservicemanager_prop:s0 tclass=file permissive=0
06-12 23:33:55.570  1745  1745 W startup-prober: type=1400 audit(0.0:326997): avc: denied { read } for name="u:object_r:hwservicemanager_prop:s0" dev="tmpfs" ino=2357 scontext=u:r:startupprober:s0 tcontext=u:object_r:hwservicemanager_prop:s0 tclass=file permissive=0
06-12 23:33:55.711  1933  1933 I thermal_repeater: select timeout
06-12 23:33:55.985   422   445 I vendor.mediatek.hardware.power@1.1-impl: querySysInfo cmd:6, param:0
06-12 23:33:55.986   422   444 I powerd  : [powerd_req] POWER_MSG_QUERY_INFO
06-12 23:33:55.986   422   444 I powerd  : [powerd_req] POWER_MSG_QUERY_INFO: cmd:6, param:0
06-12 23:33:55.987   422   444 I libPerfService: perfUserGetCapability - cmd:6, id:0
06-12 23:33:55.987   422   444 I libPerfService: perfUserGetCapability - value:3459
06-12 23:33:55.987  1618  1628 I GasService: GAS loop :com.sonymobile.home, pid:3459.
06-12 23:33:56.218  1909  1909 W AudioOut_D: type=1400 audit(0.0:326998): avc: denied { read } for name="audio_param" dev="dm-1" ino=802827 scontext=u:r:audioserver:s0 tcontext=u:object_r:mtk_audiohal_data_file:s0 tclass=dir permissive=0
06-12 23:33:56.575  1745  1745 W /vendor/bin/startup-prober: Waited for hwservicemanager.ready for a second, waiting another...
06-12 23:33:56.576  1745  1745 E libc    : Access denied finding property "hwservicemanager.ready"
06-12 23:33:56.576  1745  1745 E libc    : Access denied finding property "hwservicemanager.ready"
06-12 23:33:56.574  1745  1745 W startup-prober: type=1400 audit(0.0:326999): avc: denied { read } for name="u:object_r:hwservicemanager_prop:s0" dev="tmpfs" ino=2357 scontext=u:r:startupprober:s0 tcontext=u:object_r:hwservicemanager_prop:s0 tclass=file permissive=0
06-12 23:33:56.574  1745  1745 W startup-prober: type=1400 audit(0.0:327000): avc: denied { read } for name="u:object_r:hwservicemanager_prop:s0" dev="tmpfs" ino=2357 scontext=u:r:startupprober:s0 tcontext=u:object_r:hwservicemanager_prop:s0 tclass=file permissive=0
06-12 23:33:56.580   423   423 I MFI-RDS :  (     epdgs_rds_conn_init, 1167) [RDS][IF][epdgs_rds_conn_init] eims_info initial
06-12 23:33:56.580   423   423 I MFI-Conn:  (          mal_mfia_start,   48) mal_mfia_start(): Enter (-1)!!
06-12 23:33:56.581   423   423 E MFI-Conn:  (          mdfx_conn_conn,   76) mdfx_conn_conn(): the MFI connection fails!!
06-12 23:33:56.581   423   423 E MFI-Conn:  (   mdfx_conn_init_legacy,  363) mdfx_conn_init_legacy(): mdfx_conn_conn() error!!
06-12 23:33:56.581   423   423 I MFI-RDS :  (     epdgs_rds_conn_init, 1199) [RDS][epdgs_rds_conn_init] rds_wifi_disable_status init
06-12 23:33:57.218  1909  1909 W AudioOut_D: type=1400 audit(0.0:327001): avc: denied { read } for name="audio_param" dev="dm-1" ino=802827 scontext=u:r:audioserver:s0 tcontext=u:object_r:mtk_audiohal_data_file:s0 tclass=dir permissive=0
06-12 23:33:57.379   417   417 I WifiHAL : Get link stats
06-12 23:33:57.576  1745  1745 W /vendor/bin/startup-prober: Waited for hwservicemanager.ready for a second, waiting another...
06-12 23:33:57.574  1745  1745 W startup-prober: type=1400 audit(0.0:327002): avc: denied { read } for name="u:object_r:hwservicemanager_prop:s0" dev="tmpfs" ino=2357 scontext=u:r:startupprober:s0 tcontext=u:object_r:hwservicemanager_prop:s0 tclass=file permissive=0
06-12 23:33:57.577  1745  1745 E libc    : Access denied finding property "hwservicemanager.ready"
06-12 23:33:57.578  1745  1745 E libc    : Access denied finding property "hwservicemanager.ready"
06-12 23:33:57.574  1745  1745 W startup-prober: type=1400 audit(0.0:327003): avc: denied { read } for name="u:object_r:hwservicemanager_prop:s0" dev="tmpfs" ino=2357 scontext=u:r:startupprober:s0 tcontext=u:object_r:hwservicemanager_prop:s0 tclass=file permissive=0
06-12 23:33:57.988   422   445 I vendor.mediatek.hardware.power@1.1-impl: querySysInfo cmd:6, param:0
06-12 23:33:57.989   422   444 I powerd  : [powerd_req] POWER_MSG_QUERY_INFO
06-12 23:33:57.989   422   444 I powerd  : [powerd_req] POWER_MSG_QUERY_INFO: cmd:6, param:0
06-12 23:33:57.989   422   444 I libPerfService: perfUserGetCapability - cmd:6, id:0
06-12 23:33:57.989   422   444 I libPerfService: perfUserGetCapability - value:3459
06-12 23:33:57.990  1618  1628 I GasService: GAS loop :com.sonymobile.home, pid:3459.
06-12 23:33:58.218  1909  1909 W AudioOut_D: type=1400 audit(0.0:327004): avc: denied { read } for name="audio_param" dev="dm-1" ino=802827 scontext=u:r:audioserver:s0 tcontext=u:object_r:mtk_audiohal_data_file:s0 tclass=dir permissive=0
06-12 23:33:58.576  1745  1745 W /vendor/bin/startup-prober: Waited for hwservicemanager.ready for a second, waiting another...
06-12 23:33:58.577  1745  1745 E libc    : Access denied finding property "hwservicemanager.ready"
06-12 23:33:58.577  1745  1745 E libc    : Access denied finding property "hwservicemanager.ready"
06-12 23:33:58.574  1745  1745 W startup-prober: type=1400 audit(0.0:327005): avc: denied { read } for name="u:object_r:hwservicemanager_prop:s0" dev="tmpfs" ino=2357 scontext=u:r:startupprober:s0 tcontext=u:object_r:hwservicemanager_prop:s0 tclass=file permissive=0
06-12 23:33:58.574  1745  1745 W startup-prober: type=1400 audit(0.0:327006): avc: denied { read } for name="u:object_r:hwservicemanager_prop:s0" dev="tmpfs" ino=2357 scontext=u:r:startupprober:s0 tcontext=u:object_r:hwservicemanager_prop:s0 tclass=file permissive=0
06-12 23:33:58.582   423   423 I MFI-RDS :  (     epdgs_rds_conn_init, 1167) [RDS][IF][epdgs_rds_conn_init] eims_info initial
06-12 23:33:58.582   423   423 I MFI-Conn:  (          mal_mfia_start,   48) mal_mfia_start(): Enter (-1)!!
06-12 23:33:58.583   423   423 E MFI-Conn:  (          mdfx_conn_conn,   76) mdfx_conn_conn(): the MFI connection fails!!
06-12 23:33:58.583   423   423 E MFI-Conn:  (   mdfx_conn_init_legacy,  363) mdfx_conn_init_legacy(): mdfx_conn_conn() error!!
06-12 23:33:58.583   423   423 I MFI-RDS :  (     epdgs_rds_conn_init, 1199) [RDS][epdgs_rds_conn_init] rds_wifi_disable_status init
06-12 23:33:59.218  1909  1909 W AudioOut_D: type=1400 audit(0.0:327007): avc: denied { read } for name="audio_param" dev="dm-1" ino=802827 scontext=u:r:audioserver:s0 tcontext=u:object_r:mtk_audiohal_data_file:s0 tclass=dir permissive=0
06-12 23:33:59.577  1745  1745 W /vendor/bin/startup-prober: Waited for hwservicemanager.ready for a second, waiting another...
06-12 23:33:59.577  1745  1745 E libc    : Access denied finding property "hwservicemanager.ready"
06-12 23:33:59.577  1745  1745 E libc    : Access denied finding property "hwservicemanager.ready"
06-12 23:33:59.574  1745  1745 W startup-prober: type=1400 audit(0.0:327008): avc: denied { read } for name="u:object_r:hwservicemanager_prop:s0" dev="tmpfs" ino=2357 scontext=u:r:startupprober:s0 tcontext=u:object_r:hwservicemanager_prop:s0 tclass=file permissive=0
--------- beginning of system
06-12 23:33:54.364   417   417 I chatty  : uid=1010 wifi@1.0-servic expire 1 line
06-12 23:33:57.379   417   417 E android.hardware.wifi@1.0-service: Invalid radio stats in link layer stats
06-12 23:33:59.923  2211  2390 I AlarmManager: [openLteGateByDataShaping] isDataShapingWhitelist: false,openLteGateSuccess = false
06-12 23:33:59.574  1745  1745 W startup-prober: type=1400 audit(0.0:327009): avc: denied { read } for name="u:object_r:hwservicemanager_prop:s0" dev="tmpfs" ino=2357 scontext=u:r:startupprober:s0 tcontext=u:object_r:hwservicemanager_prop:s0 tclass=file permissive=0
06-12 23:33:59.990   422   445 I vendor.mediatek.hardware.power@1.1-impl: querySysInfo cmd:6, param:0
06-12 23:33:59.991   422   444 I powerd  : [powerd_req] POWER_MSG_QUERY_INFO
06-12 23:33:59.991   422   444 I powerd  : [powerd_req] POWER_MSG_QUERY_INFO: cmd:6, param:0
06-12 23:33:59.991   422   444 I libPerfService: perfUserGetCapability - cmd:6, id:0
06-12 23:33:59.991   422   444 I libPerfService: perfUserGetCapability - value:3459
06-12 23:33:59.992  1618  1628 I GasService: GAS loop :com.sonymobile.home, pid:3459.
06-12 23:34:00.007   432   490 I BufferQueueProducer: [StatusBar#0](this:0x6fdabe1000,id:28,api:1,p:2489,c:432) queueBuffer: fps=0.13 dur=7574.42 max=7574.42 min=7574.42
06-12 23:34:00.022   432   432 I DisplayDevice: [Built-in Screen (type:0)] fps:0.132085,dur:7570.89,max:7570.89,min:7570.89
06-12 23:34:00.218  1909  1909 W AudioOut_D: type=1400 audit(0.0:327010): avc: denied { read } for name="audio_param" dev="dm-1" ino=802827 scontext=u:r:audioserver:s0 tcontext=u:object_r:mtk_audiohal_data_file:s0 tclass=dir permissive=0
06-12 23:34:00.394   417   417 I WifiHAL : Get link stats
06-12 23:34:00.394   417   417 E android.hardware.wifi@1.0-service: Invalid radio stats in link layer stats
06-12 23:34:00.577  1745  1745 W /vendor/bin/startup-prober: Waited for hwservicemanager.ready for a second, waiting another...
06-12 23:34:00.578  1745  1745 E libc    : Access denied finding property "hwservicemanager.ready"
06-12 23:34:00.578  1745  1745 E libc    : Access denied finding property "hwservicemanager.ready"
06-12 23:34:00.574  1745  1745 W startup-prober: type=1400 audit(0.0:327011): avc: denied { read } for name="u:object_r:hwservicemanager_prop:s0" dev="tmpfs" ino=2357 scontext=u:r:startupprober:s0 tcontext=u:object_r:hwservicemanager_prop:s0 tclass=file permissive=0
06-12 23:34:00.574  1745  1745 W startup-prober: type=1400 audit(0.0:327012): avc: denied { read } for name="u:object_r:hwservicemanager_prop:s0" dev="tmpfs" ino=2357 scontext=u:r:startupprober:s0 tcontext=u:object_r:hwservicemanager_prop:s0 tclass=file permissive=0
06-12 23:34:00.585   423   423 I MFI-RDS :  (     epdgs_rds_conn_init, 1167) [RDS][IF][epdgs_rds_conn_init] eims_info initial
06-12 23:34:00.585   423   423 I MFI-Conn:  (          mal_mfia_start,   48) mal_mfia_start(): Enter (-1)!!
06-12 23:34:00.586   423   423 E MFI-Conn:  (          mdfx_conn_conn,   76) mdfx_conn_conn(): the MFI connection fails!!
06-12 23:34:00.586   423   423 E MFI-Conn:  (   mdfx_conn_init_legacy,  363) mdfx_conn_init_legacy(): mdfx_conn_conn() error!!
06-12 23:34:00.586   423   423 I MFI-RDS :  (     epdgs_rds_conn_init, 1199) [RDS][epdgs_rds_conn_init] rds_wifi_disable_status init
06-12 23:34:00.712  1933  1933 I thermal_repeater: oh, queryMdThermalInfo (0)No such file or directory
06-12 23:34:00.719  1933  1933 I thermal_repeater: [recvMdThermalInfo] ret=26, strLen=127,  1, 32767,,, 241, 32767, 0
06-12 23:34:01.218  1909  1909 W AudioOut_D: type=1400 audit(0.0:327013): avc: denied { read } for name="audio_param" dev="dm-1" ino=802827 scontext=u:r:audioserver:s0 tcontext=u:object_r:mtk_audiohal_data_file:s0 tclass=dir permissive=0
06-12 23:34:01.577  1745  1745 W /vendor/bin/startup-prober: Waited for hwservicemanager.ready for a second, waiting another...
06-12 23:34:01.578  1745  1745 E libc    : Access denied finding property "hwservicemanager.ready"
06-12 23:34:01.578  1745  1745 E libc    : Access denied finding property "hwservicemanager.ready"
06-12 23:34:01.574  1745  1745 W startup-prober: type=1400 audit(0.0:327014): avc: denied { read } for name="u:object_r:hwservicemanager_prop:s0" dev="tmpfs" ino=2357 scontext=u:r:startupprober:s0 tcontext=u:object_r:hwservicemanager_prop:s0 tclass=file permissive=0
06-12 23:34:01.574  1745  1745 W startup-prober: type=1400 audit(0.0:327015): avc: denied { read } for name="u:object_r:hwservicemanager_prop:s0" dev="tmpfs" ino=2357 scontext=u:r:startupprober:s0 tcontext=u:object_r:hwservicemanager_prop:s0 tclass=file permissive=0
06-12 23:34:01.992   422   445 I vendor.mediatek.hardware.power@1.1-impl: querySysInfo cmd:6, param:0
06-12 23:34:01.993   422   444 I powerd  : [powerd_req] POWER_MSG_QUERY_INFO
06-12 23:34:01.993   422   444 I powerd  : [powerd_req] POWER_MSG_QUERY_INFO: cmd:6, param:0
06-12 23:34:01.993   422   444 I libPerfService: perfUserGetCapability - cmd:6, id:0
06-12 23:34:01.993   422   444 I libPerfService: perfUserGetCapability - value:3459
06-12 23:34:01.994  1618  1628 I GasService: GAS loop :com.sonymobile.home, pid:3459.
06-12 23:34:02.038   432   490 I BufferQueueProducer: [StatusBar#0](this:0x6fdabe1000,id:28,api:1,p:2489,c:432) queueBuffer: fps=0.98 dur=2031.00 max=2004.44 min=26.57
06-12 23:34:02.044   432   432 I DisplayDevice: [Built-in Screen (type:0)] fps:0.988831,dur:2022.59,max:1994.56,min:28.03
06-12 23:34:02.218  1909  1909 W AudioOut_D: type=1400 audit(0.0:327016): avc: denied { read } for name="audio_param" dev="dm-1" ino=802827 scontext=u:r:audioserver:s0 tcontext=u:object_r:mtk_audiohal_data_file:s0 tclass=dir permissive=0
06-12 23:34:02.578  1745  1745 W /vendor/bin/startup-prober: Waited for hwservicemanager.ready for a second, waiting another...
06-12 23:34:02.578  1745  1745 E libc    : Access denied finding property "hwservicemanager.ready"
06-12 23:34:02.578  1745  1745 E libc    : Access denied finding property "hwservicemanager.ready"
06-12 23:34:02.574  1745  1745 W startup-prober: type=1400 audit(0.0:327017): avc: denied { read } for name="u:object_r:hwservicemanager_prop:s0" dev="tmpfs" ino=2357 scontext=u:r:startupprober:s0 tcontext=u:object_r:hwservicemanager_prop:s0 tclass=file permissive=0
06-12 23:34:02.574  1745  1745 W startup-prober: type=1400 audit(0.0:327018): avc: denied { read } for name="u:object_r:hwservicemanager_prop:s0" dev="tmpfs" ino=2357 scontext=u:r:startupprober:s0 tcontext=u:object_r:hwservicemanager_prop:s0 tclass=file permissive=0
06-12 23:34:02.587   423   423 I MFI-RDS :  (     epdgs_rds_conn_init, 1167) [RDS][IF][epdgs_rds_conn_init] eims_info initial
06-12 23:34:02.587   423   423 I MFI-Conn:  (          mal_mfia_start,   48) mal_mfia_start(): Enter (-1)!!
06-12 23:34:02.588   423   423 E MFI-Conn:  (          mdfx_conn_conn,   76) mdfx_conn_conn(): the MFI connection fails!!
06-12 23:34:02.588   423   423 E MFI-Conn:  (   mdfx_conn_init_legacy,  363) mdfx_conn_init_legacy(): mdfx_conn_conn() error!!
06-12 23:34:02.588   423   423 I MFI-RDS :  (     epdgs_rds_conn_init, 1199) [RDS][epdgs_rds_conn_init] rds_wifi_disable_status init
06-12 23:34:03.218  1909  1909 W AudioOut_D: type=1400 audit(0.0:327019): avc: denied { read } for name="audio_param" dev="dm-1" ino=802827 scontext=u:r:audioserver:s0 tcontext=u:object_r:mtk_audiohal_data_file:s0 tclass=dir permissive=0
06-12 23:34:03.410   417   417 I WifiHAL : Get link stats
06-12 23:34:03.578  1745  1745 W /vendor/bin/startup-prober: Waited for hwservicemanager.ready for a second, waiting another...
06-12 23:34:03.578  1745  1745 E libc    : Access denied finding property "hwservicemanager.ready"
06-12 23:34:03.578  1745  1745 E libc    : Access denied finding property "hwservicemanager.ready"
06-12 23:34:03.578  1745  1745 W startup-prober: type=1400 audit(0.0:327020): avc: denied { read } for name="u:object_r:hwservicemanager_prop:s0" dev="tmpfs" ino=2357 scontext=u:r:startupprober:s0 tcontext=u:object_r:hwservicemanager_prop:s0 tclass=file permissive=0
06-12 23:34:03.578  1745  1745 W startup-prober: type=1400 audit(0.0:327021): avc: denied { read } for name="u:object_r:hwservicemanager_prop:s0" dev="tmpfs" ino=2357 scontext=u:r:startupprober:s0 tcontext=u:object_r:hwservicemanager_prop:s0 tclass=file permissive=0
06-12 23:34:03.994   422   445 I vendor.mediatek.hardware.power@1.1-impl: querySysInfo cmd:6, param:0
06-12 23:34:03.995   422   444 I powerd  : [powerd_req] POWER_MSG_QUERY_INFO
06-12 23:34:03.995   422   444 I powerd  : [powerd_req] POWER_MSG_QUERY_INFO: cmd:6, param:0
06-12 23:34:03.995   422   444 I libPerfService: perfUserGetCapability - cmd:6, id:0
06-12 23:34:03.995   422   444 I libPerfService: perfUserGetCapability - value:3459
06-12 23:34:03.996  1618  1628 I GasService: GAS loop :com.sonymobile.home, pid:3459.
06-12 23:34:04.005  7154  7154 I ADB_SERVICES: service_to_fd shell:export ANDROID_LOG_TAGS="''"; exec logcat
06-12 23:34:04.222  1909  1909 W AudioOut_D: type=1400 audit(0.0:327022): avc: denied { read } for name="audio_param" dev="dm-1" ino=802827 scontext=u:r:audioserver:s0 tcontext=u:object_r:mtk_audiohal_data_file:s0 tclass=dir permissive=0
06-12 23:34:04.578  1745  1745 W /vendor/bin/startup-prober: Waited for hwservicemanager.ready for a second, waiting another...
06-12 23:34:04.579  1745  1745 E libc    : Access denied finding property "hwservicemanager.ready"
06-12 23:34:04.579  1745  1745 E libc    : Access denied finding property "hwservicemanager.ready"
06-12 23:34:04.578  1745  1745 W startup-prober: type=1400 audit(0.0:327023): avc: denied { read } for name="u:object_r:hwservicemanager_prop:s0" dev="tmpfs" ino=2357 scontext=u:r:startupprober:s0 tcontext=u:object_r:hwservicemanager_prop:s0 tclass=file permissive=0
06-12 23:34:04.578  1745  1745 W startup-prober: type=1400 audit(0.0:327024): avc: denied { read } for name="u:object_r:hwservicemanager_prop:s0" dev="tmpfs" ino=2357 scontext=u:r:startupprober:s0 tcontext=u:object_r:hwservicemanager_prop:s0 tclass=file permissive=0
06-12 23:34:04.590   423   423 I MFI-RDS :  (     epdgs_rds_conn_init, 1167) [RDS][IF][epdgs_rds_conn_init] eims_info initial
06-12 23:34:04.590   423   423 I MFI-Conn:  (          mal_mfia_start,   48) mal_mfia_start(): Enter (-1)!!
06-12 23:34:04.591   423   423 E MFI-Conn:  (          mdfx_conn_conn,   76) mdfx_conn_conn(): the MFI connection fails!!
06-12 23:34:04.591   423   423 E MFI-Conn:  (   mdfx_conn_init_legacy,  363) mdfx_conn_init_legacy(): mdfx_conn_conn() error!!
06-12 23:34:04.591   423   423 I MFI-RDS :  (     epdgs_rds_conn_init, 1199) [RDS][epdgs_rds_conn_init] rds_wifi_disable_status init
06-12 23:34:04.941  2211  2390 I AlarmManager: [openLteGateByDataShaping] isDataShapingWhitelist: false,openLteGateSuccess = false
06-12 23:34:05.018   432   806 I BufferQueueProducer: [StatusBar#0](this:0x6fdabe1000,id:28,api:1,p:2489,c:432) queueBuffer: fps=0.34 dur=2980.00 max=2980.00 min=2980.00
06-12 23:34:05.030   432   432 I DisplayDevice: [Built-in Screen (type:0)] fps:0.334970,dur:2985.34,max:2985.34,min:2985.34
06-12 23:34:05.218  1909  1909 W AudioOut_D: type=1400 audit(0.0:327025): avc: denied { read } for name="audio_param" dev="dm-1" ino=802827 scontext=u:r:audioserver:s0 tcontext=u:object_r:mtk_audiohal_data_file:s0 tclass=dir permissive=0
06-12 23:34:05.579  1745  1745 W /vendor/bin/startup-prober: Waited for hwservicemanager.ready for a second, waiting another...
06-12 23:34:05.579  1745  1745 E libc    : Access denied finding property "hwservicemanager.ready"
06-12 23:34:05.580  1745  1745 E libc    : Access denied finding property "hwservicemanager.ready"
06-12 23:34:05.578  1745  1745 W startup-prober: type=1400 audit(0.0:327026): avc: denied { read } for name="u:object_r:hwservicemanager_prop:s0" dev="tmpfs" ino=2357 scontext=u:r:startupprober:s0 tcontext=u:object_r:hwservicemanager_prop:s0 tclass=file permissive=0
06-12 23:34:05.578  1745  1745 W startup-prober: type=1400 audit(0.0:327027): avc: denied { read } for name="u:object_r:hwservicemanager_prop:s0" dev="tmpfs" ino=2357 scontext=u:r:startupprober:s0 tcontext=u:object_r:hwservicemanager_prop:s0 tclass=file permissive=0
06-12 23:34:05.725  1933  1933 I thermal_repeater: select timeout
06-12 23:34:05.997   422   445 I vendor.mediatek.hardware.power@1.1-impl: querySysInfo cmd:6, param:0
06-12 23:34:05.998   422   444 I powerd  : [powerd_req] POWER_MSG_QUERY_INFO
06-12 23:34:05.998   422   444 I powerd  : [powerd_req] POWER_MSG_QUERY_INFO: cmd:6, param:0
06-12 23:34:05.998   422   444 I libPerfService: perfUserGetCapability - cmd:6, id:0
06-12 23:34:05.998   422   444 I libPerfService: perfUserGetCapability - value:3459
06-12 23:34:06.000  1618  1628 I GasService: GAS loop :com.sonymobile.home, pid:3459.
06-12 23:34:06.017  7306  7356 W Assist  : *** EventLogNativeAccessor: Tag code -1 is not known by eventlog
06-12 23:34:06.051  7306  7356 W Assist  : *** EventLogNativeAccessor: No old (unfiltered) events, this probably means we sync too seldom
06-12 23:34:06.218  1909  1909 W AudioOut_D: type=1400 audit(0.0:327028): avc: denied { read } for name="audio_param" dev="dm-1" ino=802827 scontext=u:r:audioserver:s0 tcontext=u:object_r:mtk_audiohal_data_file:s0 tclass=dir permissive=0
06-12 23:34:06.426   417   417 I WifiHAL : Get link stats
06-12 23:34:06.426   417   417 E android.hardware.wifi@1.0-service: Invalid radio stats in link layer stats
06-12 23:34:06.579  1745  1745 W /vendor/bin/startup-prober: Waited for hwservicemanager.ready for a second, waiting another...
06-12 23:34:06.580  1745  1745 E libc    : Access denied finding property "hwservicemanager.ready"
06-12 23:34:06.580  1745  1745 E libc    : Access denied finding property "hwservicemanager.ready"
06-12 23:34:06.578  1745  1745 W startup-prober: type=1400 audit(0.0:327029): avc: denied { read } for name="u:object_r:hwservicemanager_prop:s0" dev="tmpfs" ino=2357 scontext=u:r:startupprober:s0 tcontext=u:object_r:hwservicemanager_prop:s0 tclass=file permissive=0
06-12 23:34:06.578  1745  1745 W startup-prober: type=1400 audit(0.0:327030): avc: denied { read } for name="u:object_r:hwservicemanager_prop:s0" dev="tmpfs" ino=2357 scontext=u:r:startupprober:s0 tcontext=u:object_r:hwservicemanager_prop:s0 tclass=file permissive=0
06-12 23:34:06.592   423   423 I MFI-RDS :  (     epdgs_rds_conn_init, 1167) [RDS][IF][epdgs_rds_conn_init] eims_info initial
06-12 23:34:06.593   423   423 I MFI-Conn:  (          mal_mfia_start,   48) mal_mfia_start(): Enter (-1)!!
06-12 23:34:06.594   423   423 E MFI-Conn:  (          mdfx_conn_conn,   76) mdfx_conn_conn(): the MFI connection fails!!
06-12 23:34:06.594   423   423 E MFI-Conn:  (   mdfx_conn_init_legacy,  363) mdfx_conn_init_legacy(): mdfx_conn_conn() error!!
06-12 23:34:06.594   423   423 I MFI-RDS :  (     epdgs_rds_conn_init, 1199) [RDS][epdgs_rds_conn_init] rds_wifi_disable_status init
06-12 23:34:07.206   432   806 I BufferQueueProducer: [StatusBar#0](this:0x6fdabe1000,id:28,api:1,p:2489,c:432) queueBuffer: fps=0.91 dur=2187.69 max=2171.18 min=16.51
06-12 23:34:07.221   432   432 I DisplayDevice: [Built-in Screen (type:0)] fps:0.912814,dur:2191.03,max:2175.23,min:15.80
06-12 23:34:07.222  1909  1909 W AudioOut_D: type=1400 audit(0.0:327031): avc: denied { read } for name="audio_param" dev="dm-1" ino=802827 scontext=u:r:audioserver:s0 tcontext=u:object_r:mtk_audiohal_data_file:s0 tclass=dir permissive=0
06-12 23:34:07.579  1745  1745 W /vendor/bin/startup-prober: Waited for hwservicemanager.ready for a second, waiting another...
06-12 23:34:07.580  1745  1745 E libc    : Access denied finding property "hwservicemanager.ready"
06-12 23:34:07.580  1745  1745 E libc    : Access denied finding property "hwservicemanager.ready"
06-12 23:34:07.574  1745  1745 W startup-prober: type=1400 audit(0.0:327032): avc: denied { read } for name="u:object_r:hwservicemanager_prop:s0" dev="tmpfs" ino=2357 scontext=u:r:startupprober:s0 tcontext=u:object_r:hwservicemanager_prop:s0 tclass=file permissive=0
06-12 23:34:07.574  1745  1745 W startup-prober: type=1400 audit(0.0:327033): avc: denied { read } for name="u:object_r:hwservicemanager_prop:s0" dev="tmpfs" ino=2357 scontext=u:r:startupprober:s0 tcontext=u:object_r:hwservicemanager_prop:s0 tclass=file permissive=0
06-12 23:34:08.000   422   445 I vendor.mediatek.hardware.power@1.1-impl: querySysInfo cmd:6, param:0
06-12 23:34:08.001   422   444 I powerd  : [powerd_req] POWER_MSG_QUERY_INFO
06-12 23:34:08.001   422   444 I powerd  : [powerd_req] POWER_MSG_QUERY_INFO: cmd:6, param:0
06-12 23:34:08.001   422   444 I libPerfService: perfUserGetCapability - cmd:6, id:0
06-12 23:34:08.002   422   444 I libPerfService: perfUserGetCapability - value:3459
06-12 23:34:08.003  1618  1628 I GasService: GAS loop :com.sonymobile.home, pid:3459.
06-12 23:34:08.213   422   472 I vendor.mediatek.hardware.power@1.1-impl: mtkPowerHint hint:15, data:10000
06-12 23:34:08.221   432   806 I BufferQueueProducer: [StatusBar#0](this:0x6fdabe1000,id:28,api:1,p:2489,c:432) queueBuffer: fps=0.99 dur=1005.99 max=1005.99 min=1005.99
06-12 23:34:08.222  1909  1909 W AudioOut_D: type=1400 audit(0.0:327034): avc: denied { read } for name="audio_param" dev="dm-1" ino=802827 scontext=u:r:audioserver:s0 tcontext=u:object_r:mtk_audiohal_data_file:s0 tclass=dir permissive=0
06-12 23:34:08.226   432   432 I DisplayDevice: [Built-in Screen (type:0)] fps:0.995022,dur:1005.00,max:1005.00,min:1005.00
06-12 23:34:08.236   432   806 I BufferQueueProducer: [com.sonymobile.home/com.sonymobile.home.HomeActivity#0](this:0x6fd86e8800,id:1936,api:1,p:3459,c:432) queueBuffer: fps=0.07 dur=42713.57 max=42683.44 min=12.68
06-12 23:34:08.245   422   472 I vendor.mediatek.hardware.power@1.1-impl: mtkPowerHint hint:15, data:0
06-12 23:34:08.247  2211  7083 I ActivityManager: START u0 {act=android.intent.action.MAIN cat=[android.intent.category.LAUNCHER] flg=0x10200000 cmp=com.gene.sandbox/android.app.NativeActivity bnds=[570,60][710,218]} from uid 10096
06-12 23:34:08.258   422   472 I vendor.mediatek.hardware.power@1.1-impl: mtkPowerHint hint:11, data:0
06-12 23:34:08.261   422   472 I vendor.mediatek.hardware.power@1.1-impl: mtkPowerHint hint:12, data:0
06-12 23:34:08.261   422   472 I vendor.mediatek.hardware.power@1.1-impl: mtkPowerHint hint:10, data:0
06-12 23:34:08.262   422   472 I vendor.mediatek.hardware.power@1.1-impl: mtkPowerHint hint:11, data:2000
06-12 23:34:08.263   422   444 I libPerfService: 11: legacy set freq: 1638000 -1 2340000 -1
06-12 23:34:08.265   422   444 I libPerfService: 11: legacy set: -1 -1 4 -1
06-12 23:34:08.267   422   472 I vendor.mediatek.hardware.power@1.1-impl: mtkPowerHint hint:11, data:2000
06-12 23:34:08.271   422   472 I vendor.mediatek.hardware.power@1.1-impl: mtkPowerHint hint:10, data:2000
06-12 23:34:08.279   432   432 I BufferQueue: [unnamed-432-1937](this:0x6fd86e7000,id:1937,api:0,p:-1,c:-1) BufferQueue core=(432:/system/bin/surfaceflinger)
06-12 23:34:08.279   432   432 I BufferQueueConsumer: [unnamed-432-1937](this:0x6fd86e7000,id:1937,api:0,p:-1,c:432) connect(C): consumer=(432:/system/bin/surfaceflinger) controlledByApp=false
06-12 23:34:08.279   432   432 I BufferQueueConsumer: [unnamed-432-1937](this:0x6fd86e7000,id:1937,api:0,p:-1,c:432) setConsumerName: unnamed-432-1937
06-12 23:34:08.279   432   432 I BufferQueueConsumer: [Splash Screen com.gene.sandbox#0](this:0x6fd86e7000,id:1937,api:0,p:-1,c:432) setConsumerName: Splash Screen com.gene.sandbox#0
06-12 23:34:08.279   432   432 I BufferQueueProducer: [](this:0x6fd86e7000,id:1937,api:0,p:-1,c:432) setMaxDequeuedBufferCount: maxDequeuedBuffers = 2
06-12 23:34:08.279   432   432 I BufferQueueConsumer: [Splash Screen com.gene.sandbox#0](this:0x6fd86e7000,id:1937,api:0,p:-1,c:432) setDefaultBufferSize: width=720 height=1184
06-12 23:34:08.283  1906  1906 I Zygote  : ForkAndSpecializeCommon: Finished, pid of child process is 15879 
06-12 23:34:08.286   432   806 I BufferQueueProducer: [Splash Screen com.gene.sandbox#0](this:0x6fd86e7000,id:1937,api:2,p:2211,c:432) connect(P): api=2 producer=(2211:system_server) producerControlledByApp=false
06-12 23:34:08.286  2211  2501 I ActivityManager: Start proc 15879:com.gene.sandbox/u0a253 for activity com.gene.sandbox/android.app.NativeActivity
06-12 23:34:08.291 15879 15879 I zygote64: Late-enabling -Xcheck:jni
06-12 23:34:08.344   422   472 I vendor.mediatek.hardware.power@1.1-impl: notifyAppState pack:com.gene.sandbox, act:android.app.NativeActivity, pid:15879, state:1
06-12 23:34:08.345   422   444 I powerd  : [powerd_req] POWER_MSG_NOTIFY_STATE
06-12 23:34:08.345   422   444 I libPerfService: [perfNotifyAppState] foreground:com.gene.sandbox, pid:15879
06-12 23:34:08.345   422   444 I libPerfService: perfUserGetCapability - cmd:7, id:0
06-12 23:34:08.345   422   444 I libPerfService: perfUserGetCapability - value:-1
06-12 23:34:08.358   432   806 I BufferQueueProducer: [com.sonymobile.home/com.sonymobile.home.HomeActivity#0](this:0x6fd86e8800,id:1936,api:1,p:3459,c:432) disconnect(P): api 1
06-12 23:34:08.358   432   806 I BufferQueueConsumer: [com.sonymobile.home/com.sonymobile.home.HomeActivity#0](this:0x6fd86e8800,id:1936,api:1,p:-1,c:432) getReleasedBuffers: returning mask 0xffffffffffffffff
06-12 23:34:08.376   432   432 I BufferQueueProducer: [FrameBufferSurface_0](this:0x6fdabde000,id:0,api:1,p:432,c:432) queueBuffer: fps=0.47 dur=44788.06 max=43865.60 min=13.48
06-12 23:34:08.377 15879 15879 W System  : ClassLoader referenced unknown path: 
06-12 23:34:08.381   432   806 I BufferQueueProducer: [NavigationBar#0](this:0x6fdabe2800,id:1287,api:1,p:2489,c:432) queueBuffer: fps=0.16 dur=43821.76 max=43690.79 min=13.73
06-12 23:34:08.483 15879 15895 W Gene    : [GLog] [Infomation]: ------- ---------------------- -------
06-12 23:34:08.483 15879 15895 W Gene    : [GLog] [Infomation]: ------- Starting Debug Session -------
06-12 23:34:08.483 15879 15895 W Gene    : [GLog] [Infomation]: ------- ---------------------- -------
06-12 23:34:08.483 15879 15895 W Gene    : [GLog] [Infomation]: Operating System: Android
06-12 23:34:08.497   432   486 I SurfaceFlinger: EventThread Client Pid (15879) created
06-12 23:34:08.498   432   486 I SurfaceFlinger: EventThread Client Pid (15879) created
06-12 23:34:08.506   432   486 I SurfaceFlinger: [SF client] NEW(0x6fcde6dcc0) for (2211:system_server)
06-12 23:34:08.518  2211  7083 I WindowManager: Relayout Window{8f606c8 u0 com.gene.sandbox/android.app.NativeActivity}: oldVis=4 newVis=0 focusMayChange = true
06-12 23:34:08.522   432   432 I BufferQueue: [unnamed-432-1938](this:0x6fcdfb5800,id:1938,api:0,p:-1,c:-1) BufferQueue core=(432:/system/bin/surfaceflinger)
06-12 23:34:08.523   432   432 I BufferQueueConsumer: [unnamed-432-1938](this:0x6fcdfb5800,id:1938,api:0,p:-1,c:432) connect(C): consumer=(432:/system/bin/surfaceflinger) controlledByApp=false
06-12 23:34:08.523   432   432 I BufferQueueConsumer: [unnamed-432-1938](this:0x6fcdfb5800,id:1938,api:0,p:-1,c:432) setConsumerName: unnamed-432-1938
06-12 23:34:08.523   432   432 I BufferQueueConsumer: [com.gene.sandbox/android.app.NativeActivity#0](this:0x6fcdfb5800,id:1938,api:0,p:-1,c:432) setConsumerName: com.gene.sandbox/android.app.NativeActivity#0
06-12 23:34:08.523   432   432 I BufferQueueProducer: [](this:0x6fcdfb5800,id:1938,api:0,p:-1,c:432) setMaxDequeuedBufferCount: maxDequeuedBuffers = 2
06-12 23:34:08.523   432   432 I BufferQueueConsumer: [com.gene.sandbox/android.app.NativeActivity#0](this:0x6fcdfb5800,id:1938,api:0,p:-1,c:432) setDefaultBufferSize: width=720 height=1280
06-12 23:34:08.527  2211  2211 W ContextImpl: Calling a method in the system process without a qualified user: android.app.ContextImpl.sendBroadcast:963 com.android.server.policy.PhoneWindowManager.handleOnehandTrigger:1108 com.android.server.policy.PhoneWindowManager.-wrap18:0 com.android.server.policy.PhoneWindowManager$5.onBarVisibilityChanged:1099 com.android.server.policy.BarController$BarHandler.handleMessage:331 
06-12 23:34:08.529  2211  2211 E ActivityManager: Sending non-protected broadcast com.sonymobile.onehandnvbtrigger from system 2211:system/1000 pkg android
06-12 23:34:08.529  2211  2211 E ActivityManager: java.lang.Throwable
06-12 23:34:08.529  2211  2211 E ActivityManager: 	at com.android.server.am.ActivityManagerService.checkBroadcastFromSystem(ActivityManagerService.java:19865)
06-12 23:34:08.529  2211  2211 E ActivityManager: 	at com.android.server.am.ActivityManagerService.broadcastIntentLocked(ActivityManagerService.java:20408)
06-12 23:34:08.529  2211  2211 E ActivityManager: 	at com.android.server.am.ActivityManagerService.broadcastIntent(ActivityManagerService.java:20689)
06-12 23:34:08.529  2211  2211 E ActivityManager: 	at android.app.ContextImpl.sendBroadcast(ContextImpl.java:967)
06-12 23:34:08.529  2211  2211 E ActivityManager: 	at com.android.server.policy.PhoneWindowManager.handleOnehandTrigger(PhoneWindowManager.java:1108)
06-12 23:34:08.529  2211  2211 E ActivityManager: 	at com.android.server.policy.PhoneWindowManager.-wrap18(Unknown Source:0)
06-12 23:34:08.529  2211  2211 E ActivityManager: 	at com.android.server.policy.PhoneWindowManager$5.onBarVisibilityChanged(PhoneWindowManager.java:1099)
06-12 23:34:08.529  2211  2211 E ActivityManager: 	at com.android.server.policy.BarController$BarHandler.handleMessage(BarController.java:331)
06-12 23:34:08.529  2211  2211 E ActivityManager: 	at android.os.Handler.dispatchMessage(Handler.java:108)
06-12 23:34:08.529  2211  2211 E ActivityManager: 	at android.os.Looper.loop(Looper.java:206)
06-12 23:34:08.529  2211  2211 E ActivityManager: 	at com.android.server.SystemServer.run(SystemServer.java:503)
06-12 23:34:08.529  2211  2211 E ActivityManager: 	at com.android.server.SystemServer.main(SystemServer.java:322)
06-12 23:34:08.529  2211  2211 E ActivityManager: 	at java.lang.reflect.Method.invoke(Native Method)
06-12 23:34:08.529  2211  2211 E ActivityManager: 	at com.android.internal.os.Zygote$MethodAndArgsCaller.run(Zygote.java:240)
06-12 23:34:08.529  2211  2211 E ActivityManager: 	at com.android.internal.os.ZygoteInit.main(ZygoteInit.java:845)
06-12 23:34:08.537 15879 15895 W Gene    : [GLog] [Debug]: Creating Android OpenGL Context
06-12 23:34:08.539  2211  2211 W AES     : Exception Log handling...
06-12 23:34:08.542  2211  2211 E ActivityManager: Sending non-protected broadcast com.sonymobile.onehandnvbtrigger from system 2211:system/1000 pkg android
06-12 23:34:08.542  2211  2211 E ActivityManager: java.lang.Throwable
06-12 23:34:08.542  2211  2211 E ActivityManager: 	at com.android.server.am.ActivityManagerService.checkBroadcastFromSystem(ActivityManagerService.java:19865)
06-12 23:34:08.542  2211  2211 E ActivityManager: 	at com.android.server.am.ActivityManagerService.broadcastIntentLocked(ActivityManagerService.java:20505)
06-12 23:34:08.542  2211  2211 E ActivityManager: 	at com.android.server.am.ActivityManagerService.broadcastIntent(ActivityManagerService.java:20689)
06-12 23:34:08.542  2211  2211 E ActivityManager: 	at android.app.ContextImpl.sendBroadcast(ContextImpl.java:967)
06-12 23:34:08.542  2211  2211 E ActivityManager: 	at com.android.server.policy.PhoneWindowManager.handleOnehandTrigger(PhoneWindowManager.java:1108)
06-12 23:34:08.542  2211  2211 E ActivityManager: 	at com.android.server.policy.PhoneWindowManager.-wrap18(Unknown Source:0)
06-12 23:34:08.542  2211  2211 E ActivityManager: 	at com.android.server.policy.PhoneWindowManager$5.onBarVisibilityChanged(PhoneWindowManager.java:1099)
06-12 23:34:08.542  2211  2211 E ActivityManager: 	at com.android.server.policy.BarController$BarHandler.handleMessage(BarController.java:331)
06-12 23:34:08.542  2211  2211 E ActivityManager: 	at android.os.Handler.dispatchMessage(Handler.java:108)
06-12 23:34:08.542  2211  2211 E ActivityManager: 	at android.os.Looper.loop(Looper.java:206)
06-12 23:34:08.542  2211  2211 E ActivityManager: 	at com.android.server.SystemServer.run(SystemServer.java:503)
06-12 23:34:08.542  2211  2211 E ActivityManager: 	at com.android.server.SystemServer.main(SystemServer.java:322)
06-12 23:34:08.542  2211  2211 E ActivityManager: 	at java.lang.reflect.Method.invoke(Native Method)
06-12 23:34:08.542  2211  2211 E ActivityManager: 	at com.android.internal.os.Zygote$MethodAndArgsCaller.run(Zygote.java:240)
06-12 23:34:08.542  2211  2211 E ActivityManager: 	at com.android.internal.os.ZygoteInit.main(ZygoteInit.java:845)
06-12 23:34:08.543 15879 15895 I vndksupport: sphal namespace is not configured for this process. Loading /vendor/lib64/hw/gralloc.mt6757.so from the current namespace instead.
06-12 23:34:08.547   432   806 I BufferQueueProducer: [com.gene.sandbox/android.app.NativeActivity#0](this:0x6fcdfb5800,id:1938,api:1,p:15879,c:432) connect(P): api=1 producer=(15879:com.gene.sandbox) producerControlledByApp=true
06-12 23:34:08.550  2211  2211 W AES     : Exception Log handling...
06-12 23:34:08.551 15879 15895 W Gene    : [GLog] [Debug]: Screen Size: 800x600
06-12 23:34:08.570   432   432 I BufferQueueConsumer: [Splash Screen com.gene.sandbox#0](this:0x6fd86e7000,id:1937,api:2,p:2211,c:432) setDefaultBufferSize: width=720 height=1280
06-12 23:34:08.580  1745  1745 W /vendor/bin/startup-prober: Waited for hwservicemanager.ready for a second, waiting another...
06-12 23:34:08.574  1745  1745 W startup-prober: type=1400 audit(0.0:327035): avc: denied { read } for name="u:object_r:hwservicemanager_prop:s0" dev="tmpfs" ino=2357 scontext=u:r:startupprober:s0 tcontext=u:object_r:hwservicemanager_prop:s0 tclass=file permissive=0
06-12 23:34:08.581  1745  1745 E libc    : Access denied finding property "hwservicemanager.ready"
06-12 23:34:08.581  1745  1745 E libc    : Access denied finding property "hwservicemanager.ready"
06-12 23:34:08.578  1745  1745 W startup-prober: type=1400 audit(0.0:327036): avc: denied { read } for name="u:object_r:hwservicemanager_prop:s0" dev="tmpfs" ino=2357 scontext=u:r:startupprober:s0 tcontext=u:object_r:hwservicemanager_prop:s0 tclass=file permissive=0
06-12 23:34:08.586 15879 15895 I vndksupport: sphal namespace is not configured for this process. Loading /vendor/lib64/hw/gralloc.mt6757.so from the current namespace instead.
06-12 23:34:08.591 15879 15895 I vndksupport: sphal namespace is not configured for this process. Loading /vendor/lib64/hw/gralloc.mt6757.so from the current namespace instead.
06-12 23:34:08.595   423   423 I MFI-RDS :  (     epdgs_rds_conn_init, 1167) [RDS][IF][epdgs_rds_conn_init] eims_info initial
06-12 23:34:08.596   423   423 I MFI-Conn:  (          mal_mfia_start,   48) mal_mfia_start(): Enter (-1)!!
06-12 23:34:08.596   423   423 E MFI-Conn:  (          mdfx_conn_conn,   76) mdfx_conn_conn(): the MFI connection fails!!
06-12 23:34:08.596   423   423 E MFI-Conn:  (   mdfx_conn_init_legacy,  363) mdfx_conn_init_legacy(): mdfx_conn_conn() error!!
06-12 23:34:08.596   423   423 I MFI-RDS :  (     epdgs_rds_conn_init, 1199) [RDS][epdgs_rds_conn_init] rds_wifi_disable_status init
06-12 23:34:08.606  2211  2232 I ActivityManager: Displayed com.gene.sandbox/android.app.NativeActivity: +320ms
06-12 23:34:08.612  2211  2232 I Timeline: Timeline: Activity_windows_visible id: ActivityRecord{c76eb9 u0 com.gene.sandbox/android.app.NativeActivity t136} time:63623423 diff:355 start:cold| batt:46|2 mw:off|1 mem:1077624|0|61|5|15 cpu:[1638000, 1638000, 1638000, 1638000, 2340000, 2340000, 2340000, 2340000]
06-12 23:34:08.636   432   432 I BufferQueueConsumer: [com.sonymobile.home/com.sonymobile.home.HomeActivity#0](this:0x6fd86e8800,id:1936,api:1,p:-1,c:-1) disconnect(C)
06-12 23:34:08.637   432   432 I BufferQueue: [com.sonymobile.home/com.sonymobile.home.HomeActivity#0](this:0x6fd86e8800,id:1936,api:1,p:-1,c:-1) ~BufferQueueCore
06-12 23:34:08.719   432   806 I BufferQueueProducer: [Splash Screen com.gene.sandbox#0](this:0x6fd86e7000,id:1937,api:2,p:2211,c:432) disconnect(P): api 2
06-12 23:34:08.719   432   806 I BufferQueueConsumer: [Splash Screen com.gene.sandbox#0](this:0x6fd86e7000,id:1937,api:2,p:-1,c:432) getReleasedBuffers: returning mask 0xffffffffffffffff
06-12 23:34:08.735   432   432 I BufferQueueConsumer: [Splash Screen com.gene.sandbox#0](this:0x6fd86e7000,id:1937,api:2,p:-1,c:-1) disconnect(C)
06-12 23:34:08.735   432   432 I BufferQueue: [Splash Screen com.gene.sandbox#0](this:0x6fd86e7000,id:1937,api:2,p:-1,c:-1) ~BufferQueueCore
06-12 23:34:09.222  1909  1909 W AudioOut_D: type=1400 audit(0.0:327037): avc: denied { read } for name="audio_param" dev="dm-1" ino=802827 scontext=u:r:audioserver:s0 tcontext=u:object_r:mtk_audiohal_data_file:s0 tclass=dir permissive=0
06-12 23:34:09.230   432   432 I DisplayDevice: [Built-in Screen (type:0)] fps:56.728069,dur:1004.79,max:67.55,min:13.94
06-12 23:34:09.433   417   417 I WifiHAL : Get link stats
06-12 23:34:09.433   417   417 E android.hardware.wifi@1.0-service: Invalid radio stats in link layer stats
06-12 23:34:09.498   422   472 I vendor.mediatek.hardware.power@1.1-impl: mtkPowerHint hint:15, data:10000
06-12 23:34:09.580  1745  1745 W /vendor/bin/startup-prober: Waited for hwservicemanager.ready for a second, waiting another...
06-12 23:34:09.578  1745  1745 W startup-prober: type=1400 audit(0.0:327038): avc: denied { read } for name="u:object_r:hwservicemanager_prop:s0" dev="tmpfs" ino=2357 scontext=u:r:startupprober:s0 tcontext=u:object_r:hwservicemanager_prop:s0 tclass=file permissive=0
06-12 23:34:09.581  1745  1745 E libc    : Access denied finding property "hwservicemanager.ready"
06-12 23:34:09.581  1745  1745 E libc    : Access denied finding property "hwservicemanager.ready"
06-12 23:34:09.578  1745  1745 W startup-prober: type=1400 audit(0.0:327039): avc: denied { read } for name="u:object_r:hwservicemanager_prop:s0" dev="tmpfs" ino=2357 scontext=u:r:startupprober:s0 tcontext=u:object_r:hwservicemanager_prop:s0 tclass=file permissive=0
06-12 23:34:09.595   432   490 I BufferQueueProducer: [com.gene.sandbox/android.app.NativeActivity#0](this:0x6fcdfb5800,id:1938,api:1,p:15879,c:432) queueBuffer: fps=61.98 dur=1000.29 max=22.33 min=3.91
06-12 23:34:10.004   422   445 I vendor.mediatek.hardware.power@1.1-impl: querySysInfo cmd:6, param:0
06-12 23:34:10.005   422   444 I powerd  : [powerd_req] POWER_MSG_QUERY_INFO
06-12 23:34:10.005   422   444 I powerd  : [powerd_req] POWER_MSG_QUERY_INFO: cmd:6, param:0
06-12 23:34:10.005   422   444 I libPerfService: perfUserGetCapability - cmd:6, id:0
06-12 23:34:10.005   422   444 I libPerfService: perfUserGetCapability - value:15879
06-12 23:34:10.012  1618  1628 I GasService: GAS loop :com.gene.sandbox, pid:15879.
06-12 23:34:10.196   432   806 I BufferQueueProducer: [StatusBar#0](this:0x6fdabe1000,id:28,api:1,p:2489,c:432) queueBuffer: fps=11.09 dur=1983.60 max=989.15 min=10.40
06-12 23:34:10.222  1909  1909 W AudioOut_D: type=1400 audit(0.0:327040): avc: denied { read } for name="audio_param" dev="dm-1" ino=802827 scontext=u:r:audioserver:s0 tcontext=u:object_r:mtk_audiohal_data_file:s0 tclass=dir permissive=0
06-12 23:34:10.236   432   432 I DisplayDevice: [Built-in Screen (type:0)] fps:60.656265,dur:1005.67,max:17.02,min:15.95
06-12 23:34:10.269   422   444 I libPerfService: 11: legacy set: -1 -1 -1 -1
06-12 23:34:10.269   422   444 I libPerfService: 11: legacy set freq: -1 -1 -1 -1
06-12 23:34:10.580  1745  1745 W /vendor/bin/startup-prober: Waited for hwservicemanager.ready for a second, waiting another...
06-12 23:34:10.581  1745  1745 E libc    : Access denied finding property "hwservicemanager.ready"
06-12 23:34:10.578  1745  1745 W startup-prober: type=1400 audit(0.0:327041): avc: denied { read } for name="u:object_r:hwservicemanager_prop:s0" dev="tmpfs" ino=2357 scontext=u:r:startupprober:s0 tcontext=u:object_r:hwservicemanager_prop:s0 tclass=file permissive=0
