06-12 23:34:10.578  1745  1745 W startup-prober: type=1400 audit(0.0:327042): avc: denied { read } for name="u:object_r:hwservicemanager_prop:s0" dev="tmpfs" ino=2357 scontext=u:r:startupprober:s0 tcontext=u:object_r:hwservicemanager_prop:s0 tclass=file permissive=0
06-12 23:34:10.583  1745  1745 E libc    : Access denied finding property "hwservicemanager.ready"
06-12 23:34:10.598   423   423 I MFI-RDS :  (     epdgs_rds_conn_init, 1167) [RDS][IF][epdgs_rds_conn_init] eims_info initial
06-12 23:34:10.598   423   423 I MFI-Conn:  (          mal_mfia_start,   48) mal_mfia_start(): Enter (-1)!!
06-12 23:34:10.599   423   423 E MFI-Conn:  (          mdfx_conn_conn,   76) mdfx_conn_conn(): the MFI connection fails!!
06-12 23:34:10.599   423   423 E MFI-Conn:  (   mdfx_conn_init_legacy,  363) mdfx_conn_init_legacy(): mdfx_conn_conn() error!!
06-12 23:34:10.600   423   423 I MFI-RDS :  (     epdgs_rds_conn_init, 1199) [RDS][epdgs_rds_conn_init] rds_wifi_disable_status init
06-12 23:34:10.602   432   806 I BufferQueueProducer: [com.gene.sandbox/android.app.NativeActivity#0](this:0x6fcdfb5800,id:1938,api:1,p:15879,c:432) queueBuffer: fps=60.58 dur=1006.97 max=20.18 min=13.12
06-12 23:34:10.603   422   472 I vendor.mediatek.hardware.power@1.1-impl: mtkPowerHint hint:15, data:0
06-12 23:34:10.726  1933  1933 I thermal_repeater: oh, queryMdThermalInfo (0)No such file or directory
06-12 23:34:10.735  1933  1933 I thermal_repeater: [recvMdThermalInfo] ret=26, strLen=127,  1, 32767,,, 241, 32767, 0
06-12 23:34:10.900   422   472 I vendor.mediatek.hardware.power@1.1-impl: mtkPowerHint hint:15, data:10000
06-12 23:34:10.947  2211  2211 W ContextImpl: Calling a method in the system process without a qualified user: android.app.ContextImpl.sendBroadcast:963 com.android.server.policy.PhoneWindowManager.handleOnehandTrigger:1108 com.android.server.policy.PhoneWindowManager.-wrap18:0 com.android.server.policy.PhoneWindowManager$5.onBarVisibilityChanged:1099 com.android.server.policy.BarController$BarHandler.handleMessage:331 
06-12 23:34:10.949  2211  2211 E ActivityManager: Sending non-protected broadcast com.sonymobile.onehandnvbtrigger from system 2211:system/1000 pkg android
06-12 23:34:10.949  2211  2211 E ActivityManager: java.lang.Throwable
06-12 23:34:10.949  2211  2211 E ActivityManager: 	at com.android.server.am.ActivityManagerService.checkBroadcastFromSystem(ActivityManagerService.java:19865)
06-12 23:34:10.949  2211  2211 E ActivityManager: 	at com.android.server.am.ActivityManagerService.broadcastIntentLocked(ActivityManagerService.java:20408)
06-12 23:34:10.949  2211  2211 E ActivityManager: 	at com.android.server.am.ActivityManagerService.broadcastIntent(ActivityManagerService.java:20689)
06-12 23:34:10.949  2211  2211 E ActivityManager: 	at android.app.ContextImpl.sendBroadcast(ContextImpl.java:967)
06-12 23:34:10.949  2211  2211 E ActivityManager: 	at com.android.server.policy.PhoneWindowManager.handleOnehandTrigger(PhoneWindowManager.java:1108)
06-12 23:34:10.949  2211  2211 E ActivityManager: 	at com.android.server.policy.PhoneWindowManager.-wrap18(Unknown Source:0)
06-12 23:34:10.949  2211  2211 E ActivityManager: 	at com.android.server.policy.PhoneWindowManager$5.onBarVisibilityChanged(PhoneWindowManager.java:1099)
06-12 23:34:10.949  2211  2211 E ActivityManager: 	at com.android.server.policy.BarController$BarHandler.handleMessage(BarController.java:331)
06-12 23:34:10.949  2211  2211 E ActivityManager: 	at android.os.Handler.dispatchMessage(Handler.java:108)
06-12 23:34:10.949  2211  2211 E ActivityManager: 	at android.os.Looper.loop(Looper.java:206)
06-12 23:34:10.949  2211  2211 E ActivityManager: 	at com.android.server.SystemServer.run(SystemServer.java:503)
06-12 23:34:10.949  2211  2211 E ActivityManager: 	at com.android.server.SystemServer.main(SystemServer.java:322)
06-12 23:34:10.949  2211  2211 E ActivityManager: 	at java.lang.reflect.Method.invoke(Native Method)
06-12 23:34:10.949  2211  2211 E ActivityManager: 	at com.android.internal.os.Zygote$MethodAndArgsCaller.run(Zygote.java:240)
06-12 23:34:10.949  2211  2211 E ActivityManager: 	at com.android.internal.os.ZygoteInit.main(ZygoteInit.java:845)
06-12 23:34:10.954   432   806 I BufferQueueProducer: [NavigationBar#0](this:0x6fdabe2800,id:1287,api:1,p:2489,c:432) queueBuffer: fps=5.05 dur=2573.03 max=2376.82 min=8.20
06-12 23:34:10.971  2211  2211 W AES     : Exception Log handling...
06-12 23:34:10.974  2211  2211 E ActivityManager: Sending non-protected broadcast com.sonymobile.onehandnvbtrigger from system 2211:system/1000 pkg android
06-12 23:34:10.974  2211  2211 E ActivityManager: java.lang.Throwable
06-12 23:34:10.974  2211  2211 E ActivityManager: 	at com.android.server.am.ActivityManagerService.checkBroadcastFromSystem(ActivityManagerService.java:19865)
06-12 23:34:10.974  2211  2211 E ActivityManager: 	at com.android.server.am.ActivityManagerService.broadcastIntentLocked(ActivityManagerService.java:20505)
06-12 23:34:10.974  2211  2211 E ActivityManager: 	at com.android.server.am.ActivityManagerService.broadcastIntent(ActivityManagerService.java:20689)
06-12 23:34:10.974  2211  2211 E ActivityManager: 	at android.app.ContextImpl.sendBroadcast(ContextImpl.java:967)
06-12 23:34:10.974  2211  2211 E ActivityManager: 	at com.android.server.policy.PhoneWindowManager.handleOnehandTrigger(PhoneWindowManager.java:1108)
06-12 23:34:10.974  2211  2211 E ActivityManager: 	at com.android.server.policy.PhoneWindowManager.-wrap18(Unknown Source:0)
06-12 23:34:10.974  2211  2211 E ActivityManager: 	at com.android.server.policy.PhoneWindowManager$5.onBarVisibilityChanged(PhoneWindowManager.java:1099)
06-12 23:34:10.974  2211  2211 E ActivityManager: 	at com.android.server.policy.BarController$BarHandler.handleMessage(BarController.java:331)
06-12 23:34:10.974  2211  2211 E ActivityManager: 	at android.os.Handler.dispatchMessage(Handler.java:108)
06-12 23:34:10.974  2211  2211 E ActivityManager: 	at android.os.Looper.loop(Looper.java:206)
06-12 23:34:10.974  2211  2211 E ActivityManager: 	at com.android.server.SystemServer.run(SystemServer.java:503)
06-12 23:34:10.974  2211  2211 E ActivityManager: 	at com.android.server.SystemServer.main(SystemServer.java:322)
06-12 23:34:10.974  2211  2211 E ActivityManager: 	at java.lang.reflect.Method.invoke(Native Method)
06-12 23:34:10.974  2211  2211 E ActivityManager: 	at com.android.internal.os.Zygote$MethodAndArgsCaller.run(Zygote.java:240)
06-12 23:34:10.974  2211  2211 E ActivityManager: 	at com.android.internal.os.ZygoteInit.main(ZygoteInit.java:845)
06-12 23:34:10.982   422   472 I vendor.mediatek.hardware.power@1.1-impl: mtkPowerHint hint:15, data:0
06-12 23:34:10.986  2211  2211 W AES     : Exception Log handling...
06-12 23:34:11.114  2211  2382 W BatteryService: iddRunnable(mcycs) currentTemperature = 0 , batteryStatus = 2
06-12 23:34:11.115  2211  2382 W ContextImpl: Calling a method in the system process without a qualified user: android.app.ContextImpl.sendBroadcast:963 com.android.server.BatteryService$1.ExecuteThermalCamera:283 com.android.server.BatteryService$1.run:323 android.os.Handler.handleCallback:869 android.os.Handler.dispatchMessage:101 
06-12 23:34:11.135   400   400 I QNS     : QNS: soc=46, v=3940, i=323600, t=250
06-12 23:34:11.135   400   400 I QNS     : QNS: requested charging params: current: 1792, voltage: 4300
06-12 23:34:11.222  1909  1909 W AudioOut_D: type=1400 audit(0.0:327043): avc: denied { read } for name="audio_param" dev="dm-1" ino=802827 scontext=u:r:audioserver:s0 tcontext=u:object_r:mtk_audiohal_data_file:s0 tclass=dir permissive=0
06-12 23:34:11.242   432   432 I DisplayDevice: [Built-in Screen (type:0)] fps:60.638363,dur:1005.96,max:26.16,min:6.76
06-12 23:34:11.322  2211  2220 I zygote64: Background concurrent copying GC freed 108968(5MB) AllocSpace objects, 11(220KB) LOS objects, 16% free, 30MB/36MB, paused 1.477ms total 371.077ms
06-12 23:34:11.411   422   472 I vendor.mediatek.hardware.power@1.1-impl: mtkPowerHint hint:15, data:10000
06-12 23:34:11.454  1745  1745 E libc    : Access denied finding property "hwservicemanager.ready"
06-12 23:34:11.450  1745  1745 W startup-prober: type=1400 audit(0.0:327044): avc: denied { read } for name="u:object_r:hwservicemanager_prop:s0" dev="tmpfs" ino=2357 scontext=u:r:startupprober:s0 tcontext=u:object_r:hwservicemanager_prop:s0 tclass=file permissive=0
06-12 23:34:11.460  1745  1745 E libc    : Access denied finding property "hwservicemanager.ready"
06-12 23:34:11.460   422   472 I vendor.mediatek.hardware.power@1.1-impl: mtkPowerHint hint:15, data:0
06-12 23:34:11.454  1745  1745 W startup-prober: type=1400 audit(0.0:327045): avc: denied { read } for name="u:object_r:hwservicemanager_prop:s0" dev="tmpfs" ino=2357 scontext=u:r:startupprober:s0 tcontext=u:object_r:hwservicemanager_prop:s0 tclass=file permissive=0
06-12 23:34:11.480  2489  2489 I BufferQueue: [unnamed-2489-132](this:0x741ce9d000,id:132,api:0,p:-1,c:-1) BufferQueue core=(2489:com.android.systemui)
06-12 23:34:11.481  2489  2489 I BufferQueueConsumer: [unnamed-2489-132](this:0x741ce9d000,id:132,api:0,p:-1,c:2489) connect(C): consumer=(2489:com.android.systemui) controlledByApp=false
06-12 23:34:11.481  2489  2489 I BufferQueueConsumer: [unnamed-2489-132](this:0x741ce9d000,id:132,api:0,p:-1,c:2489) setConsumerName: unnamed-2489-132
06-12 23:34:11.481  2489  2489 I BufferQueueConsumer: [unnamed-2489-132](this:0x741ce9d000,id:132,api:0,p:-1,c:2489) setDefaultBufferSize: width=656 height=112
06-12 23:34:11.481  2211  9971 I ActivityManager: START u0 {flg=0x10804000 cmp=com.android.systemui/.recents.RecentsActivity} from uid 10085
06-12 23:34:11.483  2489  2719 I BufferQueueProducer: [unnamed-2489-132](this:0x741ce9d000,id:132,api:1,p:2489,c:2489) connect(P): api=1 producer=(2489:com.android.systemui) producerControlledByApp=false
06-12 23:34:11.487   422   472 I vendor.mediatek.hardware.power@1.1-impl: mtkPowerHint hint:11, data:0
06-12 23:34:11.490   422   472 I vendor.mediatek.hardware.power@1.1-impl: mtkPowerHint hint:12, data:0
06-12 23:34:11.494   422   472 I vendor.mediatek.hardware.power@1.1-impl: mtkPowerHint hint:10, data:0
06-12 23:34:11.495   422   472 I vendor.mediatek.hardware.power@1.1-impl: mtkPowerHint hint:11, data:2000
06-12 23:34:11.497   422   444 I libPerfService: 11: legacy set freq: 1638000 -1 2340000 -1
06-12 23:34:11.501   422   444 I libPerfService: 11: legacy set: -1 -1 4 -1
06-12 23:34:11.501   422   472 I vendor.mediatek.hardware.power@1.1-impl: notifyAppState pack:com.android.systemui, act:com.android.systemui.recents.RecentsActivity, pid:2489, state:1
06-12 23:34:11.501   422   444 I powerd  : [powerd_req] POWER_MSG_NOTIFY_STATE
06-12 23:34:11.501   422   444 I libPerfService: [perfNotifyAppState] foreground:com.android.systemui, pid:2489
06-12 23:34:11.502   422   444 I libPerfService: perfUserGetCapability - cmd:7, id:0
06-12 23:34:11.502   422   444 I libPerfService: perfUserGetCapability - value:-1
06-12 23:34:11.503  2489  2719 I BufferQueueProducer: [unnamed-2489-132](this:0x741ce9d000,id:132,api:1,p:2489,c:2489) disconnect(P): api 1
06-12 23:34:11.503  2489  2719 I BufferQueueConsumer: [unnamed-2489-132](this:0x741ce9d000,id:132,api:1,p:-1,c:2489) getReleasedBuffers: returning mask 0xffffffffffffffff
06-12 23:34:11.504  2489  2489 E BufferItemConsumer: [unnamed-2489-132] Failed to release buffer: Unknown error -1 (1)
06-12 23:34:11.504  2489  2489 I BufferQueueConsumer: [unnamed-2489-132](this:0x741ce9d000,id:132,api:1,p:-1,c:-1) disconnect(C)
06-12 23:34:11.507  2730  2730 E MtkPhoneIntfMgrEx: [MtkPhoneIntfMgrEx] isWifiCallingEnabled(1)=false
06-12 23:34:11.508  2489  2489 I BufferQueue: [unnamed-2489-132](this:0x741ce9d000,id:132,api:1,p:-1,c:-1) ~BufferQueueCore
06-12 23:34:11.506  1745  1745 W startup-prober: type=1400 audit(0.0:327046): avc: denied { read } for name="u:object_r:hwservicemanager_prop:s0" dev="tmpfs" ino=2357 scontext=u:r:startupprober:s0 tcontext=u:object_r:hwservicemanager_prop:s0 tclass=file permissive=0
06-12 23:34:11.511  1745  1745 E libc    : Access denied finding property "hwservicemanager.ready"
06-12 23:34:11.512  1745  1745 E libc    : Access denied finding property "hwservicemanager.ready"
06-12 23:34:11.506  1745  1745 W startup-prober: type=1400 audit(0.0:327047): avc: denied { read } for name="u:object_r:hwservicemanager_prop:s0" dev="tmpfs" ino=2357 scontext=u:r:startupprober:s0 tcontext=u:object_r:hwservicemanager_prop:s0 tclass=file permissive=0
06-12 23:34:11.513  1745  1745 E libc    : Access denied finding property "hwservicemanager.ready"
06-12 23:34:11.510  1745  1745 W startup-prober: type=1400 audit(0.0:327048): avc: denied { read } for name="u:object_r:hwservicemanager_prop:s0" dev="tmpfs" ino=2357 scontext=u:r:startupprober:s0 tcontext=u:object_r:hwservicemanager_prop:s0 tclass=file permissive=0
06-12 23:34:11.514  1745  1745 E libc    : Access denied finding property "hwservicemanager.ready"
06-12 23:34:11.510  1745  1745 W startup-prober: type=1400 audit(0.0:327049): avc: denied { read } for name="u:object_r:hwservicemanager_prop:s0" dev="tmpfs" ino=2357 scontext=u:r:startupprober:s0 tcontext=u:object_r:hwservicemanager_prop:s0 tclass=file permissive=0
06-12 23:34:11.541  2211  2211 E wifi_maxtxpower: open failed
06-12 23:34:11.541  2211  2211 E wifi_maxtxpower: init txpower failed
06-12 23:34:11.550  2489  2489 I BufferQueue: [unnamed-2489-133](this:0x741ce9d000,id:133,api:0,p:-1,c:-1) BufferQueue core=(2489:com.android.systemui)
06-12 23:34:11.550  2489  2489 I BufferQueueConsumer: [unnamed-2489-133](this:0x741ce9d000,id:133,api:0,p:-1,c:2489) connect(C): consumer=(2489:com.android.systemui) controlledByApp=false
06-12 23:34:11.550  2489  2489 I BufferQueueConsumer: [unnamed-2489-133](this:0x741ce9d000,id:133,api:0,p:-1,c:2489) setConsumerName: unnamed-2489-133
06-12 23:34:11.550  2489  2489 I BufferQueueConsumer: [unnamed-2489-133](this:0x741ce9d000,id:133,api:0,p:-1,c:2489) setDefaultBufferSize: width=656 height=112
06-12 23:34:11.551  2489  2719 I BufferQueueProducer: [unnamed-2489-133](this:0x741ce9d000,id:133,api:1,p:2489,c:2489) connect(P): api=1 producer=(2489:com.android.systemui) producerControlledByApp=false
06-12 23:34:11.555  2489  2719 I BufferQueueProducer: [unnamed-2489-133](this:0x741ce9d000,id:133,api:1,p:2489,c:2489) disconnect(P): api 1
06-12 23:34:11.555  2489  2719 I BufferQueueConsumer: [unnamed-2489-133](this:0x741ce9d000,id:133,api:1,p:-1,c:2489) getReleasedBuffers: returning mask 0xffffffffffffffff
06-12 23:34:11.555  2489  2489 E BufferItemConsumer: [unnamed-2489-133] Failed to release buffer: Unknown error -1 (1)
06-12 23:34:11.555  2489  2489 I BufferQueueConsumer: [unnamed-2489-133](this:0x741ce9d000,id:133,api:1,p:-1,c:-1) disconnect(C)
06-12 23:34:11.555  2489  2489 I BufferQueue: [unnamed-2489-133](this:0x741ce9d000,id:133,api:1,p:-1,c:-1) ~BufferQueueCore
06-12 23:34:11.557  2211  2501 I WindowManager: Relayout Window{d2beae u0 com.android.systemui/com.android.systemui.recents.RecentsActivity}: oldVis=4 newVis=0 focusMayChange = true
06-12 23:34:11.558   432   432 I BufferQueue: [unnamed-432-1939](this:0x6fd87f4000,id:1939,api:0,p:-1,c:-1) BufferQueue core=(432:/system/bin/surfaceflinger)
06-12 23:34:11.559   432   432 I BufferQueueConsumer: [unnamed-432-1939](this:0x6fd87f4000,id:1939,api:0,p:-1,c:432) connect(C): consumer=(432:/system/bin/surfaceflinger) controlledByApp=false
06-12 23:34:11.559   432   432 I BufferQueueConsumer: [unnamed-432-1939](this:0x6fd87f4000,id:1939,api:0,p:-1,c:432) setConsumerName: unnamed-432-1939
06-12 23:34:11.559   432   432 I BufferQueueConsumer: [com.android.systemui/com.android.systemui.recents.RecentsActivity#0](this:0x6fd87f4000,id:1939,api:0,p:-1,c:432) setConsumerName: com.android.systemui/com.android.systemui.recents.RecentsActivity#0
06-12 23:34:11.559   432   432 I BufferQueueProducer: [](this:0x6fd87f4000,id:1939,api:0,p:-1,c:432) setMaxDequeuedBufferCount: maxDequeuedBuffers = 2
06-12 23:34:11.559   432   432 I BufferQueueConsumer: [com.android.systemui/com.android.systemui.recents.RecentsActivity#0](this:0x6fd87f4000,id:1939,api:0,p:-1,c:432) setDefaultBufferSize: width=720 height=1280
06-12 23:34:11.566   432   490 I BufferQueueProducer: [com.android.systemui/com.android.systemui.recents.RecentsActivity#0](this:0x6fd87f4000,id:1939,api:1,p:2489,c:432) connect(P): api=1 producer=(2489:com.android.systemui) producerControlledByApp=true
06-12 23:34:11.581  1745  1745 W /vendor/bin/startup-prober: Waited for hwservicemanager.ready for a second, waiting another...
06-12 23:34:11.578  1745  1745 W startup-prober: type=1400 audit(0.0:327050): avc: denied { read } for name="u:object_r:hwservicemanager_prop:s0" dev="tmpfs" ino=2357 scontext=u:r:startupprober:s0 tcontext=u:object_r:hwservicemanager_prop:s0 tclass=file permissive=0
06-12 23:34:11.581  1745  1745 E libc    : Access denied finding property "hwservicemanager.ready"
06-12 23:34:11.582  1745  1745 E libc    : Access denied finding property "hwservicemanager.ready"
06-12 23:34:11.578  1745  1745 W startup-prober: type=1400 audit(0.0:327051): avc: denied { read } for name="u:object_r:hwservicemanager_prop:s0" dev="tmpfs" ino=2357 scontext=u:r:startupprober:s0 tcontext=u:object_r:hwservicemanager_prop:s0 tclass=file permissive=0
06-12 23:34:11.588   432   432 I BufferQueue: [unnamed-432-1940](this:0x6fd87f5800,id:1940,api:0,p:-1,c:-1) BufferQueue core=(432:/system/bin/surfaceflinger)
06-12 23:34:11.588   432   432 I BufferQueueConsumer: [unnamed-432-1940](this:0x6fd87f5800,id:1940,api:0,p:-1,c:432) connect(C): consumer=(432:/system/bin/surfaceflinger) controlledByApp=false
06-12 23:34:11.588   432   432 I BufferQueueConsumer: [unnamed-432-1940](this:0x6fd87f5800,id:1940,api:0,p:-1,c:432) setConsumerName: unnamed-432-1940
06-12 23:34:11.588   432   432 I BufferQueueConsumer: [thumbnail anim#0](this:0x6fd87f5800,id:1940,api:0,p:-1,c:432) setConsumerName: thumbnail anim#0
06-12 23:34:11.588   432   432 I BufferQueueProducer: [](this:0x6fd87f5800,id:1940,api:0,p:-1,c:432) setMaxDequeuedBufferCount: maxDequeuedBuffers = 2
06-12 23:34:11.588   432   432 I BufferQueueConsumer: [thumbnail anim#0](this:0x6fd87f5800,id:1940,api:0,p:-1,c:432) setDefaultBufferSize: width=656 height=112
06-12 23:34:11.589   432   490 I BufferQueueProducer: [thumbnail anim#0](this:0x6fd87f5800,id:1940,api:2,p:2211,c:432) connect(P): api=2 producer=(2211:system_server) producerControlledByApp=false
06-12 23:34:11.590   432   490 I BufferQueueProducer: [thumbnail anim#0](this:0x6fd87f5800,id:1940,api:2,p:2211,c:432) disconnect(P): api 2
06-12 23:34:11.590   432   490 I BufferQueueConsumer: [thumbnail anim#0](this:0x6fd87f5800,id:1940,api:2,p:-1,c:432) getReleasedBuffers: returning mask 0xffffffffffffffff
06-12 23:34:11.592   432   806 I BufferQueueProducer: [StatusBar#0](this:0x6fdabe1000,id:28,api:1,p:2489,c:432) queueBuffer: fps=1.43 dur=1396.36 max=755.42 min=640.94
06-12 23:34:11.595  2489  2489 I EmergencyButton: ss.getState()=0 ss.isEmergencyOnly()=false for simId=0
06-12 23:34:11.597  2489  2489 I EmergencyButton: mLocateAtNonSecureView = true
06-12 23:34:11.597  2489  2489 I EmergencyButton: ECC Button is located on Notification Keygaurd and OP do not ask to show. So this is a normal case ,we never show it.
06-12 23:34:11.597  2489  2489 I EmergencyButton: If the button is on NotificationKeyguard and will not show, we should just set it View.GONE to give more space to IndicationText.
06-12 23:34:11.601  2489  2489 I EmergencyButton: ss.getState()=0 ss.isEmergencyOnly()=false for simId=0
06-12 23:34:11.602  2489  2489 I EmergencyButton: mLocateAtNonSecureView = false
06-12 23:34:11.602  2489  2489 I EmergencyButton: show = true --> visible= true, antiTheftLocked=false, mEmergencyButtonExt.showEccInNonSecureUnlock() =false, eccShouldShow=true
06-12 23:34:11.603  2211  2318 I BufferQueue: [unnamed-2211-280](this:0x73f8281800,id:280,api:0,p:-1,c:-1) BufferQueue core=(2211:system_server)
06-12 23:34:11.604  2211  2318 I BufferQueueConsumer: [unnamed-2211-280](this:0x73f8281800,id:280,api:0,p:-1,c:2211) connect(C): consumer=(2211:system_server) controlledByApp=true
06-12 23:34:11.604  2211  2318 I BufferQueueConsumer: [unnamed-2211-280](this:0x73f8281800,id:280,api:0,p:-1,c:2211) setConsumerName: unnamed-2211-280
06-12 23:34:11.606  2211  2318 I BufferQueueProducer: [unnamed-2211-280](this:0x73f8281800,id:280,api:1,p:432,c:2211) connect(P): api=1 producer=(432:/system/bin/surfaceflinger) producerControlledByApp=false
06-12 23:34:11.610   432   432 I SurfaceFlinger: screenshot (com.gene.sandbox/android.app.NativeActivity#0)
06-12 23:34:11.613  2211  2318 I BufferQueueProducer: [unnamed-2211-280](this:0x73f8281800,id:280,api:1,p:432,c:2211) disconnect(P): api 1
06-12 23:34:11.613  2211  2318 I BufferQueueConsumer: [unnamed-2211-280](this:0x73f8281800,id:280,api:1,p:-1,c:2211) getReleasedBuffers: returning mask 0xffffffffffffffff
06-12 23:34:11.616  2211  2318 I BufferQueueConsumer: [unnamed-2211-280](this:0x73f8281800,id:280,api:1,p:-1,c:-1) disconnect(C)
06-12 23:34:11.616  2211  2318 I BufferQueue: [unnamed-2211-280](this:0x73f8281800,id:280,api:1,p:-1,c:-1) ~BufferQueueCore
06-12 23:34:11.618   432   490 I BufferQueueProducer: [com.gene.sandbox/android.app.NativeActivity#0](this:0x6fcdfb5800,id:1938,api:1,p:15879,c:432) queueBuffer: fps=60.04 dur=1015.94 max=34.47 min=4.49
06-12 23:34:11.642   432   432 I BufferQueueProducer: [FrameBufferSurface_0](this:0x6fdabde000,id:0,api:1,p:432,c:432) queueBuffer: fps=3.06 dur=3265.51 max=3114.38 min=16.32
06-12 23:34:11.643   411   692 W hwcomposer: [OVL] (0) No overlay input queue(2)  
06-12 23:34:11.643   411   692 I hwcomposer: [DBQ] (q2:0x78a08e1900) Buffer queue is created with size(3)  
06-12 23:34:11.643   411   692 I hwcomposer: [DBQ] (q2:0x78a08e1900) setConsumerListener  
06-12 23:34:11.643   411   692 I hwcomposer: [DBQ] (q2:0x78a08e1900) Reallocate Slot(0), pool(0 -> 0) size(0 -> 3686400)  
06-12 23:34:11.657   411   692 I hwcomposer: [DBQ] (q2:0x78a08e1900) Reallocate Slot(1), pool(0 -> 0) size(0 -> 3686400)  
06-12 23:34:11.676   411   692 I hwcomposer: [DBQ] (q2:0x78a08e1900) Reallocate Slot(2), pool(0 -> 0) size(0 -> 3686400)  
06-12 23:34:11.770  2211  2232 I Timeline: Timeline: Activity_windows_visible id: ActivityRecord{9d19a50 u0 com.android.systemui/.recents.RecentsActivity t5} time:63626584 diff:283 start:warm|fixed batt:46|2 mw:off|5 mem:1079200|0|61|7|15 cpu:[1638000, 1638000, 1638000, 1638000, 2340000, 2340000, 2340000, 2340000]
06-12 23:34:11.801   432   432 I BufferQueueConsumer: [thumbnail anim#0](this:0x6fd87f5800,id:1940,api:2,p:-1,c:-1) disconnect(C)
06-12 23:34:11.802   432   432 I BufferQueueConsumer: [com.gene.sandbox/android.app.NativeActivity#0](this:0x6fcdfb5800,id:1938,api:1,p:15879,c:-1) disconnect(C)
06-12 23:34:11.802   432  1097 E BufferQueueProducer: [com.gene.sandbox/android.app.NativeActivity#0](this:0x6fcdfb5800,id:1938,api:1,p:15879,c:-1) dequeueBuffer: BufferQueue has been abandoned
06-12 23:34:11.803   432   490 E BufferQueueProducer: [com.gene.sandbox/android.app.NativeActivity#0](this:0x6fcdfb5800,id:1938,api:1,p:15879,c:-1) dequeueBuffer: BufferQueue has been abandoned
06-12 23:34:11.804   432   490 I chatty  : uid=1000(system) Binder:432_2 identical 1 line
06-12 23:34:11.804   432   490 E BufferQueueProducer: [com.gene.sandbox/android.app.NativeActivity#0](this:0x6fcdfb5800,id:1938,api:1,p:15879,c:-1) dequeueBuffer: BufferQueue has been abandoned
06-12 23:34:11.805   432   432 I BufferQueue: [thumbnail anim#0](this:0x6fd87f5800,id:1940,api:2,p:-1,c:-1) ~BufferQueueCore
06-12 23:34:11.805   432   490 E BufferQueueProducer: [com.gene.sandbox/android.app.NativeActivity#0](this:0x6fcdfb5800,id:1938,api:1,p:15879,c:-1) dequeueBuffer: BufferQueue has been abandoned
06-12 23:34:11.806   432   490 I chatty  : uid=1000(system) Binder:432_2 identical 3 lines
06-12 23:34:11.807   432   490 E BufferQueueProducer: [com.gene.sandbox/android.app.NativeActivity#0](this:0x6fcdfb5800,id:1938,api:1,p:15879,c:-1) dequeueBuffer: BufferQueue has been abandoned
06-12 23:34:11.807   411   692 I hwcomposer: [OVL] (0) Overlay input(2) was used with queue previously  
06-12 23:34:11.807   411   692 I hwcomposer: [DBQ] (q2:0x78a08e1900) Buffer queue is destroyed  
06-12 23:34:11.807   432   490 E BufferQueueProducer: [com.gene.sandbox/android.app.NativeActivity#0](this:0x6fcdfb5800,id:1938,api:1,p:15879,c:-1) dequeueBuffer: BufferQueue has been abandoned
06-12 23:34:11.807   411   692 I hwcomposer: [DBQ] (q2:0x78a08e1900) Free Slot(0), handle=0x78a08567e0, 3686400 -> 0  
06-12 23:34:11.807   411   692 I hwcomposer: [DBQ] (q2:0x78a08e1900) Free Slot(1), handle=0x78a0856620, 3686400 -> 0  
06-12 23:34:11.807   411   692 I hwcomposer: [DBQ] (q2:0x78a08e1900) Free Slot(2), handle=0x78a0856540, 3686400 -> 0  
06-12 23:34:11.807   432   490 E BufferQueueProducer: [com.gene.sandbox/android.app.NativeActivity#0](this:0x6fcdfb5800,id:1938,api:1,p:15879,c:-1) dequeueBuffer: BufferQueue has been abandoned
06-12 23:34:11.810   432   490 I chatty  : uid=1000(system) Binder:432_2 identical 2 lines
06-12 23:34:11.811   432   490 E BufferQueueProducer: [com.gene.sandbox/android.app.NativeActivity#0](this:0x6fcdfb5800,id:1938,api:1,p:15879,c:-1) dequeueBuffer: BufferQueue has been abandoned
06-12 23:34:11.811   432  1097 E BufferQueueProducer: [com.gene.sandbox/android.app.NativeActivity#0](this:0x6fcdfb5800,id:1938,api:1,p:15879,c:-1) dequeueBuffer: BufferQueue has been abandoned
06-12 23:34:11.812   432   490 E BufferQueueProducer: [com.gene.sandbox/android.app.NativeActivity#0](this:0x6fcdfb5800,id:1938,api:1,p:15879,c:-1) dequeueBuffer: BufferQueue has been abandoned
06-12 23:34:11.817   432   490 I chatty  : uid=1000(system) Binder:432_2 identical 12 lines
06-12 23:34:11.818   432   490 E BufferQueueProducer: [com.gene.sandbox/android.app.NativeActivity#0](this:0x6fcdfb5800,id:1938,api:1,p:15879,c:-1) dequeueBuffer: BufferQueue has been abandoned
06-12 23:34:11.819   432   806 E BufferQueueProducer: [com.gene.sandbox/android.app.NativeActivity#0](this:0x6fcdfb5800,id:1938,api:1,p:15879,c:-1) dequeueBuffer: BufferQueue has been abandoned
06-12 23:34:11.820   432  1097 E BufferQueueProducer: [com.gene.sandbox/android.app.NativeActivity#0](this:0x6fcdfb5800,id:1938,api:1,p:15879,c:-1) dequeueBuffer: BufferQueue has been abandoned
06-12 23:34:11.820   432  1097 E BufferQueueProducer: [com.gene.sandbox/android.app.NativeActivity#0](this:0x6fcdfb5800,id:1938,api:1,p:15879,c:-1) dequeueBuffer: BufferQueue has been abandoned
06-12 23:34:11.821   432   490 E BufferQueueProducer: [com.gene.sandbox/android.app.NativeActivity#0](this:0x6fcdfb5800,id:1938,api:1,p:15879,c:-1) dequeueBuffer: BufferQueue has been abandoned
06-12 23:34:11.822   432   490 I chatty  : uid=1000(system) Binder:432_2 identical 3 lines
06-12 23:34:11.823   432   490 E BufferQueueProducer: [com.gene.sandbox/android.app.NativeActivity#0](this:0x6fcdfb5800,id:1938,api:1,p:15879,c:-1) dequeueBuffer: BufferQueue has been abandoned
06-12 23:34:11.824   432  1097 E BufferQueueProducer: [com.gene.sandbox/android.app.NativeActivity#0](this:0x6fcdfb5800,id:1938,api:1,p:15879,c:-1) dequeueBuffer: BufferQueue has been abandoned
06-12 23:34:11.824   432   490 E BufferQueueProducer: [com.gene.sandbox/android.app.NativeActivity#0](this:0x6fcdfb5800,id:1938,api:1,p:15879,c:-1) dequeueBuffer: BufferQueue has been abandoned
06-12 23:34:11.834   432   490 I chatty  : uid=1000(system) Binder:432_2 identical 22 lines
06-12 23:34:11.834   432   490 E BufferQueueProducer: [com.gene.sandbox/android.app.NativeActivity#0](this:0x6fcdfb5800,id:1938,api:1,p:15879,c:-1) dequeueBuffer: BufferQueue has been abandoned
06-12 23:34:11.835   432  1097 E BufferQueueProducer: [com.gene.sandbox/android.app.NativeActivity#0](this:0x6fcdfb5800,id:1938,api:1,p:15879,c:-1) dequeueBuffer: BufferQueue has been abandoned
06-12 23:34:11.835   432   806 E BufferQueueProducer: [com.gene.sandbox/android.app.NativeActivity#0](this:0x6fcdfb5800,id:1938,api:1,p:15879,c:-1) dequeueBuffer: BufferQueue has been abandoned
06-12 23:34:11.838   432   806 I chatty  : uid=1000(system) Binder:432_3 identical 4 lines
06-12 23:34:11.838   432   806 E BufferQueueProducer: [com.gene.sandbox/android.app.NativeActivity#0](this:0x6fcdfb5800,id:1938,api:1,p:15879,c:-1) dequeueBuffer: BufferQueue has been abandoned
06-12 23:34:11.839   432   490 E BufferQueueProducer: [com.gene.sandbox/android.app.NativeActivity#0](this:0x6fcdfb5800,id:1938,api:1,p:15879,c:-1) dequeueBuffer: BufferQueue has been abandoned
06-12 23:34:11.842   432   490 I chatty  : uid=1000(system) Binder:432_2 identical 6 lines
06-12 23:34:11.842   432   490 E BufferQueueProducer: [com.gene.sandbox/android.app.NativeActivity#0](this:0x6fcdfb5800,id:1938,api:1,p:15879,c:-1) dequeueBuffer: BufferQueue has been abandoned
06-12 23:34:11.843   432   806 E BufferQueueProducer: [com.gene.sandbox/android.app.NativeActivity#0](this:0x6fcdfb5800,id:1938,api:1,p:15879,c:-1) dequeueBuffer: BufferQueue has been abandoned
06-12 23:34:11.844   432   490 E BufferQueueProducer: [com.gene.sandbox/android.app.NativeActivity#0](this:0x6fcdfb5800,id:1938,api:1,p:15879,c:-1) dequeueBuffer: BufferQueue has been abandoned
06-12 23:34:11.846   432   490 I chatty  : uid=1000(system) Binder:432_2 identical 4 lines
06-12 23:34:11.846   432   490 E BufferQueueProducer: [com.gene.sandbox/android.app.NativeActivity#0](this:0x6fcdfb5800,id:1938,api:1,p:15879,c:-1) dequeueBuffer: BufferQueue has been abandoned
06-12 23:34:11.847   432   806 E BufferQueueProducer: [com.gene.sandbox/android.app.NativeActivity#0](this:0x6fcdfb5800,id:1938,api:1,p:15879,c:-1) dequeueBuffer: BufferQueue has been abandoned
06-12 23:34:11.850   432   806 I chatty  : uid=1000(system) Binder:432_3 identical 9 lines
06-12 23:34:11.851   432   806 E BufferQueueProducer: [com.gene.sandbox/android.app.NativeActivity#0](this:0x6fcdfb5800,id:1938,api:1,p:15879,c:-1) dequeueBuffer: BufferQueue has been abandoned
06-12 23:34:11.852   432   490 E BufferQueueProducer: [com.gene.sandbox/android.app.NativeActivity#0](this:0x6fcdfb5800,id:1938,api:1,p:15879,c:-1) dequeueBuffer: BufferQueue has been abandoned
06-12 23:34:11.852   432   490 I chatty  : uid=1000(system) Binder:432_2 identical 1 line
06-12 23:34:11.853   432   490 E BufferQueueProducer: [com.gene.sandbox/android.app.NativeActivity#0](this:0x6fcdfb5800,id:1938,api:1,p:15879,c:-1) dequeueBuffer: BufferQueue has been abandoned
06-12 23:34:11.853   432   806 E BufferQueueProducer: [com.gene.sandbox/android.app.NativeActivity#0](this:0x6fcdfb5800,id:1938,api:1,p:15879,c:-1) dequeueBuffer: BufferQueue has been abandoned
06-12 23:34:11.855   432   806 I chatty  : uid=1000(system) Binder:432_3 identical 3 lines
06-12 23:34:11.855   432   806 E BufferQueueProducer: [com.gene.sandbox/android.app.NativeActivity#0](this:0x6fcdfb5800,id:1938,api:1,p:15879,c:-1) dequeueBuffer: BufferQueue has been abandoned
06-12 23:34:11.856   432   490 E BufferQueueProducer: [com.gene.sandbox/android.app.NativeActivity#0](this:0x6fcdfb5800,id:1938,api:1,p:15879,c:-1) dequeueBuffer: BufferQueue has been abandoned
06-12 23:34:11.869   432   490 I chatty  : uid=1000(system) Binder:432_2 identical 31 lines
06-12 23:34:11.870   432   490 E BufferQueueProducer: [com.gene.sandbox/android.app.NativeActivity#0](this:0x6fcdfb5800,id:1938,api:1,p:15879,c:-1) dequeueBuffer: BufferQueue has been abandoned
06-12 23:34:11.870   432   806 E BufferQueueProducer: [com.gene.sandbox/android.app.NativeActivity#0](this:0x6fcdfb5800,id:1938,api:1,p:15879,c:-1) dequeueBuffer: BufferQueue has been abandoned
06-12 23:34:11.871   432   490 E BufferQueueProducer: [com.gene.sandbox/android.app.NativeActivity#0](this:0x6fcdfb5800,id:1938,api:1,p:15879,c:-1) dequeueBuffer: BufferQueue has been abandoned
06-12 23:34:11.872   432   806 E BufferQueueProducer: [com.gene.sandbox/android.app.NativeActivity#0](this:0x6fcdfb5800,id:1938,api:1,p:15879,c:-1) dequeueBuffer: BufferQueue has been abandoned
06-12 23:34:11.883   432   806 I chatty  : uid=1000(system) Binder:432_3 identical 24 lines
06-12 23:34:11.884   432   806 E BufferQueueProducer: [com.gene.sandbox/android.app.NativeActivity#0](this:0x6fcdfb5800,id:1938,api:1,p:15879,c:-1) dequeueBuffer: BufferQueue has been abandoned
06-12 23:34:11.885   432   490 E BufferQueueProducer: [com.gene.sandbox/android.app.NativeActivity#0](this:0x6fcdfb5800,id:1938,api:1,p:15879,c:-1) dequeueBuffer: BufferQueue has been abandoned
06-12 23:34:11.888   432   490 I chatty  : uid=1000(system) Binder:432_2 identical 7 lines
06-12 23:34:11.888   432   490 E BufferQueueProducer: [com.gene.sandbox/android.app.NativeActivity#0](this:0x6fcdfb5800,id:1938,api:1,p:15879,c:-1) dequeueBuffer: BufferQueue has been abandoned
06-12 23:34:11.889   432  1097 E BufferQueueProducer: [com.gene.sandbox/android.app.NativeActivity#0](this:0x6fcdfb5800,id:1938,api:1,p:15879,c:-1) dequeueBuffer: BufferQueue has been abandoned
06-12 23:34:11.899   432  1097 I chatty  : uid=1000(system) Binder:432_4 identical 27 lines
06-12 23:34:11.900   432  1097 E BufferQueueProducer: [com.gene.sandbox/android.app.NativeActivity#0](this:0x6fcdfb5800,id:1938,api:1,p:15879,c:-1) dequeueBuffer: BufferQueue has been abandoned
06-12 23:34:11.901   432   490 E BufferQueueProducer: [com.gene.sandbox/android.app.NativeActivity#0](this:0x6fcdfb5800,id:1938,api:1,p:15879,c:-1) dequeueBuffer: BufferQueue has been abandoned
06-12 23:34:11.902   432   806 E BufferQueueProducer: [com.gene.sandbox/android.app.NativeActivity#0](this:0x6fcdfb5800,id:1938,api:1,p:15879,c:-1) dequeueBuffer: BufferQueue has been abandoned
06-12 23:34:11.902   432  1097 E BufferQueueProducer: [com.gene.sandbox/android.app.NativeActivity#0](this:0x6fcdfb5800,id:1938,api:1,p:15879,c:-1) dequeueBuffer: BufferQueue has been abandoned
06-12 23:34:11.917   432  1097 I chatty  : uid=1000(system) Binder:432_4 identical 34 lines
06-12 23:34:11.918   432  1097 E BufferQueueProducer: [com.gene.sandbox/android.app.NativeActivity#0](this:0x6fcdfb5800,id:1938,api:1,p:15879,c:-1) dequeueBuffer: BufferQueue has been abandoned
06-12 23:34:11.919   432   806 E BufferQueueProducer: [com.gene.sandbox/android.app.NativeActivity#0](this:0x6fcdfb5800,id:1938,api:1,p:15879,c:-1) dequeueBuffer: BufferQueue has been abandoned
06-12 23:34:11.920   432   806 I chatty  : uid=1000(system) Binder:432_3 identical 2 lines
06-12 23:34:11.920   432   806 E BufferQueueProducer: [com.gene.sandbox/android.app.NativeActivity#0](this:0x6fcdfb5800,id:1938,api:1,p:15879,c:-1) dequeueBuffer: BufferQueue has been abandoned
06-12 23:34:11.921   432  1097 E BufferQueueProducer: [com.gene.sandbox/android.app.NativeActivity#0](this:0x6fcdfb5800,id:1938,api:1,p:15879,c:-1) dequeueBuffer: BufferQueue has been abandoned
06-12 23:34:11.921   432   806 E BufferQueueProducer: [com.gene.sandbox/android.app.NativeActivity#0](this:0x6fcdfb5800,id:1938,api:1,p:15879,c:-1) dequeueBuffer: BufferQueue has been abandoned
06-12 23:34:11.922   432  1097 E BufferQueueProducer: [com.gene.sandbox/android.app.NativeActivity#0](this:0x6fcdfb5800,id:1938,api:1,p:15879,c:-1) dequeueBuffer: BufferQueue has been abandoned
06-12 23:34:11.923   432  1097 I chatty  : uid=1000(system) Binder:432_4 identical 2 lines
06-12 23:34:11.923   432  1097 E BufferQueueProducer: [com.gene.sandbox/android.app.NativeActivity#0](this:0x6fcdfb5800,id:1938,api:1,p:15879,c:-1) dequeueBuffer: BufferQueue has been abandoned
06-12 23:34:11.924   432   806 E BufferQueueProducer: [com.gene.sandbox/android.app.NativeActivity#0](this:0x6fcdfb5800,id:1938,api:1,p:15879,c:-1) dequeueBuffer: BufferQueue has been abandoned
06-12 23:34:11.933   432   806 I chatty  : uid=1000(system) Binder:432_3 identical 23 lines
06-12 23:34:11.933   432   806 E BufferQueueProducer: [com.gene.sandbox/android.app.NativeActivity#0](this:0x6fcdfb5800,id:1938,api:1,p:15879,c:-1) dequeueBuffer: BufferQueue has been abandoned
06-12 23:34:11.934   432   490 E BufferQueueProducer: [com.gene.sandbox/android.app.NativeActivity#0](this:0x6fcdfb5800,id:1938,api:1,p:15879,c:-1) dequeueBuffer: BufferQueue has been abandoned
06-12 23:34:11.935   432   806 E BufferQueueProducer: [com.gene.sandbox/android.app.NativeActivity#0](this:0x6fcdfb5800,id:1938,api:1,p:15879,c:-1) dequeueBuffer: BufferQueue has been abandoned
06-12 23:34:11.937   432   806 I chatty  : uid=1000(system) Binder:432_3 identical 5 lines
06-12 23:34:11.938   432   806 E BufferQueueProducer: [com.gene.sandbox/android.app.NativeActivity#0](this:0x6fcdfb5800,id:1938,api:1,p:15879,c:-1) dequeueBuffer: BufferQueue has been abandoned
06-12 23:34:11.938   432   490 E BufferQueueProducer: [com.gene.sandbox/android.app.NativeActivity#0](this:0x6fcdfb5800,id:1938,api:1,p:15879,c:-1) dequeueBuffer: BufferQueue has been abandoned
06-12 23:34:11.949   432   490 I chatty  : uid=1000(system) Binder:432_2 identical 27 lines
06-12 23:34:11.949   432   490 E BufferQueueProducer: [com.gene.sandbox/android.app.NativeActivity#0](this:0x6fcdfb5800,id:1938,api:1,p:15879,c:-1) dequeueBuffer: BufferQueue has been abandoned
06-12 23:34:11.951   432   806 E BufferQueueProducer: [com.gene.sandbox/android.app.NativeActivity#0](this:0x6fcdfb5800,id:1938,api:1,p:15879,c:-1) dequeueBuffer: BufferQueue has been abandoned
06-12 23:34:11.953   432   806 I chatty  : uid=1000(system) Binder:432_3 identical 4 lines
06-12 23:34:11.954   432   806 E BufferQueueProducer: [com.gene.sandbox/android.app.NativeActivity#0](this:0x6fcdfb5800,id:1938,api:1,p:15879,c:-1) dequeueBuffer: BufferQueue has been abandoned
06-12 23:34:11.954   432   490 E BufferQueueProducer: [com.gene.sandbox/android.app.NativeActivity#0](this:0x6fcdfb5800,id:1938,api:1,p:15879,c:-1) dequeueBuffer: BufferQueue has been abandoned
06-12 23:34:11.955   432   490 E BufferQueueProducer: [com.gene.sandbox/android.app.NativeActivity#0](this:0x6fcdfb5800,id:1938,api:1,p:15879,c:-1) dequeueBuffer: BufferQueue has been abandoned
06-12 23:34:11.955   432   806 E BufferQueueProducer: [com.gene.sandbox/android.app.NativeActivity#0](this:0x6fcdfb5800,id:1938,api:1,p:15879,c:-1) dequeueBuffer: BufferQueue has been abandoned
06-12 23:34:11.956   432   806 I chatty  : uid=1000(system) Binder:432_3 identical 2 lines
06-12 23:34:11.956   432   806 E BufferQueueProducer: [com.gene.sandbox/android.app.NativeActivity#0](this:0x6fcdfb5800,id:1938,api:1,p:15879,c:-1) dequeueBuffer: BufferQueue has been abandoned
06-12 23:34:11.957   432   806 I BufferQueueProducer: [NavigationBar#0](this:0x6fdabe2800,id:1287,api:1,p:2489,c:432) queueBuffer: fps=28.93 dur=1002.27 max=472.49 min=7.62
06-12 23:34:11.957   432   806 E BufferQueueProducer: [com.gene.sandbox/android.app.NativeActivity#0](this:0x6fcdfb5800,id:1938,api:1,p:15879,c:-1) dequeueBuffer: BufferQueue has been abandoned
06-12 23:34:11.966   432   806 I chatty  : uid=1000(system) Binder:432_3 identical 24 lines
06-12 23:34:11.966   432   806 E BufferQueueProducer: [com.gene.sandbox/android.app.NativeActivity#0](this:0x6fcdfb5800,id:1938,api:1,p:15879,c:-1) dequeueBuffer: BufferQueue has been abandoned
06-12 23:34:11.967   432   490 E BufferQueueProducer: [com.gene.sandbox/android.app.NativeActivity#0](this:0x6fcdfb5800,id:1938,api:1,p:15879,c:-1) dequeueBuffer: BufferQueue has been abandoned
06-12 23:34:11.968   432   806 E BufferQueueProducer: [com.gene.sandbox/android.app.NativeActivity#0](this:0x6fcdfb5800,id:1938,api:1,p:15879,c:-1) dequeueBuffer: BufferQueue has been abandoned
06-12 23:34:11.970   432   806 I chatty  : uid=1000(system) Binder:432_3 identical 1 line
06-12 23:34:11.970   432   806 E BufferQueueProducer: [com.gene.sandbox/android.app.NativeActivity#0](this:0x6fcdfb5800,id:1938,api:1,p:15879,c:-1) dequeueBuffer: BufferQueue has been abandoned
06-12 23:34:11.971   432   490 E BufferQueueProducer: [com.gene.sandbox/android.app.NativeActivity#0](this:0x6fcdfb5800,id:1938,api:1,p:15879,c:-1) dequeueBuffer: BufferQueue has been abandoned
06-12 23:34:11.972   432   490 I chatty  : uid=1000(system) Binder:432_2 identical 3 lines
06-12 23:34:11.973   432   490 E BufferQueueProducer: [com.gene.sandbox/android.app.NativeActivity#0](this:0x6fcdfb5800,id:1938,api:1,p:15879,c:-1) dequeueBuffer: BufferQueue has been abandoned
06-12 23:34:11.973   432   806 E BufferQueueProducer: [com.gene.sandbox/android.app.NativeActivity#0](this:0x6fcdfb5800,id:1938,api:1,p:15879,c:-1) dequeueBuffer: BufferQueue has been abandoned
06-12 23:34:12.002   432   806 I chatty  : uid=1000(system) Binder:432_3 identical 67 lines
06-12 23:34:12.002   432   806 E BufferQueueProducer: [com.gene.sandbox/android.app.NativeActivity#0](this:0x6fcdfb5800,id:1938,api:1,p:15879,c:-1) dequeueBuffer: BufferQueue has been abandoned
06-12 23:34:12.003   432  1097 E BufferQueueProducer: [com.gene.sandbox/android.app.NativeActivity#0](this:0x6fcdfb5800,id:1938,api:1,p:15879,c:-1) dequeueBuffer: BufferQueue has been abandoned
06-12 23:34:12.012   432  1097 I chatty  : uid=1000(system) Binder:432_4 identical 17 lines
06-12 23:34:12.012   432  1097 E BufferQueueProducer: [com.gene.sandbox/android.app.NativeActivity#0](this:0x6fcdfb5800,id:1938,api:1,p:15879,c:-1) dequeueBuffer: BufferQueue has been abandoned
06-12 23:34:12.013   422   445 I vendor.mediatek.hardware.power@1.1-impl: querySysInfo cmd:6, param:0
06-12 23:34:12.013   432  1097 E BufferQueueProducer: [com.gene.sandbox/android.app.NativeActivity#0](this:0x6fcdfb5800,id:1938,api:1,p:15879,c:-1) dequeueBuffer: BufferQueue has been abandoned
06-12 23:34:12.013   432  1097 E BufferQueueProducer: [com.gene.sandbox/android.app.NativeActivity#0](this:0x6fcdfb5800,id:1938,api:1,p:15879,c:-1) dequeueBuffer: BufferQueue has been abandoned
06-12 23:34:12.013   422   444 I powerd  : [powerd_req] POWER_MSG_QUERY_INFO
06-12 23:34:12.013   422   444 I powerd  : [powerd_req] POWER_MSG_QUERY_INFO: cmd:6, param:0
06-12 23:34:12.013   422   444 I libPerfService: perfUserGetCapability - cmd:6, id:0
06-12 23:34:12.013   422   444 I libPerfService: perfUserGetCapability - value:2489
06-12 23:34:12.014   432  1097 E BufferQueueProducer: [com.gene.sandbox/android.app.NativeActivity#0](this:0x6fcdfb5800,id:1938,api:1,p:15879,c:-1) dequeueBuffer: BufferQueue has been abandoned
06-12 23:34:12.018   432  1097 I chatty  : uid=1000(system) Binder:432_4 identical 6 lines
06-12 23:34:12.019   432  1097 E BufferQueueProducer: [com.gene.sandbox/android.app.NativeActivity#0](this:0x6fcdfb5800,id:1938,api:1,p:15879,c:-1) dequeueBuffer: BufferQueue has been abandoned
06-12 23:34:12.020   432   806 E BufferQueueProducer: [com.gene.sandbox/android.app.NativeActivity#0](this:0x6fcdfb5800,id:1938,api:1,p:15879,c:-1) dequeueBuffer: BufferQueue has been abandoned
06-12 23:34:12.022   432   806 I chatty  : uid=1000(system) Binder:432_3 identical 3 lines
06-12 23:34:12.022   432   806 E BufferQueueProducer: [com.gene.sandbox/android.app.NativeActivity#0](this:0x6fcdfb5800,id:1938,api:1,p:15879,c:-1) dequeueBuffer: BufferQueue has been abandoned
06-12 23:34:12.023  2211  2841 E WifiScanner: listener cannot be found
06-12 23:34:12.023   432   806 E BufferQueueProducer: [com.gene.sandbox/android.app.NativeActivity#0](this:0x6fcdfb5800,id:1938,api:1,p:15879,c:-1) dequeueBuffer: BufferQueue has been abandoned
06-12 23:34:12.026   432   806 I chatty  : uid=1000(system) Binder:432_3 identical 3 lines
06-12 23:34:12.027   432   806 E BufferQueueProducer: [com.gene.sandbox/android.app.NativeActivity#0](this:0x6fcdfb5800,id:1938,api:1,p:15879,c:-1) dequeueBuffer: BufferQueue has been abandoned
06-12 23:34:12.028  1618  1628 I GasService: GAS loop :com.android.systemui, pid:2489.
06-12 23:34:12.028   432   806 E BufferQueueProducer: [com.gene.sandbox/android.app.NativeActivity#0](this:0x6fcdfb5800,id:1938,api:1,p:15879,c:-1) dequeueBuffer: BufferQueue has been abandoned
06-12 23:34:12.031   432   806 I chatty  : uid=1000(system) Binder:432_3 identical 3 lines
06-12 23:34:12.032   432   806 E BufferQueueProducer: [com.gene.sandbox/android.app.NativeActivity#0](this:0x6fcdfb5800,id:1938,api:1,p:15879,c:-1) dequeueBuffer: BufferQueue has been abandoned
06-12 23:34:12.033   432  1097 E BufferQueueProducer: [com.gene.sandbox/android.app.NativeActivity#0](this:0x6fcdfb5800,id:1938,api:1,p:15879,c:-1) dequeueBuffer: BufferQueue has been abandoned
06-12 23:34:12.035   432  1097 I chatty  : uid=1000(system) Binder:432_4 identical 3 lines
06-12 23:34:12.035   432  1097 E BufferQueueProducer: [com.gene.sandbox/android.app.NativeActivity#0](this:0x6fcdfb5800,id:1938,api:1,p:15879,c:-1) dequeueBuffer: BufferQueue has been abandoned
06-12 23:34:12.036   432   806 E BufferQueueProducer: [com.gene.sandbox/android.app.NativeActivity#0](this:0x6fcdfb5800,id:1938,api:1,p:15879,c:-1) dequeueBuffer: BufferQueue has been abandoned
06-12 23:34:12.051   432   806 I chatty  : uid=1000(system) Binder:432_3 identical 28 lines
06-12 23:34:12.052   432   806 E BufferQueueProducer: [com.gene.sandbox/android.app.NativeActivity#0](this:0x6fcdfb5800,id:1938,api:1,p:15879,c:-1) dequeueBuffer: BufferQueue has been abandoned
06-12 23:34:12.052   432  1097 E BufferQueueProducer: [com.gene.sandbox/android.app.NativeActivity#0](this:0x6fcdfb5800,id:1938,api:1,p:15879,c:-1) dequeueBuffer: BufferQueue has been abandoned
06-12 23:34:12.065   432  1097 I chatty  : uid=1000(system) Binder:432_4 identical 19 lines
06-12 23:34:12.065   432  1097 E BufferQueueProducer: [com.gene.sandbox/android.app.NativeActivity#0](this:0x6fcdfb5800,id:1938,api:1,p:15879,c:-1) dequeueBuffer: BufferQueue has been abandoned
06-12 23:34:12.066   432   806 E BufferQueueProducer: [com.gene.sandbox/android.app.NativeActivity#0](this:0x6fcdfb5800,id:1938,api:1,p:15879,c:-1) dequeueBuffer: BufferQueue has been abandoned
06-12 23:34:12.067   432   806 I chatty  : uid=1000(system) Binder:432_3 identical 1 line
06-12 23:34:12.068   432   806 E BufferQueueProducer: [com.gene.sandbox/android.app.NativeActivity#0](this:0x6fcdfb5800,id:1938,api:1,p:15879,c:-1) dequeueBuffer: BufferQueue has been abandoned
06-12 23:34:12.068   432  1097 E BufferQueueProducer: [com.gene.sandbox/android.app.NativeActivity#0](this:0x6fcdfb5800,id:1938,api:1,p:15879,c:-1) dequeueBuffer: BufferQueue has been abandoned
06-12 23:34:12.080   432  1097 I chatty  : uid=1000(system) Binder:432_4 identical 20 lines
06-12 23:34:12.081   432  1097 E BufferQueueProducer: [com.gene.sandbox/android.app.NativeActivity#0](this:0x6fcdfb5800,id:1938,api:1,p:15879,c:-1) dequeueBuffer: BufferQueue has been abandoned
06-12 23:34:12.081   432   806 E BufferQueueProducer: [com.gene.sandbox/android.app.NativeActivity#0](this:0x6fcdfb5800,id:1938,api:1,p:15879,c:-1) dequeueBuffer: BufferQueue has been abandoned
06-12 23:34:12.082   432  1097 E BufferQueueProducer: [com.gene.sandbox/android.app.NativeActivity#0](this:0x6fcdfb5800,id:1938,api:1,p:15879,c:-1) dequeueBuffer: BufferQueue has been abandoned
06-12 23:34:12.084   432  1097 I chatty  : uid=1000(system) Binder:432_4 identical 3 lines
06-12 23:34:12.085   432  1097 E BufferQueueProducer: [com.gene.sandbox/android.app.NativeActivity#0](this:0x6fcdfb5800,id:1938,api:1,p:15879,c:-1) dequeueBuffer: BufferQueue has been abandoned
06-12 23:34:12.086   432   806 E BufferQueueProducer: [com.gene.sandbox/android.app.NativeActivity#0](this:0x6fcdfb5800,id:1938,api:1,p:15879,c:-1) dequeueBuffer: BufferQueue has been abandoned
06-12 23:34:12.097   432   806 I chatty  : uid=1000(system) Binder:432_3 identical 26 lines
06-12 23:34:12.098   432   806 E BufferQueueProducer: [com.gene.sandbox/android.app.NativeActivity#0](this:0x6fcdfb5800,id:1938,api:1,p:15879,c:-1) dequeueBuffer: BufferQueue has been abandoned
06-12 23:34:12.099   432  1097 E BufferQueueProducer: [com.gene.sandbox/android.app.NativeActivity#0](this:0x6fcdfb5800,id:1938,api:1,p:15879,c:-1) dequeueBuffer: BufferQueue has been abandoned
06-12 23:34:12.100   432  1097 I chatty  : uid=1000(system) Binder:432_4 identical 2 lines
06-12 23:34:12.101   432  1097 E BufferQueueProducer: [com.gene.sandbox/android.app.NativeActivity#0](this:0x6fcdfb5800,id:1938,api:1,p:15879,c:-1) dequeueBuffer: BufferQueue has been abandoned
06-12 23:34:12.102   432   806 E BufferQueueProducer: [com.gene.sandbox/android.app.NativeActivity#0](this:0x6fcdfb5800,id:1938,api:1,p:15879,c:-1) dequeueBuffer: BufferQueue has been abandoned
06-12 23:34:12.133   432   806 I chatty  : uid=1000(system) Binder:432_3 identical 73 lines
06-12 23:34:12.134   432   806 E BufferQueueProducer: [com.gene.sandbox/android.app.NativeActivity#0](this:0x6fcdfb5800,id:1938,api:1,p:15879,c:-1) dequeueBuffer: BufferQueue has been abandoned
06-12 23:34:12.134   432  1097 E BufferQueueProducer: [com.gene.sandbox/android.app.NativeActivity#0](this:0x6fcdfb5800,id:1938,api:1,p:15879,c:-1) dequeueBuffer: BufferQueue has been abandoned
06-12 23:34:12.147   432  1097 I chatty  : uid=1000(system) Binder:432_4 identical 32 lines
06-12 23:34:12.148   432  1097 E BufferQueueProducer: [com.gene.sandbox/android.app.NativeActivity#0](this:0x6fcdfb5800,id:1938,api:1,p:15879,c:-1) dequeueBuffer: BufferQueue has been abandoned
06-12 23:34:12.148   432   806 E BufferQueueProducer: [com.gene.sandbox/android.app.NativeActivity#0](this:0x6fcdfb5800,id:1938,api:1,p:15879,c:-1) dequeueBuffer: BufferQueue has been abandoned
06-12 23:34:12.150   432   806 I chatty  : uid=1000(system) Binder:432_3 identical 3 lines
06-12 23:34:12.151   432   806 E BufferQueueProducer: [com.gene.sandbox/android.app.NativeActivity#0](this:0x6fcdfb5800,id:1938,api:1,p:15879,c:-1) dequeueBuffer: BufferQueue has been abandoned
06-12 23:34:12.151   432  1097 E BufferQueueProducer: [com.gene.sandbox/android.app.NativeActivity#0](this:0x6fcdfb5800,id:1938,api:1,p:15879,c:-1) dequeueBuffer: BufferQueue has been abandoned
06-12 23:34:12.163   432  1097 I chatty  : uid=1000(system) Binder:432_4 identical 28 lines
